Archive member included to satisfy reference by file (symbol)

D:/CLion_Tools/arm-none-eabi/13.3 rel1/bin/../lib/gcc/arm-none-eabi/13.3.1/thumb/v7-m/nofp\libg.a(libc_a-atoi.o)
                              CMakeFiles/myCAR111.elf.dir/Core/Src/main.c.obj (atoi)
D:/CLion_Tools/arm-none-eabi/13.3 rel1/bin/../lib/gcc/arm-none-eabi/13.3.1/thumb/v7-m/nofp\libg.a(libc_a-exit.o)
                              D:/CLion_Tools/arm-none-eabi/13.3 rel1/bin/../lib/gcc/arm-none-eabi/13.3.1/thumb/v7-m/nofp/crt0.o (exit)
D:/CLion_Tools/arm-none-eabi/13.3 rel1/bin/../lib/gcc/arm-none-eabi/13.3.1/thumb/v7-m/nofp\libg.a(libc_a-strtol.o)
                              D:/CLion_Tools/arm-none-eabi/13.3 rel1/bin/../lib/gcc/arm-none-eabi/13.3.1/thumb/v7-m/nofp\libg.a(libc_a-atoi.o) (_strtol_r)
D:/CLion_Tools/arm-none-eabi/13.3 rel1/bin/../lib/gcc/arm-none-eabi/13.3.1/thumb/v7-m/nofp\libg.a(libc_a-ctype_.o)
                              D:/CLion_Tools/arm-none-eabi/13.3 rel1/bin/../lib/gcc/arm-none-eabi/13.3.1/thumb/v7-m/nofp\libg.a(libc_a-strtol.o) (_ctype_)
D:/CLion_Tools/arm-none-eabi/13.3 rel1/bin/../lib/gcc/arm-none-eabi/13.3.1/thumb/v7-m/nofp\libg.a(libc_a-findfp.o)
                              D:/CLion_Tools/arm-none-eabi/13.3 rel1/bin/../lib/gcc/arm-none-eabi/13.3.1/thumb/v7-m/nofp\libg.a(libc_a-exit.o) (__stdio_exit_handler)
D:/CLion_Tools/arm-none-eabi/13.3 rel1/bin/../lib/gcc/arm-none-eabi/13.3.1/thumb/v7-m/nofp\libg.a(libc_a-fwalk.o)
                              D:/CLion_Tools/arm-none-eabi/13.3 rel1/bin/../lib/gcc/arm-none-eabi/13.3.1/thumb/v7-m/nofp\libg.a(libc_a-findfp.o) (_fwalk_sglue)
D:/CLion_Tools/arm-none-eabi/13.3 rel1/bin/../lib/gcc/arm-none-eabi/13.3.1/thumb/v7-m/nofp\libg.a(libc_a-stdio.o)
                              D:/CLion_Tools/arm-none-eabi/13.3 rel1/bin/../lib/gcc/arm-none-eabi/13.3.1/thumb/v7-m/nofp\libg.a(libc_a-findfp.o) (__sread)
D:/CLion_Tools/arm-none-eabi/13.3 rel1/bin/../lib/gcc/arm-none-eabi/13.3.1/thumb/v7-m/nofp\libg.a(libc_a-vsnprintf.o)
                              CMakeFiles/myCAR111.elf.dir/Core/Src/main.c.obj (vsnprintf)
D:/CLion_Tools/arm-none-eabi/13.3 rel1/bin/../lib/gcc/arm-none-eabi/13.3.1/thumb/v7-m/nofp\libg.a(libc_a-memset.o)
                              D:/CLion_Tools/arm-none-eabi/13.3 rel1/bin/../lib/gcc/arm-none-eabi/13.3.1/thumb/v7-m/nofp/crt0.o (memset)
D:/CLion_Tools/arm-none-eabi/13.3 rel1/bin/../lib/gcc/arm-none-eabi/13.3.1/thumb/v7-m/nofp\libg.a(libc_a-closer.o)
                              D:/CLion_Tools/arm-none-eabi/13.3 rel1/bin/../lib/gcc/arm-none-eabi/13.3.1/thumb/v7-m/nofp\libg.a(libc_a-stdio.o) (_close_r)
D:/CLion_Tools/arm-none-eabi/13.3 rel1/bin/../lib/gcc/arm-none-eabi/13.3.1/thumb/v7-m/nofp\libg.a(libc_a-reent.o)
                              D:/CLion_Tools/arm-none-eabi/13.3 rel1/bin/../lib/gcc/arm-none-eabi/13.3.1/thumb/v7-m/nofp\libg.a(libc_a-closer.o) (errno)
D:/CLion_Tools/arm-none-eabi/13.3 rel1/bin/../lib/gcc/arm-none-eabi/13.3.1/thumb/v7-m/nofp\libg.a(libc_a-impure.o)
                              D:/CLion_Tools/arm-none-eabi/13.3 rel1/bin/../lib/gcc/arm-none-eabi/13.3.1/thumb/v7-m/nofp\libg.a(libc_a-strtol.o) (_impure_ptr)
D:/CLion_Tools/arm-none-eabi/13.3 rel1/bin/../lib/gcc/arm-none-eabi/13.3.1/thumb/v7-m/nofp\libg.a(libc_a-lseekr.o)
                              D:/CLion_Tools/arm-none-eabi/13.3 rel1/bin/../lib/gcc/arm-none-eabi/13.3.1/thumb/v7-m/nofp\libg.a(libc_a-stdio.o) (_lseek_r)
D:/CLion_Tools/arm-none-eabi/13.3 rel1/bin/../lib/gcc/arm-none-eabi/13.3.1/thumb/v7-m/nofp\libg.a(libc_a-readr.o)
                              D:/CLion_Tools/arm-none-eabi/13.3 rel1/bin/../lib/gcc/arm-none-eabi/13.3.1/thumb/v7-m/nofp\libg.a(libc_a-stdio.o) (_read_r)
D:/CLion_Tools/arm-none-eabi/13.3 rel1/bin/../lib/gcc/arm-none-eabi/13.3.1/thumb/v7-m/nofp\libg.a(libc_a-writer.o)
                              D:/CLion_Tools/arm-none-eabi/13.3 rel1/bin/../lib/gcc/arm-none-eabi/13.3.1/thumb/v7-m/nofp\libg.a(libc_a-stdio.o) (_write_r)
D:/CLion_Tools/arm-none-eabi/13.3 rel1/bin/../lib/gcc/arm-none-eabi/13.3.1/thumb/v7-m/nofp\libg.a(libc_a-errno.o)
                              CMakeFiles/myCAR111.elf.dir/Core/Src/syscalls.c.obj (__errno)
D:/CLion_Tools/arm-none-eabi/13.3 rel1/bin/../lib/gcc/arm-none-eabi/13.3.1/thumb/v7-m/nofp\libg.a(libc_a-init.o)
                              D:/CLion_Tools/arm-none-eabi/13.3 rel1/bin/../lib/gcc/arm-none-eabi/13.3.1/thumb/v7-m/nofp/crt0.o (__libc_init_array)
D:/CLion_Tools/arm-none-eabi/13.3 rel1/bin/../lib/gcc/arm-none-eabi/13.3.1/thumb/v7-m/nofp\libg.a(libc_a-lock.o)
                              D:/CLion_Tools/arm-none-eabi/13.3 rel1/bin/../lib/gcc/arm-none-eabi/13.3.1/thumb/v7-m/nofp\libg.a(libc_a-findfp.o) (__retarget_lock_init_recursive)
D:/CLion_Tools/arm-none-eabi/13.3 rel1/bin/../lib/gcc/arm-none-eabi/13.3.1/thumb/v7-m/nofp\libg.a(libc_a-strcmp.o)
                              CMakeFiles/myCAR111.elf.dir/Core/Src/main.c.obj (strcmp)
[...]
Memory Configuration

Name             Origin             Length             Attributes
RAM              0x20000000         0x00010000         xrw
FLASH            0x08000000         0x00080000         xr
*default*        0x00000000         0xffffffff

Linker script and memory map

LOAD D:/CLion_Tools/arm-none-eabi/13.3 rel1/bin/../lib/gcc/arm-none-eabi/13.3.1/thumb/v7-m/nofp/crti.o
LOAD D:/CLion_Tools/arm-none-eabi/13.3 rel1/bin/../lib/gcc/arm-none-eabi/13.3.1/thumb/v7-m/nofp/crtbegin.o
LOAD D:/CLion_Tools/arm-none-eabi/13.3 rel1/bin/../lib/gcc/arm-none-eabi/13.3.1/thumb/v7-m/nofp/crt0.o
LOAD CMakeFiles/myCAR111.elf.dir/Core/Src/dma.c.obj
LOAD CMakeFiles/myCAR111.elf.dir/Core/Src/gpio.c.obj
LOAD CMakeFiles/myCAR111.elf.dir/Core/Src/main.c.obj
LOAD CMakeFiles/myCAR111.elf.dir/Core/Src/stm32f1xx_hal_msp.c.obj
LOAD CMakeFiles/myCAR111.elf.dir/Core/Src/stm32f1xx_it.c.obj
LOAD CMakeFiles/myCAR111.elf.dir/Core/Src/syscalls.c.obj
LOAD CMakeFiles/myCAR111.elf.dir/Core/Src/sysmem.c.obj
LOAD CMakeFiles/myCAR111.elf.dir/Core/Src/system_stm32f1xx.c.obj
LOAD CMakeFiles/myCAR111.elf.dir/Core/Src/tim.c.obj
LOAD CMakeFiles/myCAR111.elf.dir/Core/Src/usart.c.obj
LOAD CMakeFiles/myCAR111.elf.dir/Core/Startup/startup_stm32f103zetx.s.obj
LOAD CMakeFiles/myCAR111.elf.dir/Drivers/STM32F1xx_HAL_Driver/Src/stm32f1xx_hal.c.obj
LOAD CMakeFiles/myCAR111.elf.dir/Drivers/STM32F1xx_HAL_Driver/Src/stm32f1xx_hal_cortex.c.obj
LOAD CMakeFiles/myCAR111.elf.dir/Drivers/STM32F1xx_HAL_Driver/Src/stm32f1xx_hal_dma.c.obj
LOAD CMakeFiles/myCAR111.elf.dir/Drivers/STM32F1xx_HAL_Driver/Src/stm32f1xx_hal_exti.c.obj
LOAD CMakeFiles/myCAR111.elf.dir/Drivers/STM32F1xx_HAL_Driver/Src/stm32f1xx_hal_flash.c.obj
LOAD CMakeFiles/myCAR111.elf.dir/Drivers/STM32F1xx_HAL_Driver/Src/stm32f1xx_hal_flash_ex.c.obj
LOAD CMakeFiles/myCAR111.elf.dir/Drivers/STM32F1xx_HAL_Driver/Src/stm32f1xx_hal_gpio.c.obj
LOAD CMakeFiles/myCAR111.elf.dir/Drivers/STM32F1xx_HAL_Driver/Src/stm32f1xx_hal_gpio_ex.c.obj
LOAD CMakeFiles/myCAR111.elf.dir/Drivers/STM32F1xx_HAL_Driver/Src/stm32f1xx_hal_pwr.c.obj
LOAD CMakeFiles/myCAR111.elf.dir/Drivers/STM32F1xx_HAL_Driver/Src/stm32f1xx_hal_rcc.c.obj
LOAD CMakeFiles/myCAR111.elf.dir/Drivers/STM32F1xx_HAL_Driver/Src/stm32f1xx_hal_rcc_ex.c.obj
LOAD CMakeFiles/myCAR111.elf.dir/Drivers/STM32F1xx_HAL_Driver/Src/stm32f1xx_hal_tim.c.obj
LOAD CMakeFiles/myCAR111.elf.dir/Drivers/STM32F1xx_HAL_Driver/Src/stm32f1xx_hal_tim_ex.c.obj
LOAD CMakeFiles/myCAR111.elf.dir/Drivers/STM32F1xx_HAL_Driver/Src/stm32f1xx_hal_uart.c.obj
START GROUP
LOAD D:/CLion_Tools/arm-none-eabi/13.3 rel1/bin/../lib/gcc/arm-none-eabi/13.3.1/thumb/v7-m/nofp\libgcc.a
LOAD D:/CLion_Tools/arm-none-eabi/13.3 rel1/bin/../lib/gcc/arm-none-eabi/13.3.1/thumb/v7-m/nofp\libg.a
LOAD D:/CLion_Tools/arm-none-eabi/13.3 rel1/bin/../lib/gcc/arm-none-eabi/13.3.1/thumb/v7-m/nofp\libc.a
END GROUP
LOAD D:/CLion_Tools/arm-none-eabi/13.3 rel1/bin/../lib/gcc/arm-none-eabi/13.3.1/thumb/v7-m/nofp/crtend.o
LOAD D:/CLion_Tools/arm-none-eabi/13.3 rel1/bin/../lib/gcc/arm-none-eabi/13.3.1/thumb/v7-m/nofp/crtn.o
                0x20010000                        _estack = (ORIGIN (RAM) + LENGTH (RAM))
                0x00000200                        _Min_Heap_Size = 0x200
                0x00000400                        _Min_Stack_Size = 0x400

.isr_vector     0x08000000      0x1e4
                0x08000000                        . = ALIGN (0x4)
 *(.isr_vector)
 .isr_vector    0x08000000      0x1e4 CMakeFiles/myCAR111.elf.dir/Core/Startup/startup_stm32f103zetx.s.obj
                0x08000000                g_pfnVectors
                0x080001e4                        . = ALIGN (0x4)

.text           0x080001e8     0x92a0
                0x080001e8                        . = ALIGN (0x4)
 *(.text)
 .text          0x080001e8      0x1bc D:/CLion_Tools/arm-none-eabi/13.3 rel1/bin/../lib/gcc/arm-none-eabi/13.3.1/thumb/v7-m/nofp\libg.a(libc_a-strcmp.o)
                0x080001e8                strcmp
 .text          0x080003a4       0xec D:/CLion_Tools/arm-none-eabi/13.3 rel1/bin/../lib/gcc/arm-none-eabi/13.3.1/thumb/v7-m/nofp\libg.a(libc_a-memcpy.o)
                0x080003a4                memcpy
 .text          0x08000490      0x378 D:/CLion_Tools/arm-none-eabi/13.3 rel1/bin/../lib/gcc/arm-none-eabi/13.3.1/thumb/v7-m/nofp\libgcc.a(_arm_addsubdf3.o)
                0x08000490                __aeabi_drsub
                0x08000498                __aeabi_dsub
                0x08000498                __subdf3
                0x0800049c                __aeabi_dadd
                0x0800049c                __adddf3
                0x08000714                __floatunsidf
                0x08000714                __aeabi_ui2d
                0x08000734                __floatsidf
                0x08000734                __aeabi_i2d
                0x08000758                __aeabi_f2d
                0x08000758                __extendsfdf2
                0x0800079c                __floatundidf
                0x0800079c                __aeabi_ul2d
                0x080007ac                __floatdidf
                0x080007ac                __aeabi_l2d
 .text          0x08000808      0x424 D:/CLion_Tools/arm-none-eabi/13.3 rel1/bin/../lib/gcc/arm-none-eabi/13.3.1/thumb/v7-m/nofp\libgcc.a(_arm_muldivdf3.o)
                0x08000808                __aeabi_dmul
                0x08000808                __muldf3
                0x08000a5c                __divdf3
                0x08000a5c                __aeabi_ddiv
 .text          0x08000c2c      0x110 D:/CLion_Tools/arm-none-eabi/13.3 rel1/bin/../lib/gcc/arm-none-eabi/13.3.1/thumb/v7-m/nofp\libgcc.a(_arm_cmpdf2.o)
                0x08000c2c                __gtdf2
                0x08000c2c                __gedf2
                0x08000c34                __ltdf2
                0x08000c34                __ledf2
                0x08000c3c                __nedf2
                0x08000c3c                __eqdf2
                0x08000c3c                __cmpdf2
                0x08000cb8                __aeabi_cdrcmple
                0x08000cc8                __aeabi_cdcmpeq
                0x08000cc8                __aeabi_cdcmple
                0x08000cd8                __aeabi_dcmpeq
                0x08000cec                __aeabi_dcmplt
                0x08000d00                __aeabi_dcmple
                0x08000d14                __aeabi_dcmpge
                0x08000d28                __aeabi_dcmpgt
 .text          0x08000d3c       0x2c D:/CLion_Tools/arm-none-eabi/13.3 rel1/bin/../lib/gcc/arm-none-eabi/13.3.1/thumb/v7-m/nofp\libgcc.a(_arm_unorddf2.o)
                0x08000d3c                __unorddf2
                0x08000d3c                __aeabi_dcmpun
 .text          0x08000d68       0x50 D:/CLion_Tools/arm-none-eabi/13.3 rel1/bin/../lib/gcc/arm-none-eabi/13.3.1/thumb/v7-m/nofp\libgcc.a(_arm_fixdfsi.o)
                0x08000d68                __aeabi_d2iz
                0x08000d68                __fixdfsi
 *(.text*)
 .text.deregister_tm_clones
                0x08000db8       0x1c D:/CLion_Tools/arm-none-eabi/13.3 rel1/bin/../lib/gcc/arm-none-eabi/13.3.1/thumb/v7-m/nofp/crtbegin.o
 .text.register_tm_clones
                0x08000dd4       0x24 D:/CLion_Tools/arm-none-eabi/13.3 rel1/bin/../lib/gcc/arm-none-eabi/13.3.1/thumb/v7-m/nofp/crtbegin.o
 .text.__do_global_dtors_aux
                0x08000df8       0x28 D:/CLion_Tools/arm-none-eabi/13.3 rel1/bin/../lib/gcc/arm-none-eabi/13.3.1/thumb/v7-m/nofp/crtbegin.o
 .text.frame_dummy
                0x08000e20       0x24 D:/CLion_Tools/arm-none-eabi/13.3 rel1/bin/../lib/gcc/arm-none-eabi/13.3.1/thumb/v7-m/nofp/crtbegin.o
 .text.MX_DMA_Init
                0x08000e44       0x34 CMakeFiles/myCAR111.elf.dir/Core/Src/dma.c.obj
                0x08000e44                MX_DMA_Init
 .text.MX_GPIO_Init
                0x08000e78       0xdc CMakeFiles/myCAR111.elf.dir/Core/Src/gpio.c.obj
                0x08000e78                MX_GPIO_Init
 .text.USART1_Print
                0x08000f54       0x30 CMakeFiles/myCAR111.elf.dir/Core/Src/main.c.obj
                0x08000f54                USART1_Print
 .text.getspeed
                0x08000f84       0x22 CMakeFiles/myCAR111.elf.dir/Core/Src/main.c.obj
                0x08000f84                getspeed
 *fill*         0x08000fa6        0x2 
 .text.motor_ctrl
                0x08000fa8      0x164 CMakeFiles/myCAR111.elf.dir/Core/Src/main.c.obj
                0x08000fa8                motor_ctrl
 .text.HAL_TIM_PeriodElapsedCallback
                0x0800110c       0x7c CMakeFiles/myCAR111.elf.dir/Core/Src/main.c.obj
                0x0800110c                HAL_TIM_PeriodElapsedCallback
 .text.HAL_UARTEx_RxEventCallback
                0x08001188       0x6c CMakeFiles/myCAR111.elf.dir/Core/Src/main.c.obj
                0x08001188                HAL_UARTEx_RxEventCallback
 .text.Error_Handler
                0x080011f4        0x4 CMakeFiles/myCAR111.elf.dir/Core/Src/main.c.obj
                0x080011f4                Error_Handler
 .text.SystemClock_Config
                0x080011f8       0x64 CMakeFiles/myCAR111.elf.dir/Core/Src/main.c.obj
                0x080011f8                SystemClock_Config
 .text.main     0x0800125c       0x4c CMakeFiles/myCAR111.elf.dir/Core/Src/main.c.obj
                0x0800125c                main
 .text.HAL_MspInit
                0x080012a8       0x44 CMakeFiles/myCAR111.elf.dir/Core/Src/stm32f1xx_hal_msp.c.obj
                0x080012a8                HAL_MspInit
 .text.NMI_Handler
                0x080012ec        0x2 CMakeFiles/myCAR111.elf.dir/Core/Src/stm32f1xx_it.c.obj
                0x080012ec                NMI_Handler
 .text.HardFault_Handler
                0x080012ee        0x2 CMakeFiles/myCAR111.elf.dir/Core/Src/stm32f1xx_it.c.obj
                0x080012ee                HardFault_Handler
 .text.MemManage_Handler
                0x080012f0        0x2 CMakeFiles/myCAR111.elf.dir/Core/Src/stm32f1xx_it.c.obj
                0x080012f0                MemManage_Handler
 .text.BusFault_Handler
                0x080012f2        0x2 CMakeFiles/myCAR111.elf.dir/Core/Src/stm32f1xx_it.c.obj
                0x080012f2                BusFault_Handler
 .text.UsageFault_Handler
                0x080012f4        0x2 CMakeFiles/myCAR111.elf.dir/Core/Src/stm32f1xx_it.c.obj
                0x080012f4                UsageFault_Handler
 .text.SVC_Handler
                0x080012f6        0x2 CMakeFiles/myCAR111.elf.dir/Core/Src/stm32f1xx_it.c.obj
                0x080012f6                SVC_Handler
 .text.DebugMon_Handler
                0x080012f8        0x2 CMakeFiles/myCAR111.elf.dir/Core/Src/stm32f1xx_it.c.obj
                0x080012f8                DebugMon_Handler
 .text.PendSV_Handler
                0x080012fa        0x2 CMakeFiles/myCAR111.elf.dir/Core/Src/stm32f1xx_it.c.obj
                0x080012fa                PendSV_Handler
 .text.SysTick_Handler
                0x080012fc        0x8 CMakeFiles/myCAR111.elf.dir/Core/Src/stm32f1xx_it.c.obj
                0x080012fc                SysTick_Handler
 .text.DMA1_Channel5_IRQHandler
                0x08001304       0x10 CMakeFiles/myCAR111.elf.dir/Core/Src/stm32f1xx_it.c.obj
                0x08001304                DMA1_Channel5_IRQHandler
 .text.USART1_IRQHandler
                0x08001314       0x10 CMakeFiles/myCAR111.elf.dir/Core/Src/stm32f1xx_it.c.obj
                0x08001314                USART1_IRQHandler
 .text.TIM7_IRQHandler
                0x08001324       0x10 CMakeFiles/myCAR111.elf.dir/Core/Src/stm32f1xx_it.c.obj
                0x08001324                TIM7_IRQHandler
 .text._getpid  0x08001334        0x4 CMakeFiles/myCAR111.elf.dir/Core/Src/syscalls.c.obj
                0x08001334                _getpid
 .text._kill    0x08001338       0x10 CMakeFiles/myCAR111.elf.dir/Core/Src/syscalls.c.obj
                0x08001338                _kill
 .text._exit    0x08001348        0xc CMakeFiles/myCAR111.elf.dir/Core/Src/syscalls.c.obj
                0x08001348                _exit
 .text._read    0x08001354       0x20 CMakeFiles/myCAR111.elf.dir/Core/Src/syscalls.c.obj
                0x08001354                _read
 .text._write   0x08001374       0x1c CMakeFiles/myCAR111.elf.dir/Core/Src/syscalls.c.obj
                0x08001374                _write
 .text._close   0x08001390        0x6 CMakeFiles/myCAR111.elf.dir/Core/Src/syscalls.c.obj
                0x08001390                _close
 .text._fstat   0x08001396        0xa CMakeFiles/myCAR111.elf.dir/Core/Src/syscalls.c.obj
                0x08001396                _fstat
 .text._isatty  0x080013a0        0x4 CMakeFiles/myCAR111.elf.dir/Core/Src/syscalls.c.obj
                0x080013a0                _isatty
 .text._lseek   0x080013a4        0x4 CMakeFiles/myCAR111.elf.dir/Core/Src/syscalls.c.obj
                0x080013a4                _lseek
 .text._sbrk    0x080013a8       0x48 CMakeFiles/myCAR111.elf.dir/Core/Src/sysmem.c.obj
                0x080013a8                _sbrk
 .text.SystemInit
                0x080013f0        0x2 CMakeFiles/myCAR111.elf.dir/Core/Src/system_stm32f1xx.c.obj
                0x080013f0                SystemInit
 *fill*         0x080013f2        0x2 
 .text.MX_TIM7_Init
                0x080013f4       0x4c CMakeFiles/myCAR111.elf.dir/Core/Src/tim.c.obj
                0x080013f4                MX_TIM7_Init
 .text.HAL_TIM_Base_MspInit
                0x08001440       0x40 CMakeFiles/myCAR111.elf.dir/Core/Src/tim.c.obj
                0x08001440                HAL_TIM_Base_MspInit
 .text.MX_USART1_UART_Init
                0x08001480       0x34 CMakeFiles/myCAR111.elf.dir/Core/Src/usart.c.obj
                0x08001480                MX_USART1_UART_Init
 .text.HAL_UART_MspInit
                0x080014b4       0xbc CMakeFiles/myCAR111.elf.dir/Core/Src/usart.c.obj
                0x080014b4                HAL_UART_MspInit
 .text.Reset_Handler
                0x08001570       0x48 CMakeFiles/myCAR111.elf.dir/Core/Startup/startup_stm32f103zetx.s.obj
                0x08001570                Reset_Handler
 .text.Default_Handler
                0x080015b8        0x2 CMakeFiles/myCAR111.elf.dir/Core/Startup/startup_stm32f103zetx.s.obj
                0x080015b8                RTC_Alarm_IRQHandler
                0x080015b8                EXTI2_IRQHandler
                0x080015b8                TIM8_TRG_COM_IRQHandler
                0x080015b8                TIM8_CC_IRQHandler
                0x080015b8                TIM1_CC_IRQHandler
                0x080015b8                TIM6_IRQHandler
                0x080015b8                PVD_IRQHandler
                0x080015b8                SDIO_IRQHandler
                0x080015b8                EXTI3_IRQHandler
                0x080015b8                EXTI0_IRQHandler
                0x080015b8                I2C2_EV_IRQHandler
                0x080015b8                ADC1_2_IRQHandler
                0x080015b8                SPI1_IRQHandler
                0x080015b8                TAMPER_IRQHandler
                0x080015b8                TIM8_UP_IRQHandler
                0x080015b8                DMA2_Channel2_IRQHandler
                0x080015b8                DMA1_Channel4_IRQHandler
                0x080015b8                USART3_IRQHandler
                0x080015b8                RTC_IRQHandler
                0x080015b8                DMA1_Channel7_IRQHandler
                0x080015b8                CAN1_RX1_IRQHandler
                0x080015b8                UART5_IRQHandler
                0x080015b8                ADC3_IRQHandler
                0x080015b8                TIM4_IRQHandler
                0x080015b8                DMA2_Channel1_IRQHandler
                0x080015b8                I2C1_EV_IRQHandler
                0x080015b8                DMA1_Channel6_IRQHandler
                0x080015b8                UART4_IRQHandler
                0x080015b8                TIM3_IRQHandler
                0x080015b8                RCC_IRQHandler
                0x080015b8                TIM1_TRG_COM_IRQHandler
                0x080015b8                DMA1_Channel1_IRQHandler
                0x080015b8                Default_Handler
                0x080015b8                EXTI15_10_IRQHandler
                0x080015b8                TIM5_IRQHandler
                0x080015b8                EXTI9_5_IRQHandler
                0x080015b8                SPI2_IRQHandler
                0x080015b8                EXTI4_IRQHandler
                0x080015b8                USB_LP_CAN1_RX0_IRQHandler
                0x080015b8                USB_HP_CAN1_TX_IRQHandler
                0x080015b8                DMA1_Channel3_IRQHandler
                0x080015b8                FSMC_IRQHandler
                0x080015b8                TIM1_UP_IRQHandler
                0x080015b8                WWDG_IRQHandler
                0x080015b8                TIM2_IRQHandler
                0x080015b8                TIM1_BRK_IRQHandler
                0x080015b8                EXTI1_IRQHandler
                0x080015b8                DMA2_Channel4_5_IRQHandler
                0x080015b8                USART2_IRQHandler
                0x080015b8                I2C2_ER_IRQHandler
                0x080015b8                DMA1_Channel2_IRQHandler
                0x080015b8                TIM8_BRK_IRQHandler
                0x080015b8                CAN1_SCE_IRQHandler
                0x080015b8                FLASH_IRQHandler
                0x080015b8                SPI3_IRQHandler
                0x080015b8                I2C1_ER_IRQHandler
                0x080015b8                USBWakeUp_IRQHandler
                0x080015b8                DMA2_Channel3_IRQHandler
 *fill*         0x080015ba        0x2 
 .text.HAL_InitTick
                0x080015bc       0x4c CMakeFiles/myCAR111.elf.dir/Drivers/STM32F1xx_HAL_Driver/Src/stm32f1xx_hal.c.obj
                0x080015bc                HAL_InitTick
 .text.HAL_Init
                0x08001608       0x24 CMakeFiles/myCAR111.elf.dir/Drivers/STM32F1xx_HAL_Driver/Src/stm32f1xx_hal.c.obj
                0x08001608                HAL_Init
 .text.HAL_IncTick
                0x0800162c       0x18 CMakeFiles/myCAR111.elf.dir/Drivers/STM32F1xx_HAL_Driver/Src/stm32f1xx_hal.c.obj
                0x0800162c                HAL_IncTick
 .text.HAL_GetTick
                0x08001644        0xc CMakeFiles/myCAR111.elf.dir/Drivers/STM32F1xx_HAL_Driver/Src/stm32f1xx_hal.c.obj
                0x08001644                HAL_GetTick
 .text.HAL_Delay
                0x08001650       0x28 CMakeFiles/myCAR111.elf.dir/Drivers/STM32F1xx_HAL_Driver/Src/stm32f1xx_hal.c.obj
                0x08001650                HAL_Delay
 .text.__NVIC_SetPriority
                0x08001678       0x28 CMakeFiles/myCAR111.elf.dir/Drivers/STM32F1xx_HAL_Driver/Src/stm32f1xx_hal_cortex.c.obj
 .text.NVIC_EncodePriority
                0x080016a0       0x3e CMakeFiles/myCAR111.elf.dir/Drivers/STM32F1xx_HAL_Driver/Src/stm32f1xx_hal_cortex.c.obj
 *fill*         0x080016de        0x2 
 .text.HAL_NVIC_SetPriorityGrouping
                0x080016e0       0x24 CMakeFiles/myCAR111.elf.dir/Drivers/STM32F1xx_HAL_Driver/Src/stm32f1xx_hal_cortex.c.obj
                0x080016e0                HAL_NVIC_SetPriorityGrouping
 .text.HAL_NVIC_SetPriority
                0x08001704       0x20 CMakeFiles/myCAR111.elf.dir/Drivers/STM32F1xx_HAL_Driver/Src/stm32f1xx_hal_cortex.c.obj
                0x08001704                HAL_NVIC_SetPriority
 .text.HAL_NVIC_EnableIRQ
                0x08001724       0x1c CMakeFiles/myCAR111.elf.dir/Drivers/STM32F1xx_HAL_Driver/Src/stm32f1xx_hal_cortex.c.obj
                0x08001724                HAL_NVIC_EnableIRQ
 .text.HAL_SYSTICK_Config
                0x08001740       0x28 CMakeFiles/myCAR111.elf.dir/Drivers/STM32F1xx_HAL_Driver/Src/stm32f1xx_hal_cortex.c.obj
                0x08001740                HAL_SYSTICK_Config
 .text.DMA_SetConfig
                0x08001768       0x2c CMakeFiles/myCAR111.elf.dir/Drivers/STM32F1xx_HAL_Driver/Src/stm32f1xx_hal_dma.c.obj
 .text.HAL_DMA_Init
                0x08001794       0x94 CMakeFiles/myCAR111.elf.dir/Drivers/STM32F1xx_HAL_Driver/Src/stm32f1xx_hal_dma.c.obj
                0x08001794                HAL_DMA_Init
 .text.HAL_DMA_Start_IT
                0x08001828       0x76 CMakeFiles/myCAR111.elf.dir/Drivers/STM32F1xx_HAL_Driver/Src/stm32f1xx_hal_dma.c.obj
                0x08001828                HAL_DMA_Start_IT
 .text.HAL_DMA_Abort
                0x0800189e       0x46 CMakeFiles/myCAR111.elf.dir/Drivers/STM32F1xx_HAL_Driver/Src/stm32f1xx_hal_dma.c.obj
                0x0800189e                HAL_DMA_Abort
 .text.HAL_DMA_Abort_IT
                0x080018e4      0x16c CMakeFiles/myCAR111.elf.dir/Drivers/STM32F1xx_HAL_Driver/Src/stm32f1xx_hal_dma.c.obj
                0x080018e4                HAL_DMA_Abort_IT
 .text.HAL_DMA_IRQHandler
                0x08001a50      0x2ec CMakeFiles/myCAR111.elf.dir/Drivers/STM32F1xx_HAL_Driver/Src/stm32f1xx_hal_dma.c.obj
                0x08001a50                HAL_DMA_IRQHandler
 .text.HAL_GPIO_Init
                0x08001d3c      0x238 CMakeFiles/myCAR111.elf.dir/Drivers/STM32F1xx_HAL_Driver/Src/stm32f1xx_hal_gpio.c.obj
                0x08001d3c                HAL_GPIO_Init
 .text.HAL_GPIO_WritePin
                0x08001f74        0xc CMakeFiles/myCAR111.elf.dir/Drivers/STM32F1xx_HAL_Driver/Src/stm32f1xx_hal_gpio.c.obj
                0x08001f74                HAL_GPIO_WritePin
 .text.RCC_Delay
                0x08001f80       0x2c CMakeFiles/myCAR111.elf.dir/Drivers/STM32F1xx_HAL_Driver/Src/stm32f1xx_hal_rcc.c.obj
 .text.HAL_RCC_OscConfig
                0x08001fac      0x410 CMakeFiles/myCAR111.elf.dir/Drivers/STM32F1xx_HAL_Driver/Src/stm32f1xx_hal_rcc.c.obj
                0x08001fac                HAL_RCC_OscConfig
 .text.HAL_RCC_GetSysClockFreq
                0x080023bc       0x54 CMakeFiles/myCAR111.elf.dir/Drivers/STM32F1xx_HAL_Driver/Src/stm32f1xx_hal_rcc.c.obj
                0x080023bc                HAL_RCC_GetSysClockFreq
 .text.HAL_RCC_ClockConfig
                0x08002410      0x16c CMakeFiles/myCAR111.elf.dir/Drivers/STM32F1xx_HAL_Driver/Src/stm32f1xx_hal_rcc.c.obj
                0x08002410                HAL_RCC_ClockConfig
 .text.HAL_RCC_GetHCLKFreq
                0x0800257c        0xc CMakeFiles/myCAR111.elf.dir/Drivers/STM32F1xx_HAL_Driver/Src/stm32f1xx_hal_rcc.c.obj
                0x0800257c                HAL_RCC_GetHCLKFreq
 .text.HAL_RCC_GetPCLK1Freq
                0x08002588       0x20 CMakeFiles/myCAR111.elf.dir/Drivers/STM32F1xx_HAL_Driver/Src/stm32f1xx_hal_rcc.c.obj
                0x08002588                HAL_RCC_GetPCLK1Freq
 .text.HAL_RCC_GetPCLK2Freq
                0x080025a8       0x20 CMakeFiles/myCAR111.elf.dir/Drivers/STM32F1xx_HAL_Driver/Src/stm32f1xx_hal_rcc.c.obj
                0x080025a8                HAL_RCC_GetPCLK2Freq
 .text.HAL_TIM_Base_Start_IT
                0x080025c8       0x78 CMakeFiles/myCAR111.elf.dir/Drivers/STM32F1xx_HAL_Driver/Src/stm32f1xx_hal_tim.c.obj
                0x080025c8                HAL_TIM_Base_Start_IT
 .text.HAL_TIM_OC_DelayElapsedCallback
                0x08002640        0x2 CMakeFiles/myCAR111.elf.dir/Drivers/STM32F1xx_HAL_Driver/Src/stm32f1xx_hal_tim.c.obj
                0x08002640                HAL_TIM_OC_DelayElapsedCallback
 .text.HAL_TIM_IC_CaptureCallback
                0x08002642        0x2 CMakeFiles/myCAR111.elf.dir/Drivers/STM32F1xx_HAL_Driver/Src/stm32f1xx_hal_tim.c.obj
                0x08002642                HAL_TIM_IC_CaptureCallback
 .text.HAL_TIM_PWM_PulseFinishedCallback
                0x08002644        0x2 CMakeFiles/myCAR111.elf.dir/Drivers/STM32F1xx_HAL_Driver/Src/stm32f1xx_hal_tim.c.obj
                0x08002644                HAL_TIM_PWM_PulseFinishedCallback
 .text.HAL_TIM_TriggerCallback
                0x08002646        0x2 CMakeFiles/myCAR111.elf.dir/Drivers/STM32F1xx_HAL_Driver/Src/stm32f1xx_hal_tim.c.obj
                0x08002646                HAL_TIM_TriggerCallback
 .text.HAL_TIM_IRQHandler
                0x08002648      0x15e CMakeFiles/myCAR111.elf.dir/Drivers/STM32F1xx_HAL_Driver/Src/stm32f1xx_hal_tim.c.obj
                0x08002648                HAL_TIM_IRQHandler
 *fill*         0x080027a6        0x2 
 .text.TIM_Base_SetConfig
                0x080027a8       0xa8 CMakeFiles/myCAR111.elf.dir/Drivers/STM32F1xx_HAL_Driver/Src/stm32f1xx_hal_tim.c.obj
                0x080027a8                TIM_Base_SetConfig
 .text.HAL_TIM_Base_Init
                0x08002850       0x58 CMakeFiles/myCAR111.elf.dir/Drivers/STM32F1xx_HAL_Driver/Src/stm32f1xx_hal_tim.c.obj
                0x08002850                HAL_TIM_Base_Init
 .text.HAL_TIMEx_MasterConfigSynchronization
                0x080028a8       0x7c CMakeFiles/myCAR111.elf.dir/Drivers/STM32F1xx_HAL_Driver/Src/stm32f1xx_hal_tim_ex.c.obj
                0x080028a8                HAL_TIMEx_MasterConfigSynchronization
 .text.HAL_TIMEx_CommutCallback
                0x08002924        0x2 CMakeFiles/myCAR111.elf.dir/Drivers/STM32F1xx_HAL_Driver/Src/stm32f1xx_hal_tim_ex.c.obj
                0x08002924                HAL_TIMEx_CommutCallback
 .text.HAL_TIMEx_BreakCallback
                0x08002926        0x2 CMakeFiles/myCAR111.elf.dir/Drivers/STM32F1xx_HAL_Driver/Src/stm32f1xx_hal_tim_ex.c.obj
                0x08002926                HAL_TIMEx_BreakCallback
 .text.UART_EndTxTransfer
                0x08002928       0x20 CMakeFiles/myCAR111.elf.dir/Drivers/STM32F1xx_HAL_Driver/Src/stm32f1xx_hal_uart.c.obj
 .text.UART_EndRxTransfer
                0x08002948       0x5c CMakeFiles/myCAR111.elf.dir/Drivers/STM32F1xx_HAL_Driver/Src/stm32f1xx_hal_uart.c.obj
 .text.UART_Transmit_IT
                0x080029a4       0x60 CMakeFiles/myCAR111.elf.dir/Drivers/STM32F1xx_HAL_Driver/Src/stm32f1xx_hal_uart.c.obj
 .text.UART_SetConfig
                0x08002a04       0x94 CMakeFiles/myCAR111.elf.dir/Drivers/STM32F1xx_HAL_Driver/Src/stm32f1xx_hal_uart.c.obj
 .text.UART_WaitOnFlagUntilTimeout
                0x08002a98       0x86 CMakeFiles/myCAR111.elf.dir/Drivers/STM32F1xx_HAL_Driver/Src/stm32f1xx_hal_uart.c.obj
 .text.HAL_UART_Init
                0x08002b1e       0x60 CMakeFiles/myCAR111.elf.dir/Drivers/STM32F1xx_HAL_Driver/Src/stm32f1xx_hal_uart.c.obj
                0x08002b1e                HAL_UART_Init
 .text.HAL_UART_Transmit
                0x08002b7e       0xcc CMakeFiles/myCAR111.elf.dir/Drivers/STM32F1xx_HAL_Driver/Src/stm32f1xx_hal_uart.c.obj
                0x08002b7e                HAL_UART_Transmit
 .text.HAL_UART_TxCpltCallback
                0x08002c4a        0x2 CMakeFiles/myCAR111.elf.dir/Drivers/STM32F1xx_HAL_Driver/Src/stm32f1xx_hal_uart.c.obj
                0x08002c4a                HAL_UART_TxCpltCallback
 .text.UART_EndTransmit_IT
                0x08002c4c       0x1a CMakeFiles/myCAR111.elf.dir/Drivers/STM32F1xx_HAL_Driver/Src/stm32f1xx_hal_uart.c.obj
 .text.HAL_UART_RxCpltCallback
                0x08002c66        0x2 CMakeFiles/myCAR111.elf.dir/Drivers/STM32F1xx_HAL_Driver/Src/stm32f1xx_hal_uart.c.obj
                0x08002c66                HAL_UART_RxCpltCallback
 .text.HAL_UART_RxHalfCpltCallback
                0x08002c68        0x2 CMakeFiles/myCAR111.elf.dir/Drivers/STM32F1xx_HAL_Driver/Src/stm32f1xx_hal_uart.c.obj
                0x08002c68                HAL_UART_RxHalfCpltCallback
 .text.HAL_UART_ErrorCallback
                0x08002c6a        0x2 CMakeFiles/myCAR111.elf.dir/Drivers/STM32F1xx_HAL_Driver/Src/stm32f1xx_hal_uart.c.obj
                0x08002c6a                HAL_UART_ErrorCallback
 .text.UART_DMAError
                0x08002c6c       0x58 CMakeFiles/myCAR111.elf.dir/Drivers/STM32F1xx_HAL_Driver/Src/stm32f1xx_hal_uart.c.obj
 .text.UART_DMAAbortOnError
                0x08002cc4       0x10 CMakeFiles/myCAR111.elf.dir/Drivers/STM32F1xx_HAL_Driver/Src/stm32f1xx_hal_uart.c.obj
 .text.UART_Receive_IT
                0x08002cd4       0xe6 CMakeFiles/myCAR111.elf.dir/Drivers/STM32F1xx_HAL_Driver/Src/stm32f1xx_hal_uart.c.obj
 *fill*         0x08002dba        0x2 
 .text.HAL_UART_IRQHandler
                0x08002dbc      0x284 CMakeFiles/myCAR111.elf.dir/Drivers/STM32F1xx_HAL_Driver/Src/stm32f1xx_hal_uart.c.obj
                0x08002dbc                HAL_UART_IRQHandler
 .text.UART_DMARxHalfCplt
                0x08003040       0x1e CMakeFiles/myCAR111.elf.dir/Drivers/STM32F1xx_HAL_Driver/Src/stm32f1xx_hal_uart.c.obj
 .text.UART_DMAReceiveCplt
                0x0800305e       0x9a CMakeFiles/myCAR111.elf.dir/Drivers/STM32F1xx_HAL_Driver/Src/stm32f1xx_hal_uart.c.obj
 .text.UART_Start_Receive_DMA
                0x080030f8       0xa4 CMakeFiles/myCAR111.elf.dir/Drivers/STM32F1xx_HAL_Driver/Src/stm32f1xx_hal_uart.c.obj
                0x080030f8                UART_Start_Receive_DMA
 .text.HAL_UARTEx_ReceiveToIdle_DMA
                0x0800319c       0x62 CMakeFiles/myCAR111.elf.dir/Drivers/STM32F1xx_HAL_Driver/Src/stm32f1xx_hal_uart.c.obj
                0x0800319c                HAL_UARTEx_ReceiveToIdle_DMA
 *fill*         0x080031fe        0x2 
 .text.atoi     0x08003200        0x8 D:/CLion_Tools/arm-none-eabi/13.3 rel1/bin/../lib/gcc/arm-none-eabi/13.3.1/thumb/v7-m/nofp\libg.a(libc_a-atoi.o)
                0x08003200                atoi
 .text._strtol_l.isra.0
                0x08003208      0x138 D:/CLion_Tools/arm-none-eabi/13.3 rel1/bin/../lib/gcc/arm-none-eabi/13.3.1/thumb/v7-m/nofp\libg.a(libc_a-strtol.o)
 .text.strtol   0x08003340       0x1c D:/CLion_Tools/arm-none-eabi/13.3 rel1/bin/../lib/gcc/arm-none-eabi/13.3.1/thumb/v7-m/nofp\libg.a(libc_a-strtol.o)
                0x08003340                strtol
 .text.stdio_exit_handler
                0x0800335c       0x18 D:/CLion_Tools/arm-none-eabi/13.3 rel1/bin/../lib/gcc/arm-none-eabi/13.3.1/thumb/v7-m/nofp\libg.a(libc_a-findfp.o)
 .text.cleanup_stdio
                0x08003374       0x40 D:/CLion_Tools/arm-none-eabi/13.3 rel1/bin/../lib/gcc/arm-none-eabi/13.3.1/thumb/v7-m/nofp\libg.a(libc_a-findfp.o)
 .text.global_stdio_init.part.0
                0x080033b4       0xf0 D:/CLion_Tools/arm-none-eabi/13.3 rel1/bin/../lib/gcc/arm-none-eabi/13.3.1/thumb/v7-m/nofp\libg.a(libc_a-findfp.o)
 .text.__sinit  0x080034a4       0x3c D:/CLion_Tools/arm-none-eabi/13.3 rel1/bin/../lib/gcc/arm-none-eabi/13.3.1/thumb/v7-m/nofp\libg.a(libc_a-findfp.o)
                0x080034a4                __sinit
 .text.__sfp_lock_acquire
                0x080034e0        0xc D:/CLion_Tools/arm-none-eabi/13.3 rel1/bin/../lib/gcc/arm-none-eabi/13.3.1/thumb/v7-m/nofp\libg.a(libc_a-findfp.o)
                0x080034e0                __sfp_lock_acquire
 .text.__sfp_lock_release
                0x080034ec        0xc D:/CLion_Tools/arm-none-eabi/13.3 rel1/bin/../lib/gcc/arm-none-eabi/13.3.1/thumb/v7-m/nofp\libg.a(libc_a-findfp.o)
                0x080034ec                __sfp_lock_release
 .text._fwalk_sglue
                0x080034f8       0x44 D:/CLion_Tools/arm-none-eabi/13.3 rel1/bin/../lib/gcc/arm-none-eabi/13.3.1/thumb/v7-m/nofp\libg.a(libc_a-fwalk.o)
                0x080034f8                _fwalk_sglue
 .text.__sread  0x0800353c       0x24 D:/CLion_Tools/arm-none-eabi/13.3 rel1/bin/../lib/gcc/arm-none-eabi/13.3.1/thumb/v7-m/nofp\libg.a(libc_a-stdio.o)
                0x0800353c                __sread
 .text.__swrite
                0x08003560       0x40 D:/CLion_Tools/arm-none-eabi/13.3 rel1/bin/../lib/gcc/arm-none-eabi/13.3.1/thumb/v7-m/nofp\libg.a(libc_a-stdio.o)
                0x08003560                __swrite
 .text.__sseek  0x080035a0       0x24 D:/CLion_Tools/arm-none-eabi/13.3 rel1/bin/../lib/gcc/arm-none-eabi/13.3.1/thumb/v7-m/nofp\libg.a(libc_a-stdio.o)
                0x080035a0                __sseek
 .text.__sclose
                0x080035c4        0x8 D:/CLion_Tools/arm-none-eabi/13.3 rel1/bin/../lib/gcc/arm-none-eabi/13.3.1/thumb/v7-m/nofp\libg.a(libc_a-stdio.o)
                0x080035c4                __sclose
 .text.vsnprintf
                0x080035cc       0x74 D:/CLion_Tools/arm-none-eabi/13.3 rel1/bin/../lib/gcc/arm-none-eabi/13.3.1/thumb/v7-m/nofp\libg.a(libc_a-vsnprintf.o)
                0x080035cc                vsnprintf
 .text.memset   0x08003640       0xa0 D:/CLion_Tools/arm-none-eabi/13.3 rel1/bin/../lib/gcc/arm-none-eabi/13.3.1/thumb/v7-m/nofp\libg.a(libc_a-memset.o)
                0x08003640                memset
 .text._close_r
                0x080036e0       0x24 D:/CLion_Tools/arm-none-eabi/13.3 rel1/bin/../lib/gcc/arm-none-eabi/13.3.1/thumb/v7-m/nofp\libg.a(libc_a-closer.o)
                0x080036e0                _close_r
 .text._lseek_r
                0x08003704       0x2c D:/CLion_Tools/arm-none-eabi/13.3 rel1/bin/../lib/gcc/arm-none-eabi/13.3.1/thumb/v7-m/nofp\libg.a(libc_a-lseekr.o)
                0x08003704                _lseek_r
 .text._read_r  0x08003730       0x2c D:/CLion_Tools/arm-none-eabi/13.3 rel1/bin/../lib/gcc/arm-none-eabi/13.3.1/thumb/v7-m/nofp\libg.a(libc_a-readr.o)
                0x08003730                _read_r
 .text._write_r
                0x0800375c       0x2c D:/CLion_Tools/arm-none-eabi/13.3 rel1/bin/../lib/gcc/arm-none-eabi/13.3.1/thumb/v7-m/nofp\libg.a(libc_a-writer.o)
                0x0800375c                _write_r
 .text.__errno  0x08003788        0xc D:/CLion_Tools/arm-none-eabi/13.3 rel1/bin/../lib/gcc/arm-none-eabi/13.3.1/thumb/v7-m/nofp\libg.a(libc_a-errno.o)
                0x08003788                __errno
 .text.__libc_init_array
                0x08003794       0x50 D:/CLion_Tools/arm-none-eabi/13.3 rel1/bin/../lib/gcc/arm-none-eabi/13.3.1/thumb/v7-m/nofp\libg.a(libc_a-init.o)
                0x08003794                __libc_init_array
 .text.__retarget_lock_init_recursive
                0x080037e4        0x4 D:/CLion_Tools/arm-none-eabi/13.3 rel1/bin/../lib/gcc/arm-none-eabi/13.3.1/thumb/v7-m/nofp\libg.a(libc_a-lock.o)
                0x080037e4                __retarget_lock_init_recursive
 .text.__retarget_lock_close_recursive
                0x080037e8        0x4 D:/CLion_Tools/arm-none-eabi/13.3 rel1/bin/../lib/gcc/arm-none-eabi/13.3.1/thumb/v7-m/nofp\libg.a(libc_a-lock.o)
                0x080037e8                __retarget_lock_close_recursive
 .text.__retarget_lock_acquire_recursive
                0x080037ec        0x4 D:/CLion_Tools/arm-none-eabi/13.3 rel1/bin/../lib/gcc/arm-none-eabi/13.3.1/thumb/v7-m/nofp\libg.a(libc_a-lock.o)
                0x080037ec                __retarget_lock_acquire_recursive
 .text.__retarget_lock_release_recursive
                0x080037f0        0x4 D:/CLion_Tools/arm-none-eabi/13.3 rel1/bin/../lib/gcc/arm-none-eabi/13.3.1/thumb/v7-m/nofp\libg.a(libc_a-lock.o)
                0x080037f0                __retarget_lock_release_recursive
 .text.strlen   0x080037f4       0x5c D:/CLion_Tools/arm-none-eabi/13.3 rel1/bin/../lib/gcc/arm-none-eabi/13.3.1/thumb/v7-m/nofp\libg.a(libc_a-strlen-stub.o)
                0x080037f4                strlen
 .text.startup.register_fini
                0x08003850       0x14 D:/CLion_Tools/arm-none-eabi/13.3 rel1/bin/../lib/gcc/arm-none-eabi/13.3.1/thumb/v7-m/nofp\libg.a(libc_a-__call_atexit.o)
 .text.atexit   0x08003864        0xc D:/CLion_Tools/arm-none-eabi/13.3 rel1/bin/../lib/gcc/arm-none-eabi/13.3.1/thumb/v7-m/nofp\libg.a(libc_a-atexit.o)
                0x08003864                atexit
 .text._malloc_trim_r
                0x08003870       0xb8 D:/CLion_Tools/arm-none-eabi/13.3 rel1/bin/../lib/gcc/arm-none-eabi/13.3.1/thumb/v7-m/nofp\libg.a(libc_a-freer.o)
                0x08003870                _malloc_trim_r
 .text._free_r  0x08003928      0x1f8 D:/CLion_Tools/arm-none-eabi/13.3 rel1/bin/../lib/gcc/arm-none-eabi/13.3.1/thumb/v7-m/nofp\libg.a(libc_a-freer.o)
                0x08003928                _free_r
 .text._malloc_r
                0x08003b20      0x568 D:/CLion_Tools/arm-none-eabi/13.3 rel1/bin/../lib/gcc/arm-none-eabi/13.3.1/thumb/v7-m/nofp\libg.a(libc_a-mallocr.o)
                0x08003b20                _malloc_r
 .text.__malloc_lock
                0x08004088        0xc D:/CLion_Tools/arm-none-eabi/13.3 rel1/bin/../lib/gcc/arm-none-eabi/13.3.1/thumb/v7-m/nofp\libg.a(libc_a-mlock.o)
                0x08004088                __malloc_lock
 .text.__malloc_unlock
                0x08004094        0xc D:/CLion_Tools/arm-none-eabi/13.3 rel1/bin/../lib/gcc/arm-none-eabi/13.3.1/thumb/v7-m/nofp\libg.a(libc_a-mlock.o)
                0x08004094                __malloc_unlock
 .text._svfprintf_r
                0x080040a0     0x1b2c D:/CLion_Tools/arm-none-eabi/13.3 rel1/bin/../lib/gcc/arm-none-eabi/13.3.1/thumb/v7-m/nofp\libg.a(libc_a-svfprintf.o)
                0x080040a0                _svfprintf_r
 .text.__ssprint_r
                0x08005bcc       0x58 D:/CLion_Tools/arm-none-eabi/13.3 rel1/bin/../lib/gcc/arm-none-eabi/13.3.1/thumb/v7-m/nofp\libg.a(libc_a-ssprint_r.o)
                0x08005bcc                __ssprint_r
 .text._fclose_r
                0x08005c24       0xc0 D:/CLion_Tools/arm-none-eabi/13.3 rel1/bin/../lib/gcc/arm-none-eabi/13.3.1/thumb/v7-m/nofp\libg.a(libc_a-fclose.o)
                0x08005c24                _fclose_r
 .text.__sflush_r
                0x08005ce4      0x128 D:/CLion_Tools/arm-none-eabi/13.3 rel1/bin/../lib/gcc/arm-none-eabi/13.3.1/thumb/v7-m/nofp\libg.a(libc_a-fflush.o)
                0x08005ce4                __sflush_r
 .text._fflush_r
                0x08005e0c       0x54 D:/CLion_Tools/arm-none-eabi/13.3 rel1/bin/../lib/gcc/arm-none-eabi/13.3.1/thumb/v7-m/nofp\libg.a(libc_a-fflush.o)
                0x08005e0c                _fflush_r
 .text.strncpy  0x08005e60       0x6c D:/CLion_Tools/arm-none-eabi/13.3 rel1/bin/../lib/gcc/arm-none-eabi/13.3.1/thumb/v7-m/nofp\libg.a(libc_a-strncpy.o)
                0x08005e60                strncpy
 .text.__locale_mb_cur_max
                0x08005ecc        0xc D:/CLion_Tools/arm-none-eabi/13.3 rel1/bin/../lib/gcc/arm-none-eabi/13.3.1/thumb/v7-m/nofp\libg.a(libc_a-locale.o)
                0x08005ecc                __locale_mb_cur_max
 .text._localeconv_r
                0x08005ed8        0x8 D:/CLion_Tools/arm-none-eabi/13.3 rel1/bin/../lib/gcc/arm-none-eabi/13.3.1/thumb/v7-m/nofp\libg.a(libc_a-localeconv.o)
                0x08005ed8                _localeconv_r
 .text._sbrk_r  0x08005ee0       0x24 D:/CLion_Tools/arm-none-eabi/13.3 rel1/bin/../lib/gcc/arm-none-eabi/13.3.1/thumb/v7-m/nofp\libg.a(libc_a-sbrkr.o)
                0x08005ee0                _sbrk_r
 .text.__libc_fini_array
                0x08005f04       0x28 D:/CLion_Tools/arm-none-eabi/13.3 rel1/bin/../lib/gcc/arm-none-eabi/13.3.1/thumb/v7-m/nofp\libg.a(libc_a-fini.o)
                0x08005f04                __libc_fini_array
 .text.sysconf  0x08005f2c       0x1c D:/CLion_Tools/arm-none-eabi/13.3 rel1/bin/../lib/gcc/arm-none-eabi/13.3.1/thumb/v7-m/nofp\libg.a(libc_a-sysconf.o)
                0x08005f2c                sysconf
 .text.memchr   0x08005f48       0x98 D:/CLion_Tools/arm-none-eabi/13.3 rel1/bin/../lib/gcc/arm-none-eabi/13.3.1/thumb/v7-m/nofp\libg.a(libc_a-memchr-stub.o)
                0x08005f48                memchr
 .text.frexp    0x08005fe0       0x6c D:/CLion_Tools/arm-none-eabi/13.3 rel1/bin/../lib/gcc/arm-none-eabi/13.3.1/thumb/v7-m/nofp\libg.a(libm_a-s_frexp.o)
                0x08005fe0                frexp
 .text.__register_exitproc
                0x0800604c       0x80 D:/CLion_Tools/arm-none-eabi/13.3 rel1/bin/../lib/gcc/arm-none-eabi/13.3.1/thumb/v7-m/nofp\libg.a(libc_a-__atexit.o)
                0x0800604c                __register_exitproc
 .text.quorem   0x080060cc      0x13c D:/CLion_Tools/arm-none-eabi/13.3 rel1/bin/../lib/gcc/arm-none-eabi/13.3.1/thumb/v7-m/nofp\libg.a(libc_a-dtoa.o)
 .text._dtoa_r  0x08006208      0xe94 D:/CLion_Tools/arm-none-eabi/13.3 rel1/bin/../lib/gcc/arm-none-eabi/13.3.1/thumb/v7-m/nofp\libg.a(libc_a-dtoa.o)
                0x08006208                _dtoa_r
 .text.__ascii_mbtowc
                0x0800709c       0x2c D:/CLion_Tools/arm-none-eabi/13.3 rel1/bin/../lib/gcc/arm-none-eabi/13.3.1/thumb/v7-m/nofp\libg.a(libc_a-mbtowc_r.o)
                0x0800709c                __ascii_mbtowc
 .text._Balloc  0x080070c8       0x4c D:/CLion_Tools/arm-none-eabi/13.3 rel1/bin/../lib/gcc/arm-none-eabi/13.3.1/thumb/v7-m/nofp\libg.a(libc_a-mprec.o)
                0x080070c8                _Balloc
 .text._Bfree   0x08007114       0x14 D:/CLion_Tools/arm-none-eabi/13.3 rel1/bin/../lib/gcc/arm-none-eabi/13.3.1/thumb/v7-m/nofp\libg.a(libc_a-mprec.o)
                0x08007114                _Bfree
 .text.__multadd
                0x08007128       0xa4 D:/CLion_Tools/arm-none-eabi/13.3 rel1/bin/../lib/gcc/arm-none-eabi/13.3.1/thumb/v7-m/nofp\libg.a(libc_a-mprec.o)
                0x08007128                __multadd
 .text.__hi0bits
                0x080071cc       0x44 D:/CLion_Tools/arm-none-eabi/13.3 rel1/bin/../lib/gcc/arm-none-eabi/13.3.1/thumb/v7-m/nofp\libg.a(libc_a-mprec.o)
                0x080071cc                __hi0bits
 .text.__lo0bits
                0x08007210       0x5c D:/CLion_Tools/arm-none-eabi/13.3 rel1/bin/../lib/gcc/arm-none-eabi/13.3.1/thumb/v7-m/nofp\libg.a(libc_a-mprec.o)
                0x08007210                __lo0bits
 .text.__i2b    0x0800726c       0x5c D:/CLion_Tools/arm-none-eabi/13.3 rel1/bin/../lib/gcc/arm-none-eabi/13.3.1/thumb/v7-m/nofp\libg.a(libc_a-mprec.o)
                0x0800726c                __i2b
 .text.__multiply
                0x080072c8      0x164 D:/CLion_Tools/arm-none-eabi/13.3 rel1/bin/../lib/gcc/arm-none-eabi/13.3.1/thumb/v7-m/nofp\libg.a(libc_a-mprec.o)
                0x080072c8                __multiply
 .text.__pow5mult
                0x0800742c       0xb4 D:/CLion_Tools/arm-none-eabi/13.3 rel1/bin/../lib/gcc/arm-none-eabi/13.3.1/thumb/v7-m/nofp\libg.a(libc_a-mprec.o)
                0x0800742c                __pow5mult
 .text.__lshift
                0x080074e0       0xec D:/CLion_Tools/arm-none-eabi/13.3 rel1/bin/../lib/gcc/arm-none-eabi/13.3.1/thumb/v7-m/nofp\libg.a(libc_a-mprec.o)
                0x080074e0                __lshift
 .text.__mcmp   0x080075cc       0x40 D:/CLion_Tools/arm-none-eabi/13.3 rel1/bin/../lib/gcc/arm-none-eabi/13.3.1/thumb/v7-m/nofp\libg.a(libc_a-mprec.o)
                0x080075cc                __mcmp
 .text.__mdiff  0x0800760c      0x178 D:/CLion_Tools/arm-none-eabi/13.3 rel1/bin/../lib/gcc/arm-none-eabi/13.3.1/thumb/v7-m/nofp\libg.a(libc_a-mprec.o)
                0x0800760c                __mdiff
 .text.__d2b    0x08007784       0xbc D:/CLion_Tools/arm-none-eabi/13.3 rel1/bin/../lib/gcc/arm-none-eabi/13.3.1/thumb/v7-m/nofp\libg.a(libc_a-mprec.o)
                0x08007784                __d2b
 .text.__ascii_wctomb
                0x08007840       0x1c D:/CLion_Tools/arm-none-eabi/13.3 rel1/bin/../lib/gcc/arm-none-eabi/13.3.1/thumb/v7-m/nofp\libg.a(libc_a-wctomb_r.o)
                0x08007840                __ascii_wctomb
 .text._wcrtomb_r
                0x0800785c       0x4c D:/CLion_Tools/arm-none-eabi/13.3 rel1/bin/../lib/gcc/arm-none-eabi/13.3.1/thumb/v7-m/nofp\libg.a(libc_a-wcrtomb.o)
                0x0800785c                _wcrtomb_r
 .text._wcsrtombs_r
                0x080078a8       0x18 D:/CLion_Tools/arm-none-eabi/13.3 rel1/bin/../lib/gcc/arm-none-eabi/13.3.1/thumb/v7-m/nofp\libg.a(libc_a-wcsrtombs.o)
                0x080078a8                _wcsrtombs_r
 .text.__ssputs_r
                0x080078c0       0xc0 D:/CLion_Tools/arm-none-eabi/13.3 rel1/bin/../lib/gcc/arm-none-eabi/13.3.1/thumb/v7-m/nofp\libg.a(libc_a-ssputs_r.o)
                0x080078c0                __ssputs_r
 .text.memmove  0x08007980       0xfc D:/CLion_Tools/arm-none-eabi/13.3 rel1/bin/../lib/gcc/arm-none-eabi/13.3.1/thumb/v7-m/nofp\libg.a(libc_a-memmove.o)
                0x08007980                memmove
 .text.__assert_func
                0x08007a7c       0x40 D:/CLion_Tools/arm-none-eabi/13.3 rel1/bin/../lib/gcc/arm-none-eabi/13.3.1/thumb/v7-m/nofp\libg.a(libc_a-assert.o)
                0x08007a7c                __assert_func
 .text._calloc_r
                0x08007abc       0x6c D:/CLion_Tools/arm-none-eabi/13.3 rel1/bin/../lib/gcc/arm-none-eabi/13.3.1/thumb/v7-m/nofp\libg.a(libc_a-callocr.o)
                0x08007abc                _calloc_r
 .text._realloc_r
                0x08007b28      0x34c D:/CLion_Tools/arm-none-eabi/13.3 rel1/bin/../lib/gcc/arm-none-eabi/13.3.1/thumb/v7-m/nofp\libg.a(libc_a-reallocr.o)
                0x08007b28                _realloc_r
 .text._wcsnrtombs_l
                0x08007e74       0xec D:/CLion_Tools/arm-none-eabi/13.3 rel1/bin/../lib/gcc/arm-none-eabi/13.3.1/thumb/v7-m/nofp\libg.a(libc_a-wcsnrtombs.o)
                0x08007e74                _wcsnrtombs_l
 .text._wcsnrtombs_r
                0x08007f60       0x24 D:/CLion_Tools/arm-none-eabi/13.3 rel1/bin/../lib/gcc/arm-none-eabi/13.3.1/thumb/v7-m/nofp\libg.a(libc_a-wcsnrtombs.o)
                0x08007f60                _wcsnrtombs_r
 .text.fiprintf
                0x08007f84       0x28 D:/CLion_Tools/arm-none-eabi/13.3 rel1/bin/../lib/gcc/arm-none-eabi/13.3.1/thumb/v7-m/nofp\libg.a(libc_a-fiprintf.o)
                0x08007f84                fiprintf
 .text._vfiprintf_r
                0x08007fac      0xeb8 D:/CLion_Tools/arm-none-eabi/13.3 rel1/bin/../lib/gcc/arm-none-eabi/13.3.1/thumb/v7-m/nofp\libg.a(libc_a-vfiprintf.o)
                0x08007fac                _vfiprintf_r
 .text.__sbprintf
                0x08008e64       0x80 D:/CLion_Tools/arm-none-eabi/13.3 rel1/bin/../lib/gcc/arm-none-eabi/13.3.1/thumb/v7-m/nofp\libg.a(libc_a-vfiprintf.o)
 .text.__sprint_r
                0x08008ee4       0x20 D:/CLion_Tools/arm-none-eabi/13.3 rel1/bin/../lib/gcc/arm-none-eabi/13.3.1/thumb/v7-m/nofp\libg.a(libc_a-sprint_r.o)
                0x08008ee4                __sprint_r
 .text.__sfvwrite_r
                0x08008f04      0x2ec D:/CLion_Tools/arm-none-eabi/13.3 rel1/bin/../lib/gcc/arm-none-eabi/13.3.1/thumb/v7-m/nofp\libg.a(libc_a-fvwrite.o)
                0x08008f04                __sfvwrite_r
 .text.__swsetup_r
                0x080091f0       0xc4 D:/CLion_Tools/arm-none-eabi/13.3 rel1/bin/../lib/gcc/arm-none-eabi/13.3.1/thumb/v7-m/nofp\libg.a(libc_a-wsetup.o)
                0x080091f0                __swsetup_r
 .text.abort    0x080092b4       0x10 D:/CLion_Tools/arm-none-eabi/13.3 rel1/bin/../lib/gcc/arm-none-eabi/13.3.1/thumb/v7-m/nofp\libg.a(libc_a-abort.o)
                0x080092b4                abort
 .text.__smakebuf_r
                0x080092c4       0xdc D:/CLion_Tools/arm-none-eabi/13.3 rel1/bin/../lib/gcc/arm-none-eabi/13.3.1/thumb/v7-m/nofp\libg.a(libc_a-makebuf.o)
                0x080092c4                __smakebuf_r
 .text.raise    0x080093a0       0x58 D:/CLion_Tools/arm-none-eabi/13.3 rel1/bin/../lib/gcc/arm-none-eabi/13.3.1/thumb/v7-m/nofp\libg.a(libc_a-signal.o)
                0x080093a0                raise
 .text._fstat_r
                0x080093f8       0x28 D:/CLion_Tools/arm-none-eabi/13.3 rel1/bin/../lib/gcc/arm-none-eabi/13.3.1/thumb/v7-m/nofp\libg.a(libc_a-fstatr.o)
                0x080093f8                _fstat_r
 .text._isatty_r
                0x08009420       0x24 D:/CLion_Tools/arm-none-eabi/13.3 rel1/bin/../lib/gcc/arm-none-eabi/13.3.1/thumb/v7-m/nofp\libg.a(libc_a-isattyr.o)
                0x08009420                _isatty_r
 .text._kill_r  0x08009444       0x28 D:/CLion_Tools/arm-none-eabi/13.3 rel1/bin/../lib/gcc/arm-none-eabi/13.3.1/thumb/v7-m/nofp\libg.a(libc_a-signalr.o)
                0x08009444                _kill_r
 .text._getpid_r
                0x0800946c        0x4 D:/CLion_Tools/arm-none-eabi/13.3 rel1/bin/../lib/gcc/arm-none-eabi/13.3.1/thumb/v7-m/nofp\libg.a(libc_a-signalr.o)
                0x0800946c                _getpid_r
 *(.glue_7)
 .glue_7        0x08009470        0x0 linker stubs
 *(.glue_7t)
 .glue_7t       0x08009470        0x0 linker stubs
 *(.eh_frame)
 .eh_frame      0x08009470        0x0 D:/CLion_Tools/arm-none-eabi/13.3 rel1/bin/../lib/gcc/arm-none-eabi/13.3.1/thumb/v7-m/nofp/crtbegin.o
 *(.init)
 .init          0x08009470        0x4 D:/CLion_Tools/arm-none-eabi/13.3 rel1/bin/../lib/gcc/arm-none-eabi/13.3.1/thumb/v7-m/nofp/crti.o
                0x08009470                _init
 .init          0x08009474        0x8 D:/CLion_Tools/arm-none-eabi/13.3 rel1/bin/../lib/gcc/arm-none-eabi/13.3.1/thumb/v7-m/nofp/crtn.o
 *(.fini)
 .fini          0x0800947c        0x4 D:/CLion_Tools/arm-none-eabi/13.3 rel1/bin/../lib/gcc/arm-none-eabi/13.3.1/thumb/v7-m/nofp/crti.o
                0x0800947c                _fini
 .fini          0x08009480        0x8 D:/CLion_Tools/arm-none-eabi/13.3 rel1/bin/../lib/gcc/arm-none-eabi/13.3.1/thumb/v7-m/nofp/crtn.o
                0x08009488                        . = ALIGN (0x4)
                0x08009488                        _etext = .

.vfp11_veneer   0x08009488        0x0
 .vfp11_veneer  0x08009488        0x0 linker stubs

.v4_bx          0x08009488        0x0
 .v4_bx         0x08009488        0x0 linker stubs

.iplt           0x08009488        0x0
 .iplt          0x08009488        0x0 D:/CLion_Tools/arm-none-eabi/13.3 rel1/bin/../lib/gcc/arm-none-eabi/13.3.1/thumb/v7-m/nofp/crtbegin.o

.rodata         0x08009488      0x450
                0x08009488                        . = ALIGN (0x4)
 *(.rodata)
 *(.rodata*)
 .rodata.motor_ctrl.str1.4
                0x08009488      0x1e3 CMakeFiles/myCAR111.elf.dir/Core/Src/main.c.obj
                                 0x25 (size before relaxing)
 .rodata.HAL_TIM_PeriodElapsedCallback.str1.4
                0x0800966b        0xa CMakeFiles/myCAR111.elf.dir/Core/Src/main.c.obj
 .rodata.HAL_UARTEx_RxEventCallback.str1.4
                0x0800966b        0x3 CMakeFiles/myCAR111.elf.dir/Core/Src/main.c.obj
 .rodata.main.str1.4
                0x0800966b        0x4 CMakeFiles/myCAR111.elf.dir/Core/Src/main.c.obj
 *fill*         0x0800966b        0x1 
 .rodata.APBPrescTable
                0x0800966c        0x8 CMakeFiles/myCAR111.elf.dir/Core/Src/system_stm32f1xx.c.obj
                0x0800966c                APBPrescTable
 .rodata.AHBPrescTable
                0x08009674       0x10 CMakeFiles/myCAR111.elf.dir/Core/Src/system_stm32f1xx.c.obj
                0x08009674                AHBPrescTable
 .rodata.aPredivFactorTable.0
                0x08009684        0x2 CMakeFiles/myCAR111.elf.dir/Drivers/STM32F1xx_HAL_Driver/Src/stm32f1xx_hal_rcc.c.obj
 *fill*         0x08009686        0x2 
 .rodata.aPLLMULFactorTable.1
                0x08009688       0x10 CMakeFiles/myCAR111.elf.dir/Drivers/STM32F1xx_HAL_Driver/Src/stm32f1xx_hal_rcc.c.obj
 .rodata._ctype_
                0x08009698      0x101 D:/CLion_Tools/arm-none-eabi/13.3 rel1/bin/../lib/gcc/arm-none-eabi/13.3.1/thumb/v7-m/nofp\libg.a(libc_a-ctype_.o)
                0x08009698                _ctype_
 .rodata._svfprintf_r.str1.4
                0x08009799       0x42 D:/CLion_Tools/arm-none-eabi/13.3 rel1/bin/../lib/gcc/arm-none-eabi/13.3.1/thumb/v7-m/nofp\libg.a(libc_a-svfprintf.o)
 *fill*         0x08009799        0x3 
 .rodata.zeroes.0
                0x0800979c       0x10 D:/CLion_Tools/arm-none-eabi/13.3 rel1/bin/../lib/gcc/arm-none-eabi/13.3.1/thumb/v7-m/nofp\libg.a(libc_a-svfprintf.o)
 .rodata.blanks.1
                0x080097ac       0x10 D:/CLion_Tools/arm-none-eabi/13.3 rel1/bin/../lib/gcc/arm-none-eabi/13.3.1/thumb/v7-m/nofp\libg.a(libc_a-svfprintf.o)
 .rodata.str1.4
                0x080097bc       0x4c D:/CLion_Tools/arm-none-eabi/13.3 rel1/bin/../lib/gcc/arm-none-eabi/13.3.1/thumb/v7-m/nofp\libg.a(libc_a-locale.o)
 .rodata._dtoa_r.str1.4
                0x080097bc       0x81 D:/CLion_Tools/arm-none-eabi/13.3 rel1/bin/../lib/gcc/arm-none-eabi/13.3.1/thumb/v7-m/nofp\libg.a(libc_a-dtoa.o)
 .rodata.__multadd.str1.4
                0x080097bc       0x6e D:/CLion_Tools/arm-none-eabi/13.3 rel1/bin/../lib/gcc/arm-none-eabi/13.3.1/thumb/v7-m/nofp\libg.a(libc_a-mprec.o)
 .rodata.p05.0  0x080097bc        0xc D:/CLion_Tools/arm-none-eabi/13.3 rel1/bin/../lib/gcc/arm-none-eabi/13.3.1/thumb/v7-m/nofp\libg.a(libc_a-mprec.o)
 .rodata.__mprec_bigtens
                0x080097c8       0x28 D:/CLion_Tools/arm-none-eabi/13.3 rel1/bin/../lib/gcc/arm-none-eabi/13.3.1/thumb/v7-m/nofp\libg.a(libc_a-mprec.o)
                0x080097c8                __mprec_bigtens
 .rodata.__mprec_tens
                0x080097f0       0xc8 D:/CLion_Tools/arm-none-eabi/13.3 rel1/bin/../lib/gcc/arm-none-eabi/13.3.1/thumb/v7-m/nofp\libg.a(libc_a-mprec.o)
                0x080097f0                __mprec_tens
 .rodata.__assert_func.str1.4
                0x080098b8       0x43 D:/CLion_Tools/arm-none-eabi/13.3 rel1/bin/../lib/gcc/arm-none-eabi/13.3.1/thumb/v7-m/nofp\libg.a(libc_a-assert.o)
 .rodata._vfiprintf_r.str1.4
                0x080098b8       0x2f D:/CLion_Tools/arm-none-eabi/13.3 rel1/bin/../lib/gcc/arm-none-eabi/13.3.1/thumb/v7-m/nofp\libg.a(libc_a-vfiprintf.o)
 .rodata.zeroes.0
                0x080098b8       0x10 D:/CLion_Tools/arm-none-eabi/13.3 rel1/bin/../lib/gcc/arm-none-eabi/13.3.1/thumb/v7-m/nofp\libg.a(libc_a-vfiprintf.o)
 .rodata.blanks.1
                0x080098c8       0x10 D:/CLion_Tools/arm-none-eabi/13.3 rel1/bin/../lib/gcc/arm-none-eabi/13.3.1/thumb/v7-m/nofp\libg.a(libc_a-vfiprintf.o)
                0x080098fc                        . = ALIGN (0x4)

.ARM.extab      0x080098d8        0x0
                0x080098d8                        . = ALIGN (0x4)
 *(.ARM.extab* .gnu.linkonce.armextab.*)
                0x080098d8                        . = ALIGN (0x4)

.ARM            0x080098d8        0x8
                0x080098d8                        . = ALIGN (0x4)
                0x080098d8                        __exidx_start = .
 *(.ARM.exidx*)
 .ARM.exidx     0x080098d8        0x8 D:/CLion_Tools/arm-none-eabi/13.3 rel1/bin/../lib/gcc/arm-none-eabi/13.3.1/thumb/v7-m/nofp\libg.a(libc_a-strcmp.o)
 .ARM.exidx     0x080098e0        0x0 D:/CLion_Tools/arm-none-eabi/13.3 rel1/bin/../lib/gcc/arm-none-eabi/13.3.1/thumb/v7-m/nofp\libg.a(libc_a-memcpy.o)
                                  0x8 (size before relaxing)
                0x080098e0                        __exidx_end = .
                0x080098e0                        . = ALIGN (0x4)

.preinit_array  0x080098e0        0x0
                0x080098e0                        . = ALIGN (0x4)
                0x080098e0                        PROVIDE (__preinit_array_start = .)
 *(.preinit_array*)
                0x080098e0                        PROVIDE (__preinit_array_end = .)
                0x080098e0                        . = ALIGN (0x4)

.init_array     0x080098e0        0x8
                0x080098e0                        . = ALIGN (0x4)
                0x080098e0                        PROVIDE (__init_array_start = .)
 *(SORT_BY_NAME(.init_array.*))
 .init_array.00000
                0x080098e0        0x4 D:/CLion_Tools/arm-none-eabi/13.3 rel1/bin/../lib/gcc/arm-none-eabi/13.3.1/thumb/v7-m/nofp\libg.a(libc_a-__call_atexit.o)
 *(.init_array*)
 .init_array    0x080098e4        0x4 D:/CLion_Tools/arm-none-eabi/13.3 rel1/bin/../lib/gcc/arm-none-eabi/13.3.1/thumb/v7-m/nofp/crtbegin.o
                0x080098e8                        PROVIDE (__init_array_end = .)
                0x080098e8                        . = ALIGN (0x4)

.fini_array     0x080098e8        0x4
                0x080098e8                        . = ALIGN (0x4)
                0x080098e8                        PROVIDE (__fini_array_start = .)
 *(SORT_BY_NAME(.fini_array.*))
 *(.fini_array*)
 .fini_array    0x080098e8        0x4 D:/CLion_Tools/arm-none-eabi/13.3 rel1/bin/../lib/gcc/arm-none-eabi/13.3.1/thumb/v7-m/nofp/crtbegin.o
                0x080098ec                        PROVIDE (__fini_array_end = .)
                0x080098ec                        . = ALIGN (0x4)
                0x080098ec                        _sidata = LOADADDR (.data)

.rel.dyn        0x080098ec        0x0
 .rel.iplt      0x080098ec        0x0 D:/CLion_Tools/arm-none-eabi/13.3 rel1/bin/../lib/gcc/arm-none-eabi/13.3.1/thumb/v7-m/nofp/crtbegin.o

.data           0x20000000      0x6e4 load address 0x080098ec
                0x20000000                        . = ALIGN (0x4)
                0x20000000                        _sdata = .
 *(.data)
 *(.data*)
 .data.ccr      0x20000000        0x4 CMakeFiles/myCAR111.elf.dir/Core/Src/main.c.obj
                0x20000000                ccr
 .data.SystemCoreClock
                0x20000004        0x4 CMakeFiles/myCAR111.elf.dir/Core/Src/system_stm32f1xx.c.obj
                0x20000004                SystemCoreClock
 .data.uwTickFreq
                0x20000008        0x1 CMakeFiles/myCAR111.elf.dir/Drivers/STM32F1xx_HAL_Driver/Src/stm32f1xx_hal.c.obj
                0x20000008                uwTickFreq
 *fill*         0x20000009        0x3 
 .data.uwTickPrio
                0x2000000c        0x4 CMakeFiles/myCAR111.elf.dir/Drivers/STM32F1xx_HAL_Driver/Src/stm32f1xx_hal.c.obj
                0x2000000c                uwTickPrio
 .data.__sglue  0x20000010        0xc D:/CLion_Tools/arm-none-eabi/13.3 rel1/bin/../lib/gcc/arm-none-eabi/13.3.1/thumb/v7-m/nofp\libg.a(libc_a-findfp.o)
                0x20000010                __sglue
 .data._impure_ptr
                0x2000001c        0x4 D:/CLion_Tools/arm-none-eabi/13.3 rel1/bin/../lib/gcc/arm-none-eabi/13.3.1/thumb/v7-m/nofp\libg.a(libc_a-impure.o)
                0x2000001c                _impure_ptr
 .data._impure_data
                0x20000020      0x140 D:/CLion_Tools/arm-none-eabi/13.3 rel1/bin/../lib/gcc/arm-none-eabi/13.3.1/thumb/v7-m/nofp\libg.a(libc_a-impure.o)
                0x20000020                _impure_data
 .data.__atexit_recursive_mutex
                0x20000160        0x4 D:/CLion_Tools/arm-none-eabi/13.3 rel1/bin/../lib/gcc/arm-none-eabi/13.3.1/thumb/v7-m/nofp\libg.a(libc_a-__call_atexit.o)
                0x20000160                __atexit_recursive_mutex
 .data.__malloc_sbrk_base
                0x20000164        0x4 D:/CLion_Tools/arm-none-eabi/13.3 rel1/bin/../lib/gcc/arm-none-eabi/13.3.1/thumb/v7-m/nofp\libg.a(libc_a-mallocr.o)
                0x20000164                __malloc_sbrk_base
 .data.__malloc_trim_threshold
                0x20000168        0x4 D:/CLion_Tools/arm-none-eabi/13.3 rel1/bin/../lib/gcc/arm-none-eabi/13.3.1/thumb/v7-m/nofp\libg.a(libc_a-mallocr.o)
                0x20000168                __malloc_trim_threshold
 *fill*         0x2000016c        0x4 
 .data.__malloc_av_
                0x20000170      0x408 D:/CLion_Tools/arm-none-eabi/13.3 rel1/bin/../lib/gcc/arm-none-eabi/13.3.1/thumb/v7-m/nofp\libg.a(libc_a-mallocr.o)
                0x20000170                __malloc_av_
 .data.__global_locale
                0x20000578      0x16c D:/CLion_Tools/arm-none-eabi/13.3 rel1/bin/../lib/gcc/arm-none-eabi/13.3.1/thumb/v7-m/nofp\libg.a(libc_a-locale.o)
                0x20000578                __global_locale
 *(.RamFunc)
 *(.RamFunc*)
                0x200006e4                        . = ALIGN (0x4)
                0x200006e4                        _edata = .

.tm_clone_table
                0x200006e4        0x0 load address 0x08009fd0
 .tm_clone_table
                0x200006e4        0x0 D:/CLion_Tools/arm-none-eabi/13.3 rel1/bin/../lib/gcc/arm-none-eabi/13.3.1/thumb/v7-m/nofp/crtbegin.o
 .tm_clone_table
                0x200006e4        0x0 D:/CLion_Tools/arm-none-eabi/13.3 rel1/bin/../lib/gcc/arm-none-eabi/13.3.1/thumb/v7-m/nofp/crtend.o

.igot.plt       0x200006e4        0x0 load address 0x08009fd0
 .igot.plt      0x200006e4        0x0 D:/CLion_Tools/arm-none-eabi/13.3 rel1/bin/../lib/gcc/arm-none-eabi/13.3.1/thumb/v7-m/nofp/crtbegin.o
                0x200006e4                        . = ALIGN (0x4)

.bss            0x200006e4      0x490 load address 0x08009fd0
                0x200006e4                        _sbss = .
                0x200006e4                        __bss_start__ = _sbss
 *(.bss)
 *(.bss*)
 .bss.completed.1
                0x200006e4        0x1 D:/CLion_Tools/arm-none-eabi/13.3 rel1/bin/../lib/gcc/arm-none-eabi/13.3.1/thumb/v7-m/nofp/crtbegin.o
 *fill*         0x200006e5        0x3 
 .bss.object.0  0x200006e8       0x18 D:/CLion_Tools/arm-none-eabi/13.3 rel1/bin/../lib/gcc/arm-none-eabi/13.3.1/thumb/v7-m/nofp/crtbegin.o
 .bss.count     0x20000700        0x4 CMakeFiles/myCAR111.elf.dir/Core/Src/main.c.obj
                0x20000700                count
 .bss.ReceiveData
                0x20000704       0x80 CMakeFiles/myCAR111.elf.dir/Core/Src/main.c.obj
                0x20000704                ReceiveData
 .bss.__sbrk_heap_end
                0x20000784        0x4 CMakeFiles/myCAR111.elf.dir/Core/Src/sysmem.c.obj
 .bss.htim7     0x20000788       0x48 CMakeFiles/myCAR111.elf.dir/Core/Src/tim.c.obj
                0x20000788                htim7
 .bss.hdma_usart1_rx
                0x200007d0       0x44 CMakeFiles/myCAR111.elf.dir/Core/Src/usart.c.obj
                0x200007d0                hdma_usart1_rx
 .bss.huart1    0x20000814       0x48 CMakeFiles/myCAR111.elf.dir/Core/Src/usart.c.obj
                0x20000814                huart1
 .bss.uwTick    0x2000085c        0x4 CMakeFiles/myCAR111.elf.dir/Drivers/STM32F1xx_HAL_Driver/Src/stm32f1xx_hal.c.obj
                0x2000085c                uwTick
 .bss.__sf      0x20000860      0x138 D:/CLion_Tools/arm-none-eabi/13.3 rel1/bin/../lib/gcc/arm-none-eabi/13.3.1/thumb/v7-m/nofp\libg.a(libc_a-findfp.o)
                0x20000860                __sf
 .bss.__stdio_exit_handler
                0x20000998        0x4 D:/CLion_Tools/arm-none-eabi/13.3 rel1/bin/../lib/gcc/arm-none-eabi/13.3.1/thumb/v7-m/nofp\libg.a(libc_a-findfp.o)
                0x20000998                __stdio_exit_handler
 .bss.errno     0x2000099c        0x4 D:/CLion_Tools/arm-none-eabi/13.3 rel1/bin/../lib/gcc/arm-none-eabi/13.3.1/thumb/v7-m/nofp\libg.a(libc_a-reent.o)
                0x2000099c                errno
 .bss.__lock___malloc_recursive_mutex
                0x200009a0        0x1 D:/CLion_Tools/arm-none-eabi/13.3 rel1/bin/../lib/gcc/arm-none-eabi/13.3.1/thumb/v7-m/nofp\libg.a(libc_a-lock.o)
                0x200009a0                __lock___malloc_recursive_mutex
 *fill*         0x200009a1        0x3 
 .bss.__lock___atexit_recursive_mutex
                0x200009a4        0x1 D:/CLion_Tools/arm-none-eabi/13.3 rel1/bin/../lib/gcc/arm-none-eabi/13.3.1/thumb/v7-m/nofp\libg.a(libc_a-lock.o)
                0x200009a4                __lock___atexit_recursive_mutex
 *fill*         0x200009a5        0x3 
 .bss.__lock___sfp_recursive_mutex
                0x200009a8        0x1 D:/CLion_Tools/arm-none-eabi/13.3 rel1/bin/../lib/gcc/arm-none-eabi/13.3.1/thumb/v7-m/nofp\libg.a(libc_a-lock.o)
                0x200009a8                __lock___sfp_recursive_mutex
 *fill*         0x200009a9        0x3 
 .bss.__atexit  0x200009ac        0x4 D:/CLion_Tools/arm-none-eabi/13.3 rel1/bin/../lib/gcc/arm-none-eabi/13.3.1/thumb/v7-m/nofp\libg.a(libc_a-__call_atexit.o)
                0x200009ac                __atexit
 .bss.__malloc_current_mallinfo
                0x200009b0       0x28 D:/CLion_Tools/arm-none-eabi/13.3 rel1/bin/../lib/gcc/arm-none-eabi/13.3.1/thumb/v7-m/nofp\libg.a(libc_a-mallocr.o)
                0x200009b0                __malloc_current_mallinfo
 .bss.__malloc_max_total_mem
                0x200009d8        0x4 D:/CLion_Tools/arm-none-eabi/13.3 rel1/bin/../lib/gcc/arm-none-eabi/13.3.1/thumb/v7-m/nofp\libg.a(libc_a-mallocr.o)
                0x200009d8                __malloc_max_total_mem
 .bss.__malloc_max_sbrked_mem
                0x200009dc        0x4 D:/CLion_Tools/arm-none-eabi/13.3 rel1/bin/../lib/gcc/arm-none-eabi/13.3.1/thumb/v7-m/nofp\libg.a(libc_a-mallocr.o)
                0x200009dc                __malloc_max_sbrked_mem
 .bss.__malloc_top_pad
                0x200009e0        0x4 D:/CLion_Tools/arm-none-eabi/13.3 rel1/bin/../lib/gcc/arm-none-eabi/13.3.1/thumb/v7-m/nofp\libg.a(libc_a-mallocr.o)
                0x200009e0                __malloc_top_pad
 .bss.__atexit0
                0x200009e4      0x190 D:/CLion_Tools/arm-none-eabi/13.3 rel1/bin/../lib/gcc/arm-none-eabi/13.3.1/thumb/v7-m/nofp\libg.a(libc_a-__atexit.o)
                0x200009e4                __atexit0
 *(COMMON)
                0x20000b74                        . = ALIGN (0x4)
                0x20000b74                        _ebss = .
                0x20000b74                        __bss_end__ = _ebss

._user_heap_stack
                0x20000b74      0x604 load address 0x08009fd0
                0x20000b78                        . = ALIGN (0x8)
 *fill*         0x20000b74        0x4 
                [!provide]                        PROVIDE (end = .)
                0x20000b78                        PROVIDE (_end = .)
                0x20000d78                        . = (. + _Min_Heap_Size)
 *fill*         0x20000b78      0x200 
                0x20001178                        . = (. + _Min_Stack_Size)
 *fill*         0x20000d78      0x400 
                0x20001178                        . = ALIGN (0x8)

/DISCARD/
 libc.a(*)
 libm.a(*)
 libgcc.a(*)

.ARM.attributes
                0x00000000       0x29
 *(.ARM.attributes)
 .ARM.attributes
                0x00000000       0x1d D:/CLion_Tools/arm-none-eabi/13.3 rel1/bin/../lib/gcc/arm-none-eabi/13.3.1/thumb/v7-m/nofp/crti.o
 .ARM.attributes
                0x0000001d       0x2d D:/CLion_Tools/arm-none-eabi/13.3 rel1/bin/../lib/gcc/arm-none-eabi/13.3.1/thumb/v7-m/nofp/crtbegin.o
 .ARM.attributes
                0x0000004a       0x2d CMakeFiles/myCAR111.elf.dir/Core/Src/dma.c.obj
 .ARM.attributes
                0x00000077       0x2d CMakeFiles/myCAR111.elf.dir/Core/Src/gpio.c.obj
 .ARM.attributes
                0x000000a4       0x2d CMakeFiles/myCAR111.elf.dir/Core/Src/main.c.obj
 .ARM.attributes
                0x000000d1       0x2d CMakeFiles/myCAR111.elf.dir/Core/Src/stm32f1xx_hal_msp.c.obj
 .ARM.attributes
                0x000000fe       0x2d CMakeFiles/myCAR111.elf.dir/Core/Src/stm32f1xx_it.c.obj
 .ARM.attributes
                0x0000012b       0x2d CMakeFiles/myCAR111.elf.dir/Core/Src/syscalls.c.obj
 .ARM.attributes
                0x00000158       0x2d CMakeFiles/myCAR111.elf.dir/Core/Src/sysmem.c.obj
 .ARM.attributes
                0x00000185       0x2d CMakeFiles/myCAR111.elf.dir/Core/Src/system_stm32f1xx.c.obj
 .ARM.attributes
                0x000001b2       0x2d CMakeFiles/myCAR111.elf.dir/Core/Src/tim.c.obj
 .ARM.attributes
                0x000001df       0x2d CMakeFiles/myCAR111.elf.dir/Core/Src/usart.c.obj
 .ARM.attributes
                0x0000020c       0x21 CMakeFiles/myCAR111.elf.dir/Core/Startup/startup_stm32f103zetx.s.obj
 .ARM.attributes
                0x0000022d       0x2d CMakeFiles/myCAR111.elf.dir/Drivers/STM32F1xx_HAL_Driver/Src/stm32f1xx_hal.c.obj
 .ARM.attributes
                0x0000025a       0x2d CMakeFiles/myCAR111.elf.dir/Drivers/STM32F1xx_HAL_Driver/Src/stm32f1xx_hal_cortex.c.obj
 .ARM.attributes
                0x00000287       0x2d CMakeFiles/myCAR111.elf.dir/Drivers/STM32F1xx_HAL_Driver/Src/stm32f1xx_hal_dma.c.obj
 .ARM.attributes
                0x000002b4       0x2d CMakeFiles/myCAR111.elf.dir/Drivers/STM32F1xx_HAL_Driver/Src/stm32f1xx_hal_gpio.c.obj
 .ARM.attributes
                0x000002e1       0x2d CMakeFiles/myCAR111.elf.dir/Drivers/STM32F1xx_HAL_Driver/Src/stm32f1xx_hal_rcc.c.obj
 .ARM.attributes
                0x0000030e       0x2d CMakeFiles/myCAR111.elf.dir/Drivers/STM32F1xx_HAL_Driver/Src/stm32f1xx_hal_tim.c.obj
 .ARM.attributes
                0x0000033b       0x2d CMakeFiles/myCAR111.elf.dir/Drivers/STM32F1xx_HAL_Driver/Src/stm32f1xx_hal_tim_ex.c.obj
 .ARM.attributes
                0x00000368       0x2d CMakeFiles/myCAR111.elf.dir/Drivers/STM32F1xx_HAL_Driver/Src/stm32f1xx_hal_uart.c.obj
 .ARM.attributes
                0x00000395       0x2d D:/CLion_Tools/arm-none-eabi/13.3 rel1/bin/../lib/gcc/arm-none-eabi/13.3.1/thumb/v7-m/nofp\libg.a(libc_a-atoi.o)
 .ARM.attributes
                0x000003c2       0x2d D:/CLion_Tools/arm-none-eabi/13.3 rel1/bin/../lib/gcc/arm-none-eabi/13.3.1/thumb/v7-m/nofp\libg.a(libc_a-strtol.o)
 .ARM.attributes
                0x000003ef       0x2d D:/CLion_Tools/arm-none-eabi/13.3 rel1/bin/../lib/gcc/arm-none-eabi/13.3.1/thumb/v7-m/nofp\libg.a(libc_a-ctype_.o)
 .ARM.attributes
                0x0000041c       0x2d D:/CLion_Tools/arm-none-eabi/13.3 rel1/bin/../lib/gcc/arm-none-eabi/13.3.1/thumb/v7-m/nofp\libg.a(libc_a-findfp.o)
 .ARM.attributes
                0x00000449       0x2d D:/CLion_Tools/arm-none-eabi/13.3 rel1/bin/../lib/gcc/arm-none-eabi/13.3.1/thumb/v7-m/nofp\libg.a(libc_a-fwalk.o)
 .ARM.attributes
                0x00000476       0x2d D:/CLion_Tools/arm-none-eabi/13.3 rel1/bin/../lib/gcc/arm-none-eabi/13.3.1/thumb/v7-m/nofp\libg.a(libc_a-stdio.o)
 .ARM.attributes
                0x000004a3       0x2d D:/CLion_Tools/arm-none-eabi/13.3 rel1/bin/../lib/gcc/arm-none-eabi/13.3.1/thumb/v7-m/nofp\libg.a(libc_a-vsnprintf.o)
 .ARM.attributes
                0x000004d0       0x2d D:/CLion_Tools/arm-none-eabi/13.3 rel1/bin/../lib/gcc/arm-none-eabi/13.3.1/thumb/v7-m/nofp\libg.a(libc_a-memset.o)
 .ARM.attributes
                0x000004fd       0x2d D:/CLion_Tools/arm-none-eabi/13.3 rel1/bin/../lib/gcc/arm-none-eabi/13.3.1/thumb/v7-m/nofp\libg.a(libc_a-closer.o)
 .ARM.attributes
                0x0000052a       0x2d D:/CLion_Tools/arm-none-eabi/13.3 rel1/bin/../lib/gcc/arm-none-eabi/13.3.1/thumb/v7-m/nofp\libg.a(libc_a-reent.o)
 .ARM.attributes
                0x00000557       0x2d D:/CLion_Tools/arm-none-eabi/13.3 rel1/bin/../lib/gcc/arm-none-eabi/13.3.1/thumb/v7-m/nofp\libg.a(libc_a-impure.o)
 .ARM.attributes
                0x00000584       0x2d D:/CLion_Tools/arm-none-eabi/13.3 rel1/bin/../lib/gcc/arm-none-eabi/13.3.1/thumb/v7-m/nofp\libg.a(libc_a-lseekr.o)
 .ARM.attributes
                0x000005b1       0x2d D:/CLion_Tools/arm-none-eabi/13.3 rel1/bin/../lib/gcc/arm-none-eabi/13.3.1/thumb/v7-m/nofp\libg.a(libc_a-readr.o)
 .ARM.attributes
                0x000005de       0x2d D:/CLion_Tools/arm-none-eabi/13.3 rel1/bin/../lib/gcc/arm-none-eabi/13.3.1/thumb/v7-m/nofp\libg.a(libc_a-writer.o)
 .ARM.attributes
                0x0000060b       0x2d D:/CLion_Tools/arm-none-eabi/13.3 rel1/bin/../lib/gcc/arm-none-eabi/13.3.1/thumb/v7-m/nofp\libg.a(libc_a-errno.o)
 .ARM.attributes
                0x00000638       0x2d D:/CLion_Tools/arm-none-eabi/13.3 rel1/bin/../lib/gcc/arm-none-eabi/13.3.1/thumb/v7-m/nofp\libg.a(libc_a-init.o)
 .ARM.attributes
                0x00000665       0x2d D:/CLion_Tools/arm-none-eabi/13.3 rel1/bin/../lib/gcc/arm-none-eabi/13.3.1/thumb/v7-m/nofp\libg.a(libc_a-lock.o)
 .ARM.attributes
                0x00000692       0x1b D:/CLion_Tools/arm-none-eabi/13.3 rel1/bin/../lib/gcc/arm-none-eabi/13.3.1/thumb/v7-m/nofp\libg.a(libc_a-strcmp.o)
 .ARM.attributes
                0x000006ad       0x2d D:/CLion_Tools/arm-none-eabi/13.3 rel1/bin/../lib/gcc/arm-none-eabi/13.3.1/thumb/v7-m/nofp\libg.a(libc_a-strlen-stub.o)
 .ARM.attributes
                0x000006da       0x2d D:/CLion_Tools/arm-none-eabi/13.3 rel1/bin/../lib/gcc/arm-none-eabi/13.3.1/thumb/v7-m/nofp\libg.a(libc_a-__call_atexit.o)
 .ARM.attributes
                0x00000707       0x2d D:/CLion_Tools/arm-none-eabi/13.3 rel1/bin/../lib/gcc/arm-none-eabi/13.3.1/thumb/v7-m/nofp\libg.a(libc_a-atexit.o)
 .ARM.attributes
                0x00000734       0x2d D:/CLion_Tools/arm-none-eabi/13.3 rel1/bin/../lib/gcc/arm-none-eabi/13.3.1/thumb/v7-m/nofp\libg.a(libc_a-freer.o)
 .ARM.attributes
                0x00000761       0x2d D:/CLion_Tools/arm-none-eabi/13.3 rel1/bin/../lib/gcc/arm-none-eabi/13.3.1/thumb/v7-m/nofp\libg.a(libc_a-mallocr.o)
 .ARM.attributes
                0x0000078e       0x2d D:/CLion_Tools/arm-none-eabi/13.3 rel1/bin/../lib/gcc/arm-none-eabi/13.3.1/thumb/v7-m/nofp\libg.a(libc_a-mlock.o)
 .ARM.attributes
                0x000007bb       0x2d D:/CLion_Tools/arm-none-eabi/13.3 rel1/bin/../lib/gcc/arm-none-eabi/13.3.1/thumb/v7-m/nofp\libg.a(libc_a-svfprintf.o)
 .ARM.attributes
                0x000007e8       0x2d D:/CLion_Tools/arm-none-eabi/13.3 rel1/bin/../lib/gcc/arm-none-eabi/13.3.1/thumb/v7-m/nofp\libg.a(libc_a-ssprint_r.o)
 .ARM.attributes
                0x00000815       0x2d D:/CLion_Tools/arm-none-eabi/13.3 rel1/bin/../lib/gcc/arm-none-eabi/13.3.1/thumb/v7-m/nofp\libg.a(libc_a-fclose.o)
 .ARM.attributes
                0x00000842       0x2d D:/CLion_Tools/arm-none-eabi/13.3 rel1/bin/../lib/gcc/arm-none-eabi/13.3.1/thumb/v7-m/nofp\libg.a(libc_a-fflush.o)
 .ARM.attributes
                0x0000086f       0x2d D:/CLion_Tools/arm-none-eabi/13.3 rel1/bin/../lib/gcc/arm-none-eabi/13.3.1/thumb/v7-m/nofp\libg.a(libc_a-strncpy.o)
 .ARM.attributes
                0x0000089c       0x2d D:/CLion_Tools/arm-none-eabi/13.3 rel1/bin/../lib/gcc/arm-none-eabi/13.3.1/thumb/v7-m/nofp\libg.a(libc_a-locale.o)
 .ARM.attributes
                0x000008c9       0x2d D:/CLion_Tools/arm-none-eabi/13.3 rel1/bin/../lib/gcc/arm-none-eabi/13.3.1/thumb/v7-m/nofp\libg.a(libc_a-localeconv.o)
 .ARM.attributes
                0x000008f6       0x2d D:/CLion_Tools/arm-none-eabi/13.3 rel1/bin/../lib/gcc/arm-none-eabi/13.3.1/thumb/v7-m/nofp\libg.a(libc_a-sbrkr.o)
 .ARM.attributes
                0x00000923       0x2d D:/CLion_Tools/arm-none-eabi/13.3 rel1/bin/../lib/gcc/arm-none-eabi/13.3.1/thumb/v7-m/nofp\libg.a(libc_a-fini.o)
 .ARM.attributes
                0x00000950       0x2d D:/CLion_Tools/arm-none-eabi/13.3 rel1/bin/../lib/gcc/arm-none-eabi/13.3.1/thumb/v7-m/nofp\libg.a(libc_a-sysconf.o)
 .ARM.attributes
                0x0000097d       0x2d D:/CLion_Tools/arm-none-eabi/13.3 rel1/bin/../lib/gcc/arm-none-eabi/13.3.1/thumb/v7-m/nofp\libg.a(libc_a-memchr-stub.o)
 .ARM.attributes
                0x000009aa       0x2d D:/CLion_Tools/arm-none-eabi/13.3 rel1/bin/../lib/gcc/arm-none-eabi/13.3.1/thumb/v7-m/nofp\libg.a(libm_a-s_frexp.o)
 .ARM.attributes
                0x000009d7       0x2d D:/CLion_Tools/arm-none-eabi/13.3 rel1/bin/../lib/gcc/arm-none-eabi/13.3.1/thumb/v7-m/nofp\libg.a(libc_a-__atexit.o)
 .ARM.attributes
                0x00000a04       0x2d D:/CLion_Tools/arm-none-eabi/13.3 rel1/bin/../lib/gcc/arm-none-eabi/13.3.1/thumb/v7-m/nofp\libg.a(libc_a-dtoa.o)
 .ARM.attributes
                0x00000a31       0x2d D:/CLion_Tools/arm-none-eabi/13.3 rel1/bin/../lib/gcc/arm-none-eabi/13.3.1/thumb/v7-m/nofp\libg.a(libc_a-mbtowc_r.o)
 .ARM.attributes
                0x00000a5e       0x2d D:/CLion_Tools/arm-none-eabi/13.3 rel1/bin/../lib/gcc/arm-none-eabi/13.3.1/thumb/v7-m/nofp\libg.a(libc_a-mprec.o)
 .ARM.attributes
                0x00000a8b       0x2d D:/CLion_Tools/arm-none-eabi/13.3 rel1/bin/../lib/gcc/arm-none-eabi/13.3.1/thumb/v7-m/nofp\libg.a(libc_a-wctomb_r.o)
 .ARM.attributes
                0x00000ab8       0x2d D:/CLion_Tools/arm-none-eabi/13.3 rel1/bin/../lib/gcc/arm-none-eabi/13.3.1/thumb/v7-m/nofp\libg.a(libc_a-wcrtomb.o)
 .ARM.attributes
                0x00000ae5       0x2d D:/CLion_Tools/arm-none-eabi/13.3 rel1/bin/../lib/gcc/arm-none-eabi/13.3.1/thumb/v7-m/nofp\libg.a(libc_a-wcsrtombs.o)
 .ARM.attributes
                0x00000b12       0x2d D:/CLion_Tools/arm-none-eabi/13.3 rel1/bin/../lib/gcc/arm-none-eabi/13.3.1/thumb/v7-m/nofp\libg.a(libc_a-ssputs_r.o)
 .ARM.attributes
                0x00000b3f       0x2d D:/CLion_Tools/arm-none-eabi/13.3 rel1/bin/../lib/gcc/arm-none-eabi/13.3.1/thumb/v7-m/nofp\libg.a(libc_a-memmove.o)
 .ARM.attributes
                0x00000b6c       0x1b D:/CLion_Tools/arm-none-eabi/13.3 rel1/bin/../lib/gcc/arm-none-eabi/13.3.1/thumb/v7-m/nofp\libg.a(libc_a-memcpy.o)
 .ARM.attributes
                0x00000b87       0x2d D:/CLion_Tools/arm-none-eabi/13.3 rel1/bin/../lib/gcc/arm-none-eabi/13.3.1/thumb/v7-m/nofp\libg.a(libc_a-assert.o)
 .ARM.attributes
                0x00000bb4       0x2d D:/CLion_Tools/arm-none-eabi/13.3 rel1/bin/../lib/gcc/arm-none-eabi/13.3.1/thumb/v7-m/nofp\libg.a(libc_a-callocr.o)
 .ARM.attributes
                0x00000be1       0x2d D:/CLion_Tools/arm-none-eabi/13.3 rel1/bin/../lib/gcc/arm-none-eabi/13.3.1/thumb/v7-m/nofp\libg.a(libc_a-reallocr.o)
 .ARM.attributes
                0x00000c0e       0x2d D:/CLion_Tools/arm-none-eabi/13.3 rel1/bin/../lib/gcc/arm-none-eabi/13.3.1/thumb/v7-m/nofp\libg.a(libc_a-wcsnrtombs.o)
 .ARM.attributes
                0x00000c3b       0x2d D:/CLion_Tools/arm-none-eabi/13.3 rel1/bin/../lib/gcc/arm-none-eabi/13.3.1/thumb/v7-m/nofp\libg.a(libc_a-fiprintf.o)
 .ARM.attributes
                0x00000c68       0x2d D:/CLion_Tools/arm-none-eabi/13.3 rel1/bin/../lib/gcc/arm-none-eabi/13.3.1/thumb/v7-m/nofp\libg.a(libc_a-vfiprintf.o)
 .ARM.attributes
                0x00000c95       0x2d D:/CLion_Tools/arm-none-eabi/13.3 rel1/bin/../lib/gcc/arm-none-eabi/13.3.1/thumb/v7-m/nofp\libg.a(libc_a-sprint_r.o)
 .ARM.attributes
                0x00000cc2       0x2d D:/CLion_Tools/arm-none-eabi/13.3 rel1/bin/../lib/gcc/arm-none-eabi/13.3.1/thumb/v7-m/nofp\libg.a(libc_a-fvwrite.o)
 .ARM.attributes
                0x00000cef       0x2d D:/CLion_Tools/arm-none-eabi/13.3 rel1/bin/../lib/gcc/arm-none-eabi/13.3.1/thumb/v7-m/nofp\libg.a(libc_a-wsetup.o)
 .ARM.attributes
                0x00000d1c       0x2d D:/CLion_Tools/arm-none-eabi/13.3 rel1/bin/../lib/gcc/arm-none-eabi/13.3.1/thumb/v7-m/nofp\libg.a(libc_a-abort.o)
 .ARM.attributes
                0x00000d49       0x2d D:/CLion_Tools/arm-none-eabi/13.3 rel1/bin/../lib/gcc/arm-none-eabi/13.3.1/thumb/v7-m/nofp\libg.a(libc_a-makebuf.o)
 .ARM.attributes
                0x00000d76       0x2d D:/CLion_Tools/arm-none-eabi/13.3 rel1/bin/../lib/gcc/arm-none-eabi/13.3.1/thumb/v7-m/nofp\libg.a(libc_a-signal.o)
 .ARM.attributes
                0x00000da3       0x2d D:/CLion_Tools/arm-none-eabi/13.3 rel1/bin/../lib/gcc/arm-none-eabi/13.3.1/thumb/v7-m/nofp\libg.a(libc_a-fstatr.o)
 .ARM.attributes
                0x00000dd0       0x2d D:/CLion_Tools/arm-none-eabi/13.3 rel1/bin/../lib/gcc/arm-none-eabi/13.3.1/thumb/v7-m/nofp\libg.a(libc_a-isattyr.o)
 .ARM.attributes
                0x00000dfd       0x2d D:/CLion_Tools/arm-none-eabi/13.3 rel1/bin/../lib/gcc/arm-none-eabi/13.3.1/thumb/v7-m/nofp\libg.a(libc_a-signalr.o)
 .ARM.attributes
                0x00000e2a       0x1d D:/CLion_Tools/arm-none-eabi/13.3 rel1/bin/../lib/gcc/arm-none-eabi/13.3.1/thumb/v7-m/nofp\libgcc.a(_arm_addsubdf3.o)
 .ARM.attributes
                0x00000e47       0x1d D:/CLion_Tools/arm-none-eabi/13.3 rel1/bin/../lib/gcc/arm-none-eabi/13.3.1/thumb/v7-m/nofp\libgcc.a(_arm_muldivdf3.o)
 .ARM.attributes
                0x00000e64       0x1d D:/CLion_Tools/arm-none-eabi/13.3 rel1/bin/../lib/gcc/arm-none-eabi/13.3.1/thumb/v7-m/nofp\libgcc.a(_arm_cmpdf2.o)
 .ARM.attributes
                0x00000e81       0x1d D:/CLion_Tools/arm-none-eabi/13.3 rel1/bin/../lib/gcc/arm-none-eabi/13.3.1/thumb/v7-m/nofp\libgcc.a(_arm_unorddf2.o)
 .ARM.attributes
                0x00000e9e       0x1d D:/CLion_Tools/arm-none-eabi/13.3 rel1/bin/../lib/gcc/arm-none-eabi/13.3.1/thumb/v7-m/nofp\libgcc.a(_arm_fixdfsi.o)
 .ARM.attributes
                0x00000ebb       0x2d D:/CLion_Tools/arm-none-eabi/13.3 rel1/bin/../lib/gcc/arm-none-eabi/13.3.1/thumb/v7-m/nofp/crtend.o
 .ARM.attributes
                0x00000ee8       0x1d D:/CLion_Tools/arm-none-eabi/13.3 rel1/bin/../lib/gcc/arm-none-eabi/13.3.1/thumb/v7-m/nofp/crtn.o
OUTPUT(myCAR111.elf elf32-littlearm)
LOAD linker stubs
LOAD D:/CLion_Tools/arm-none-eabi/13.3 rel1/bin/../lib/gcc/arm-none-eabi/13.3.1/thumb/v7-m/nofp\libc.a
LOAD D:/CLion_Tools/arm-none-eabi/13.3 rel1/bin/../lib/gcc/arm-none-eabi/13.3.1/thumb/v7-m/nofp\libm.a
LOAD D:/CLion_Tools/arm-none-eabi/13.3 rel1/bin/../lib/gcc/arm-none-eabi/13.3.1/thumb/v7-m/nofp\libgcc.a

.debug_info     0x00000000    0x109d2
 .debug_info    0x00000000      0x361 CMakeFiles/myCAR111.elf.dir/Core/Src/dma.c.obj
 .debug_info    0x00000361      0x37f CMakeFiles/myCAR111.elf.dir/Core/Src/gpio.c.obj
 .debug_info    0x000006e0     0x13c9 CMakeFiles/myCAR111.elf.dir/Core/Src/main.c.obj
 .debug_info    0x00001aa9      0x1f4 CMakeFiles/myCAR111.elf.dir/Core/Src/stm32f1xx_hal_msp.c.obj
 .debug_info    0x00001c9d      0x9ad CMakeFiles/myCAR111.elf.dir/Core/Src/stm32f1xx_it.c.obj
 .debug_info    0x0000264a      0x789 CMakeFiles/myCAR111.elf.dir/Core/Src/syscalls.c.obj
 .debug_info    0x00002dd3      0x171 CMakeFiles/myCAR111.elf.dir/Core/Src/sysmem.c.obj
 .debug_info    0x00002f44      0x22d CMakeFiles/myCAR111.elf.dir/Core/Src/system_stm32f1xx.c.obj
 .debug_info    0x00003171      0xa36 CMakeFiles/myCAR111.elf.dir/Core/Src/tim.c.obj
 .debug_info    0x00003ba7      0xab7 CMakeFiles/myCAR111.elf.dir/Core/Src/usart.c.obj
 .debug_info    0x0000465e       0x30 CMakeFiles/myCAR111.elf.dir/Core/Startup/startup_stm32f103zetx.s.obj
 .debug_info    0x0000468e      0x808 CMakeFiles/myCAR111.elf.dir/Drivers/STM32F1xx_HAL_Driver/Src/stm32f1xx_hal.c.obj
 .debug_info    0x00004e96      0xd3f CMakeFiles/myCAR111.elf.dir/Drivers/STM32F1xx_HAL_Driver/Src/stm32f1xx_hal_cortex.c.obj
 .debug_info    0x00005bd5      0x7f2 CMakeFiles/myCAR111.elf.dir/Drivers/STM32F1xx_HAL_Driver/Src/stm32f1xx_hal_dma.c.obj
 .debug_info    0x000063c7      0x604 CMakeFiles/myCAR111.elf.dir/Drivers/STM32F1xx_HAL_Driver/Src/stm32f1xx_hal_gpio.c.obj
 .debug_info    0x000069cb      0x9c7 CMakeFiles/myCAR111.elf.dir/Drivers/STM32F1xx_HAL_Driver/Src/stm32f1xx_hal_rcc.c.obj
 .debug_info    0x00007392     0x3c0f CMakeFiles/myCAR111.elf.dir/Drivers/STM32F1xx_HAL_Driver/Src/stm32f1xx_hal_tim.c.obj
 .debug_info    0x0000afa1     0x1aac CMakeFiles/myCAR111.elf.dir/Drivers/STM32F1xx_HAL_Driver/Src/stm32f1xx_hal_tim_ex.c.obj
 .debug_info    0x0000ca4d     0x3f85 CMakeFiles/myCAR111.elf.dir/Drivers/STM32F1xx_HAL_Driver/Src/stm32f1xx_hal_uart.c.obj

.debug_abbrev   0x00000000     0x2524
 .debug_abbrev  0x00000000      0x119 CMakeFiles/myCAR111.elf.dir/Core/Src/dma.c.obj
 .debug_abbrev  0x00000119      0x151 CMakeFiles/myCAR111.elf.dir/Core/Src/gpio.c.obj
 .debug_abbrev  0x0000026a      0x33c CMakeFiles/myCAR111.elf.dir/Core/Src/main.c.obj
 .debug_abbrev  0x000005a6       0xed CMakeFiles/myCAR111.elf.dir/Core/Src/stm32f1xx_hal_msp.c.obj
 .debug_abbrev  0x00000693      0x1a4 CMakeFiles/myCAR111.elf.dir/Core/Src/stm32f1xx_it.c.obj
 .debug_abbrev  0x00000837      0x1c1 CMakeFiles/myCAR111.elf.dir/Core/Src/syscalls.c.obj
 .debug_abbrev  0x000009f8       0xea CMakeFiles/myCAR111.elf.dir/Core/Src/sysmem.c.obj
 .debug_abbrev  0x00000ae2      0x143 CMakeFiles/myCAR111.elf.dir/Core/Src/system_stm32f1xx.c.obj
 .debug_abbrev  0x00000c25      0x235 CMakeFiles/myCAR111.elf.dir/Core/Src/tim.c.obj
 .debug_abbrev  0x00000e5a      0x237 CMakeFiles/myCAR111.elf.dir/Core/Src/usart.c.obj
 .debug_abbrev  0x00001091       0x24 CMakeFiles/myCAR111.elf.dir/Core/Startup/startup_stm32f103zetx.s.obj
 .debug_abbrev  0x000010b5      0x22d CMakeFiles/myCAR111.elf.dir/Drivers/STM32F1xx_HAL_Driver/Src/stm32f1xx_hal.c.obj
 .debug_abbrev  0x000012e2      0x36d CMakeFiles/myCAR111.elf.dir/Drivers/STM32F1xx_HAL_Driver/Src/stm32f1xx_hal_cortex.c.obj
 .debug_abbrev  0x0000164f      0x244 CMakeFiles/myCAR111.elf.dir/Drivers/STM32F1xx_HAL_Driver/Src/stm32f1xx_hal_dma.c.obj
 .debug_abbrev  0x00001893      0x1f7 CMakeFiles/myCAR111.elf.dir/Drivers/STM32F1xx_HAL_Driver/Src/stm32f1xx_hal_gpio.c.obj
 .debug_abbrev  0x00001a8a      0x2a0 CMakeFiles/myCAR111.elf.dir/Drivers/STM32F1xx_HAL_Driver/Src/stm32f1xx_hal_rcc.c.obj
 .debug_abbrev  0x00001d2a      0x270 CMakeFiles/myCAR111.elf.dir/Drivers/STM32F1xx_HAL_Driver/Src/stm32f1xx_hal_tim.c.obj
 .debug_abbrev  0x00001f9a      0x26e CMakeFiles/myCAR111.elf.dir/Drivers/STM32F1xx_HAL_Driver/Src/stm32f1xx_hal_tim_ex.c.obj
 .debug_abbrev  0x00002208      0x31c CMakeFiles/myCAR111.elf.dir/Drivers/STM32F1xx_HAL_Driver/Src/stm32f1xx_hal_uart.c.obj

.debug_aranges  0x00000000      0xcf0
 .debug_aranges
                0x00000000       0x20 CMakeFiles/myCAR111.elf.dir/Core/Src/dma.c.obj
 .debug_aranges
                0x00000020       0x20 CMakeFiles/myCAR111.elf.dir/Core/Src/gpio.c.obj
 .debug_aranges
                0x00000040       0x58 CMakeFiles/myCAR111.elf.dir/Core/Src/main.c.obj
 .debug_aranges
                0x00000098       0x20 CMakeFiles/myCAR111.elf.dir/Core/Src/stm32f1xx_hal_msp.c.obj
 .debug_aranges
                0x000000b8       0x78 CMakeFiles/myCAR111.elf.dir/Core/Src/stm32f1xx_it.c.obj
 .debug_aranges
                0x00000130       0xa8 CMakeFiles/myCAR111.elf.dir/Core/Src/syscalls.c.obj
 .debug_aranges
                0x000001d8       0x20 CMakeFiles/myCAR111.elf.dir/Core/Src/sysmem.c.obj
 .debug_aranges
                0x000001f8       0x28 CMakeFiles/myCAR111.elf.dir/Core/Src/system_stm32f1xx.c.obj
 .debug_aranges
                0x00000220       0x30 CMakeFiles/myCAR111.elf.dir/Core/Src/tim.c.obj
 .debug_aranges
                0x00000250       0x30 CMakeFiles/myCAR111.elf.dir/Core/Src/usart.c.obj
 .debug_aranges
                0x00000280       0x28 CMakeFiles/myCAR111.elf.dir/Core/Startup/startup_stm32f103zetx.s.obj
 .debug_aranges
                0x000002a8       0xe0 CMakeFiles/myCAR111.elf.dir/Drivers/STM32F1xx_HAL_Driver/Src/stm32f1xx_hal.c.obj
 .debug_aranges
                0x00000388       0xc0 CMakeFiles/myCAR111.elf.dir/Drivers/STM32F1xx_HAL_Driver/Src/stm32f1xx_hal_cortex.c.obj
 .debug_aranges
                0x00000448       0x80 CMakeFiles/myCAR111.elf.dir/Drivers/STM32F1xx_HAL_Driver/Src/stm32f1xx_hal_dma.c.obj
 .debug_aranges
                0x000004c8       0x58 CMakeFiles/myCAR111.elf.dir/Drivers/STM32F1xx_HAL_Driver/Src/stm32f1xx_hal_gpio.c.obj
 .debug_aranges
                0x00000520       0x90 CMakeFiles/myCAR111.elf.dir/Drivers/STM32F1xx_HAL_Driver/Src/stm32f1xx_hal_rcc.c.obj
 .debug_aranges
                0x000005b0      0x3d0 CMakeFiles/myCAR111.elf.dir/Drivers/STM32F1xx_HAL_Driver/Src/stm32f1xx_hal_tim.c.obj
 .debug_aranges
                0x00000980      0x168 CMakeFiles/myCAR111.elf.dir/Drivers/STM32F1xx_HAL_Driver/Src/stm32f1xx_hal_tim_ex.c.obj
 .debug_aranges
                0x00000ae8      0x208 CMakeFiles/myCAR111.elf.dir/Drivers/STM32F1xx_HAL_Driver/Src/stm32f1xx_hal_uart.c.obj

.debug_rnglists
                0x00000000      0x9d1
 .debug_rnglists
                0x00000000       0x13 CMakeFiles/myCAR111.elf.dir/Core/Src/dma.c.obj
 .debug_rnglists
                0x00000013       0x14 CMakeFiles/myCAR111.elf.dir/Core/Src/gpio.c.obj
 .debug_rnglists
                0x00000027       0x3e CMakeFiles/myCAR111.elf.dir/Core/Src/main.c.obj
 .debug_rnglists
                0x00000065       0x13 CMakeFiles/myCAR111.elf.dir/Core/Src/stm32f1xx_hal_msp.c.obj
 .debug_rnglists
                0x00000078       0x55 CMakeFiles/myCAR111.elf.dir/Core/Src/stm32f1xx_it.c.obj
 .debug_rnglists
                0x000000cd       0x79 CMakeFiles/myCAR111.elf.dir/Core/Src/syscalls.c.obj
 .debug_rnglists
                0x00000146       0x13 CMakeFiles/myCAR111.elf.dir/Core/Src/sysmem.c.obj
 .debug_rnglists
                0x00000159       0x1a CMakeFiles/myCAR111.elf.dir/Core/Src/system_stm32f1xx.c.obj
 .debug_rnglists
                0x00000173       0x1f CMakeFiles/myCAR111.elf.dir/Core/Src/tim.c.obj
 .debug_rnglists
                0x00000192       0x20 CMakeFiles/myCAR111.elf.dir/Core/Src/usart.c.obj
 .debug_rnglists
                0x000001b2       0x19 CMakeFiles/myCAR111.elf.dir/Core/Startup/startup_stm32f103zetx.s.obj
 .debug_rnglists
                0x000001cb       0xa3 CMakeFiles/myCAR111.elf.dir/Drivers/STM32F1xx_HAL_Driver/Src/stm32f1xx_hal.c.obj
 .debug_rnglists
                0x0000026e       0x8b CMakeFiles/myCAR111.elf.dir/Drivers/STM32F1xx_HAL_Driver/Src/stm32f1xx_hal_cortex.c.obj
 .debug_rnglists
                0x000002f9       0x60 CMakeFiles/myCAR111.elf.dir/Drivers/STM32F1xx_HAL_Driver/Src/stm32f1xx_hal_dma.c.obj
 .debug_rnglists
                0x00000359       0x3f CMakeFiles/myCAR111.elf.dir/Drivers/STM32F1xx_HAL_Driver/Src/stm32f1xx_hal_gpio.c.obj
 .debug_rnglists
                0x00000398       0x7d CMakeFiles/myCAR111.elf.dir/Drivers/STM32F1xx_HAL_Driver/Src/stm32f1xx_hal_rcc.c.obj
 .debug_rnglists
                0x00000415      0x301 CMakeFiles/myCAR111.elf.dir/Drivers/STM32F1xx_HAL_Driver/Src/stm32f1xx_hal_tim.c.obj
 .debug_rnglists
                0x00000716      0x11a CMakeFiles/myCAR111.elf.dir/Drivers/STM32F1xx_HAL_Driver/Src/stm32f1xx_hal_tim_ex.c.obj
 .debug_rnglists
                0x00000830      0x1a1 CMakeFiles/myCAR111.elf.dir/Drivers/STM32F1xx_HAL_Driver/Src/stm32f1xx_hal_uart.c.obj

.debug_line     0x00000000     0xe572
 .debug_line    0x00000000      0x1da CMakeFiles/myCAR111.elf.dir/Core/Src/dma.c.obj
 .debug_line    0x000001da      0x257 CMakeFiles/myCAR111.elf.dir/Core/Src/gpio.c.obj
 .debug_line    0x00000431      0x68f CMakeFiles/myCAR111.elf.dir/Core/Src/main.c.obj
 .debug_line    0x00000ac0      0x193 CMakeFiles/myCAR111.elf.dir/Core/Src/stm32f1xx_hal_msp.c.obj
 .debug_line    0x00000c53      0x336 CMakeFiles/myCAR111.elf.dir/Core/Src/stm32f1xx_it.c.obj
 .debug_line    0x00000f89      0x3e9 CMakeFiles/myCAR111.elf.dir/Core/Src/syscalls.c.obj
 .debug_line    0x00001372      0x1c7 CMakeFiles/myCAR111.elf.dir/Core/Src/sysmem.c.obj
 .debug_line    0x00001539      0x25b CMakeFiles/myCAR111.elf.dir/Core/Src/system_stm32f1xx.c.obj
 .debug_line    0x00001794      0x337 CMakeFiles/myCAR111.elf.dir/Core/Src/tim.c.obj
 .debug_line    0x00001acb      0x3cb CMakeFiles/myCAR111.elf.dir/Core/Src/usart.c.obj
 .debug_line    0x00001e96       0x79 CMakeFiles/myCAR111.elf.dir/Core/Startup/startup_stm32f103zetx.s.obj
 .debug_line    0x00001f0f      0x58e CMakeFiles/myCAR111.elf.dir/Drivers/STM32F1xx_HAL_Driver/Src/stm32f1xx_hal.c.obj
 .debug_line    0x0000249d      0x6e2 CMakeFiles/myCAR111.elf.dir/Drivers/STM32F1xx_HAL_Driver/Src/stm32f1xx_hal_cortex.c.obj
 .debug_line    0x00002b7f     0x1025 CMakeFiles/myCAR111.elf.dir/Drivers/STM32F1xx_HAL_Driver/Src/stm32f1xx_hal_dma.c.obj
 .debug_line    0x00003ba4      0x633 CMakeFiles/myCAR111.elf.dir/Drivers/STM32F1xx_HAL_Driver/Src/stm32f1xx_hal_gpio.c.obj
 .debug_line    0x000041d7      0xce5 CMakeFiles/myCAR111.elf.dir/Drivers/STM32F1xx_HAL_Driver/Src/stm32f1xx_hal_rcc.c.obj
 .debug_line    0x00004ebc     0x4728 CMakeFiles/myCAR111.elf.dir/Drivers/STM32F1xx_HAL_Driver/Src/stm32f1xx_hal_tim.c.obj
 .debug_line    0x000095e4     0x1a8f CMakeFiles/myCAR111.elf.dir/Drivers/STM32F1xx_HAL_Driver/Src/stm32f1xx_hal_tim_ex.c.obj
 .debug_line    0x0000b073     0x34ff CMakeFiles/myCAR111.elf.dir/Drivers/STM32F1xx_HAL_Driver/Src/stm32f1xx_hal_uart.c.obj

.debug_str      0x00000000     0x3d62
 .debug_str     0x00000000     0x3d62 CMakeFiles/myCAR111.elf.dir/Core/Src/dma.c.obj
                                0x606 (size before relaxing)
 .debug_str     0x00003d62      0x2c3 CMakeFiles/myCAR111.elf.dir/Core/Src/gpio.c.obj
 .debug_str     0x00003d62      0xc39 CMakeFiles/myCAR111.elf.dir/Core/Src/main.c.obj
 .debug_str     0x00003d62      0x257 CMakeFiles/myCAR111.elf.dir/Core/Src/stm32f1xx_hal_msp.c.obj
 .debug_str     0x00003d62      0x9d6 CMakeFiles/myCAR111.elf.dir/Core/Src/stm32f1xx_it.c.obj
 .debug_str     0x00003d62      0x424 CMakeFiles/myCAR111.elf.dir/Core/Src/syscalls.c.obj
 .debug_str     0x00003d62      0x250 CMakeFiles/myCAR111.elf.dir/Core/Src/sysmem.c.obj
 .debug_str     0x00003d62      0x28c CMakeFiles/myCAR111.elf.dir/Core/Src/system_stm32f1xx.c.obj
 .debug_str     0x00003d62      0xbd8 CMakeFiles/myCAR111.elf.dir/Core/Src/tim.c.obj
 .debug_str     0x00003d62      0xb34 CMakeFiles/myCAR111.elf.dir/Core/Src/usart.c.obj
 .debug_str     0x00003d62       0x9d CMakeFiles/myCAR111.elf.dir/Core/Startup/startup_stm32f103zetx.s.obj
 .debug_str     0x00003d62      0x94a CMakeFiles/myCAR111.elf.dir/Drivers/STM32F1xx_HAL_Driver/Src/stm32f1xx_hal.c.obj
 .debug_str     0x00003d62      0x9ef CMakeFiles/myCAR111.elf.dir/Drivers/STM32F1xx_HAL_Driver/Src/stm32f1xx_hal_cortex.c.obj
 .debug_str     0x00003d62      0x635 CMakeFiles/myCAR111.elf.dir/Drivers/STM32F1xx_HAL_Driver/Src/stm32f1xx_hal_dma.c.obj
 .debug_str     0x00003d62      0x438 CMakeFiles/myCAR111.elf.dir/Drivers/STM32F1xx_HAL_Driver/Src/stm32f1xx_hal_gpio.c.obj
 .debug_str     0x00003d62      0x663 CMakeFiles/myCAR111.elf.dir/Drivers/STM32F1xx_HAL_Driver/Src/stm32f1xx_hal_rcc.c.obj
 .debug_str     0x00003d62     0x16bd CMakeFiles/myCAR111.elf.dir/Drivers/STM32F1xx_HAL_Driver/Src/stm32f1xx_hal_tim.c.obj
 .debug_str     0x00003d62      0xec9 CMakeFiles/myCAR111.elf.dir/Drivers/STM32F1xx_HAL_Driver/Src/stm32f1xx_hal_tim_ex.c.obj
 .debug_str     0x00003d62      0xd2c CMakeFiles/myCAR111.elf.dir/Drivers/STM32F1xx_HAL_Driver/Src/stm32f1xx_hal_uart.c.obj

.comment        0x00000000       0x45
 .comment       0x00000000       0x45 CMakeFiles/myCAR111.elf.dir/Core/Src/dma.c.obj
                                 0x46 (size before relaxing)
 .comment       0x00000045       0x46 CMakeFiles/myCAR111.elf.dir/Core/Src/gpio.c.obj
 .comment       0x00000045       0x46 CMakeFiles/myCAR111.elf.dir/Core/Src/main.c.obj
 .comment       0x00000045       0x46 CMakeFiles/myCAR111.elf.dir/Core/Src/stm32f1xx_hal_msp.c.obj
 .comment       0x00000045       0x46 CMakeFiles/myCAR111.elf.dir/Core/Src/stm32f1xx_it.c.obj
 .comment       0x00000045       0x46 CMakeFiles/myCAR111.elf.dir/Core/Src/syscalls.c.obj
 .comment       0x00000045       0x46 CMakeFiles/myCAR111.elf.dir/Core/Src/sysmem.c.obj
 .comment       0x00000045       0x46 CMakeFiles/myCAR111.elf.dir/Core/Src/system_stm32f1xx.c.obj
 .comment       0x00000045       0x46 CMakeFiles/myCAR111.elf.dir/Core/Src/tim.c.obj
 .comment       0x00000045       0x46 CMakeFiles/myCAR111.elf.dir/Core/Src/usart.c.obj
 .comment       0x00000045       0x46 CMakeFiles/myCAR111.elf.dir/Drivers/STM32F1xx_HAL_Driver/Src/stm32f1xx_hal.c.obj
 .comment       0x00000045       0x46 CMakeFiles/myCAR111.elf.dir/Drivers/STM32F1xx_HAL_Driver/Src/stm32f1xx_hal_cortex.c.obj
 .comment       0x00000045       0x46 CMakeFiles/myCAR111.elf.dir/Drivers/STM32F1xx_HAL_Driver/Src/stm32f1xx_hal_dma.c.obj
 .comment       0x00000045       0x46 CMakeFiles/myCAR111.elf.dir/Drivers/STM32F1xx_HAL_Driver/Src/stm32f1xx_hal_gpio.c.obj
 .comment       0x00000045       0x46 CMakeFiles/myCAR111.elf.dir/Drivers/STM32F1xx_HAL_Driver/Src/stm32f1xx_hal_rcc.c.obj
 .comment       0x00000045       0x46 CMakeFiles/myCAR111.elf.dir/Drivers/STM32F1xx_HAL_Driver/Src/stm32f1xx_hal_tim.c.obj
 .comment       0x00000045       0x46 CMakeFiles/myCAR111.elf.dir/Drivers/STM32F1xx_HAL_Driver/Src/stm32f1xx_hal_tim_ex.c.obj
 .comment       0x00000045       0x46 CMakeFiles/myCAR111.elf.dir/Drivers/STM32F1xx_HAL_Driver/Src/stm32f1xx_hal_uart.c.obj

.debug_frame    0x00000000     0x38d0
 .debug_frame   0x00000000       0x2c CMakeFiles/myCAR111.elf.dir/Core/Src/dma.c.obj
 .debug_frame   0x0000002c       0x38 CMakeFiles/myCAR111.elf.dir/Core/Src/gpio.c.obj