Archive member included to satisfy reference by file (symbol)

D:/CLion_Tools/arm-none-eabi/13.3 rel1/bin/../lib/gcc/arm-none-eabi/13.3.1/thumb/v7-m/nofp\libg.a(libc_a-atoi.o)
                              CMakeFiles/myCAR111.elf.dir/Core/Src/main.c.obj (atoi)
D:/CLion_Tools/arm-none-eabi/13.3 rel1/bin/../lib/gcc/arm-none-eabi/13.3.1/thumb/v7-m/nofp\libg.a(libc_a-exit.o)
                              D:/CLion_Tools/arm-none-eabi/13.3 rel1/bin/../lib/gcc/arm-none-eabi/13.3.1/thumb/v7-m/nofp/crt0.o (exit)
D:/CLion_Tools/arm-none-eabi/13.3 rel1/bin/../lib/gcc/arm-none-eabi/13.3.1/thumb/v7-m/nofp\libg.a(libc_a-strtol.o)
                              D:/CLion_Tools/arm-none-eabi/13.3 rel1/bin/../lib/gcc/arm-none-eabi/13.3.1/thumb/v7-m/nofp\libg.a(libc_a-atoi.o) (_strtol_r)
D:/CLion_Tools/arm-none-eabi/13.3 rel1/bin/../lib/gcc/arm-none-eabi/13.3.1/thumb/v7-m/nofp\libg.a(libc_a-ctype_.o)
                              D:/CLion_Tools/arm-none-eabi/13.3 rel1/bin/../lib/gcc/arm-none-eabi/13.3.1/thumb/v7-m/nofp\libg.a(libc_a-strtol.o) (_ctype_)
D:/CLion_Tools/arm-none-eabi/13.3 rel1/bin/../lib/gcc/arm-none-eabi/13.3.1/thumb/v7-m/nofp\libg.a(libc_a-findfp.o)
                              D:/CLion_Tools/arm-none-eabi/13.3 rel1/bin/../lib/gcc/arm-none-eabi/13.3.1/thumb/v7-m/nofp\libg.a(libc_a-exit.o) (__stdio_exit_handler)
D:/CLion_Tools/arm-none-eabi/13.3 rel1/bin/../lib/gcc/arm-none-eabi/13.3.1/thumb/v7-m/nofp\libg.a(libc_a-fwalk.o)
                              D:/CLion_Tools/arm-none-eabi/13.3 rel1/bin/../lib/gcc/arm-none-eabi/13.3.1/thumb/v7-m/nofp\libg.a(libc_a-findfp.o) (_fwalk_sglue)
D:/CLion_Tools/arm-none-eabi/13.3 rel1/bin/../lib/gcc/arm-none-eabi/13.3.1/thumb/v7-m/nofp\libg.a(libc_a-stdio.o)
                              D:/CLion_Tools/arm-none-eabi/13.3 rel1/bin/../lib/gcc/arm-none-eabi/13.3.1/thumb/v7-m/nofp\libg.a(libc_a-findfp.o) (__sread)
D:/CLion_Tools/arm-none-eabi/13.3 rel1/bin/../lib/gcc/arm-none-eabi/13.3.1/thumb/v7-m/nofp\libg.a(libc_a-vsnprintf.o)
                              CMakeFiles/myCAR111.elf.dir/Core/Src/main.c.obj (vsnprintf)
D:/CLion_Tools/arm-none-eabi/13.3 rel1/bin/../lib/gcc/arm-none-eabi/13.3.1/thumb/v7-m/nofp\libg.a(libc_a-memset.o)
                              D:/CLion_Tools/arm-none-eabi/13.3 rel1/bin/../lib/gcc/arm-none-eabi/13.3.1/thumb/v7-m/nofp/crt0.o (memset)
D:/CLion_Tools/arm-none-eabi/13.3 rel1/bin/../lib/gcc/arm-none-eabi/13.3.1/thumb/v7-m/nofp\libg.a(libc_a-closer.o)
                              D:/CLion_Tools/arm-none-eabi/13.3 rel1/bin/../lib/gcc/arm-none-eabi/13.3.1/thumb/v7-m/nofp\libg.a(libc_a-stdio.o) (_close_r)
D:/CLion_Tools/arm-none-eabi/13.3 rel1/bin/../lib/gcc/arm-none-eabi/13.3.1/thumb/v7-m/nofp\libg.a(libc_a-reent.o)
                              D:/CLion_Tools/arm-none-eabi/13.3 rel1/bin/../lib/gcc/arm-none-eabi/13.3.1/thumb/v7-m/nofp\libg.a(libc_a-closer.o) (errno)
D:/CLion_Tools/arm-none-eabi/13.3 rel1/bin/../lib/gcc/arm-none-eabi/13.3.1/thumb/v7-m/nofp\libg.a(libc_a-impure.o)
                              D:/CLion_Tools/arm-none-eabi/13.3 rel1/bin/../lib/gcc/arm-none-eabi/13.3.1/thumb/v7-m/nofp\libg.a(libc_a-strtol.o) (_impure_ptr)
D:/CLion_Tools/arm-none-eabi/13.3 rel1/bin/../lib/gcc/arm-none-eabi/13.3.1/thumb/v7-m/nofp\libg.a(libc_a-lseekr.o)
                              D:/CLion_Tools/arm-none-eabi/13.3 rel1/bin/../lib/gcc/arm-none-eabi/13.3.1/thumb/v7-m/nofp\libg.a(libc_a-stdio.o) (_lseek_r)
D:/CLion_Tools/arm-none-eabi/13.3 rel1/bin/../lib/gcc/arm-none-eabi/13.3.1/thumb/v7-m/nofp\libg.a(libc_a-readr.o)
                              D:/CLion_Tools/arm-none-eabi/13.3 rel1/bin/../lib/gcc/arm-none-eabi/13.3.1/thumb/v7-m/nofp\libg.a(libc_a-stdio.o) (_read_r)
D:/CLion_Tools/arm-none-eabi/13.3 rel1/bin/../lib/gcc/arm-none-eabi/13.3.1/thumb/v7-m/nofp\libg.a(libc_a-writer.o)
                              D:/CLion_Tools/arm-none-eabi/13.3 rel1/bin/../lib/gcc/arm-none-eabi/13.3.1/thumb/v7-m/nofp\libg.a(libc_a-stdio.o) (_write_r)
D:/CLion_Tools/arm-none-eabi/13.3 rel1/bin/../lib/gcc/arm-none-eabi/13.3.1/thumb/v7-m/nofp\libg.a(libc_a-errno.o)
                              CMakeFiles/myCAR111.elf.dir/Core/Src/syscalls.c.obj (__errno)
D:/CLion_Tools/arm-none-eabi/13.3 rel1/bin/../lib/gcc/arm-none-eabi/13.3.1/thumb/v7-m/nofp\libg.a(libc_a-init.o)
                              D:/CLion_Tools/arm-none-eabi/13.3 rel1/bin/../lib/gcc/arm-none-eabi/13.3.1/thumb/v7-m/nofp/crt0.o (__libc_init_array)
D:/CLion_Tools/arm-none-eabi/13.3 rel1/bin/../lib/gcc/arm-none-eabi/13.3.1/thumb/v7-m/nofp\libg.a(libc_a-lock.o)
                              D:/CLion_Tools/arm-none-eabi/13.3 rel1/bin/../lib/gcc/arm-none-eabi/13.3.1/thumb/v7-m/nofp\libg.a(libc_a-findfp.o) (__retarget_lock_init_recursive)
D:/CLion_Tools/arm-none-eabi/13.3 rel1/bin/../lib/gcc/arm-none-eabi/13.3.1/thumb/v7-m/nofp\libg.a(libc_a-strcmp.o)
                              CMakeFiles/myCAR111.elf.dir/Core/Src/main.c.obj (strcmp)
[...]
Memory Configuration

Name             Origin             Length             Attributes
RAM              0x20000000         0x00010000         xrw
FLASH            0x08000000         0x00080000         xr
*default*        0x00000000         0xffffffff

Linker script and memory map

LOAD D:/CLion_Tools/arm-none-eabi/13.3 rel1/bin/../lib/gcc/arm-none-eabi/13.3.1/thumb/v7-m/nofp/crti.o
LOAD D:/CLion_Tools/arm-none-eabi/13.3 rel1/bin/../lib/gcc/arm-none-eabi/13.3.1/thumb/v7-m/nofp/crtbegin.o
LOAD D:/CLion_Tools/arm-none-eabi/13.3 rel1/bin/../lib/gcc/arm-none-eabi/13.3.1/thumb/v7-m/nofp/crt0.o
LOAD CMakeFiles/myCAR111.elf.dir/Core/Src/dma.c.obj
LOAD CMakeFiles/myCAR111.elf.dir/Core/Src/gpio.c.obj
LOAD CMakeFiles/myCAR111.elf.dir/Core/Src/main.c.obj
LOAD CMakeFiles/myCAR111.elf.dir/Core/Src/stm32f1xx_hal_msp.c.obj
LOAD CMakeFiles/myCAR111.elf.dir/Core/Src/stm32f1xx_it.c.obj
LOAD CMakeFiles/myCAR111.elf.dir/Core/Src/syscalls.c.obj
LOAD CMakeFiles/myCAR111.elf.dir/Core/Src/sysmem.c.obj
LOAD CMakeFiles/myCAR111.elf.dir/Core/Src/system_stm32f1xx.c.obj
LOAD CMakeFiles/myCAR111.elf.dir/Core/Src/tim.c.obj
LOAD CMakeFiles/myCAR111.elf.dir/Core/Src/usart.c.obj
LOAD CMakeFiles/myCAR111.elf.dir/Core/Startup/startup_stm32f103zetx.s.obj
LOAD CMakeFiles/myCAR111.elf.dir/Drivers/STM32F1xx_HAL_Driver/Src/stm32f1xx_hal.c.obj
LOAD CMakeFiles/myCAR111.elf.dir/Drivers/STM32F1xx_HAL_Driver/Src/stm32f1xx_hal_cortex.c.obj
LOAD CMakeFiles/myCAR111.elf.dir/Drivers/STM32F1xx_HAL_Driver/Src/stm32f1xx_hal_dma.c.obj
LOAD CMakeFiles/myCAR111.elf.dir/Drivers/STM32F1xx_HAL_Driver/Src/stm32f1xx_hal_exti.c.obj
LOAD CMakeFiles/myCAR111.elf.dir/Drivers/STM32F1xx_HAL_Driver/Src/stm32f1xx_hal_flash.c.obj
LOAD CMakeFiles/myCAR111.elf.dir/Drivers/STM32F1xx_HAL_Driver/Src/stm32f1xx_hal_flash_ex.c.obj
LOAD CMakeFiles/myCAR111.elf.dir/Drivers/STM32F1xx_HAL_Driver/Src/stm32f1xx_hal_gpio.c.obj
LOAD CMakeFiles/myCAR111.elf.dir/Drivers/STM32F1xx_HAL_Driver/Src/stm32f1xx_hal_gpio_ex.c.obj
LOAD CMakeFiles/myCAR111.elf.dir/Drivers/STM32F1xx_HAL_Driver/Src/stm32f1xx_hal_pwr.c.obj
LOAD CMakeFiles/myCAR111.elf.dir/Drivers/STM32F1xx_HAL_Driver/Src/stm32f1xx_hal_rcc.c.obj
LOAD CMakeFiles/myCAR111.elf.dir/Drivers/STM32F1xx_HAL_Driver/Src/stm32f1xx_hal_rcc_ex.c.obj
LOAD CMakeFiles/myCAR111.elf.dir/Drivers/STM32F1xx_HAL_Driver/Src/stm32f1xx_hal_tim.c.obj
LOAD CMakeFiles/myCAR111.elf.dir/Drivers/STM32F1xx_HAL_Driver/Src/stm32f1xx_hal_tim_ex.c.obj
LOAD CMakeFiles/myCAR111.elf.dir/Drivers/STM32F1xx_HAL_Driver/Src/stm32f1xx_hal_uart.c.obj
START GROUP
LOAD D:/CLion_Tools/arm-none-eabi/13.3 rel1/bin/../lib/gcc/arm-none-eabi/13.3.1/thumb/v7-m/nofp\libgcc.a
LOAD D:/CLion_Tools/arm-none-eabi/13.3 rel1/bin/../lib/gcc/arm-none-eabi/13.3.1/thumb/v7-m/nofp\libg.a
LOAD D:/CLion_Tools/arm-none-eabi/13.3 rel1/bin/../lib/gcc/arm-none-eabi/13.3.1/thumb/v7-m/nofp\libc.a
END GROUP
LOAD D:/CLion_Tools/arm-none-eabi/13.3 rel1/bin/../lib/gcc/arm-none-eabi/13.3.1/thumb/v7-m/nofp/crtend.o
LOAD D:/CLion_Tools/arm-none-eabi/13.3 rel1/bin/../lib/gcc/arm-none-eabi/13.3.1/thumb/v7-m/nofp/crtn.o
                0x20010000                        _estack = (ORIGIN (RAM) + LENGTH (RAM))
                0x00000200                        _Min_Heap_Size = 0x200
                0x00000400                        _Min_Stack_Size = 0x400

.isr_vector     0x08000000      0x1e4
                0x08000000                        . = ALIGN (0x4)
 *(.isr_vector)
 .isr_vector    0x08000000      0x1e4 CMakeFiles/myCAR111.elf.dir/Core/Startup/startup_stm32f103zetx.s.obj
                0x08000000                g_pfnVectors
                0x080001e4                        . = ALIGN (0x4)

.text           0x080001e8     0x9448
                0x080001e8                        . = ALIGN (0x4)
 *(.text)
 .text          0x080001e8      0x1bc D:/CLion_Tools/arm-none-eabi/13.3 rel1/bin/../lib/gcc/arm-none-eabi/13.3.1/thumb/v7-m/nofp\libg.a(libc_a-strcmp.o)
                0x080001e8                strcmp
 .text          0x080003a4       0xec D:/CLion_Tools/arm-none-eabi/13.3 rel1/bin/../lib/gcc/arm-none-eabi/13.3.1/thumb/v7-m/nofp\libg.a(libc_a-memcpy.o)
                0x080003a4                memcpy
 .text          0x08000490      0x378 D:/CLion_Tools/arm-none-eabi/13.3 rel1/bin/../lib/gcc/arm-none-eabi/13.3.1/thumb/v7-m/nofp\libgcc.a(_arm_addsubdf3.o)
                0x08000490                __aeabi_drsub
                0x08000498                __aeabi_dsub
                0x08000498                __subdf3
                0x0800049c                __aeabi_dadd
                0x0800049c                __adddf3
                0x08000714                __floatunsidf
                0x08000714                __aeabi_ui2d
                0x08000734                __floatsidf
                0x08000734                __aeabi_i2d
                0x08000758                __aeabi_f2d
                0x08000758                __extendsfdf2
                0x0800079c                __floatundidf
                0x0800079c                __aeabi_ul2d
                0x080007ac                __floatdidf
                0x080007ac                __aeabi_l2d
 .text          0x08000808      0x424 D:/CLion_Tools/arm-none-eabi/13.3 rel1/bin/../lib/gcc/arm-none-eabi/13.3.1/thumb/v7-m/nofp\libgcc.a(_arm_muldivdf3.o)
                0x08000808                __aeabi_dmul
                0x08000808                __muldf3
                0x08000a5c                __divdf3
                0x08000a5c                __aeabi_ddiv
 .text          0x08000c2c      0x110 D:/CLion_Tools/arm-none-eabi/13.3 rel1/bin/../lib/gcc/arm-none-eabi/13.3.1/thumb/v7-m/nofp\libgcc.a(_arm_cmpdf2.o)
                0x08000c2c                __gtdf2
                0x08000c2c                __gedf2
                0x08000c34                __ltdf2
                0x08000c34                __ledf2
                0x08000c3c                __nedf2
                0x08000c3c                __eqdf2
                0x08000c3c                __cmpdf2
                0x08000cb8                __aeabi_cdrcmple
                0x08000cc8                __aeabi_cdcmpeq
                0x08000cc8                __aeabi_cdcmple
                0x08000cd8                __aeabi_dcmpeq
                0x08000cec                __aeabi_dcmplt
                0x08000d00                __aeabi_dcmple
                0x08000d14                __aeabi_dcmpge
                0x08000d28                __aeabi_dcmpgt
 .text          0x08000d3c       0x2c D:/CLion_Tools/arm-none-eabi/13.3 rel1/bin/../lib/gcc/arm-none-eabi/13.3.1/thumb/v7-m/nofp\libgcc.a(_arm_unorddf2.o)
                0x08000d3c                __unorddf2
                0x08000d3c                __aeabi_dcmpun
 .text          0x08000d68       0x50 D:/CLion_Tools/arm-none-eabi/13.3 rel1/bin/../lib/gcc/arm-none-eabi/13.3.1/thumb/v7-m/nofp\libgcc.a(_arm_fixdfsi.o)
                0x08000d68                __aeabi_d2iz
                0x08000d68                __fixdfsi
 *(.text*)
 .text.deregister_tm_clones
                0x08000db8       0x1c D:/CLion_Tools/arm-none-eabi/13.3 rel1/bin/../lib/gcc/arm-none-eabi/13.3.1/thumb/v7-m/nofp/crtbegin.o
 .text.register_tm_clones
                0x08000dd4       0x24 D:/CLion_Tools/arm-none-eabi/13.3 rel1/bin/../lib/gcc/arm-none-eabi/13.3.1/thumb/v7-m/nofp/crtbegin.o
 .text.__do_global_dtors_aux
                0x08000df8       0x28 D:/CLion_Tools/arm-none-eabi/13.3 rel1/bin/../lib/gcc/arm-none-eabi/13.3.1/thumb/v7-m/nofp/crtbegin.o
 .text.frame_dummy
                0x08000e20       0x24 D:/CLion_Tools/arm-none-eabi/13.3 rel1/bin/../lib/gcc/arm-none-eabi/13.3.1/thumb/v7-m/nofp/crtbegin.o
 .text.MX_DMA_Init
                0x08000e44       0x34 CMakeFiles/myCAR111.elf.dir/Core/Src/dma.c.obj
                0x08000e44                MX_DMA_Init
 .text.MX_GPIO_Init
                0x08000e78       0xfc CMakeFiles/myCAR111.elf.dir/Core/Src/gpio.c.obj
                0x08000e78                MX_GPIO_Init
 .text.USART1_Print
                0x08000f74       0x30 CMakeFiles/myCAR111.elf.dir/Core/Src/main.c.obj
                0x08000f74                USART1_Print
 .text.getspeed
                0x08000fa4       0x22 CMakeFiles/myCAR111.elf.dir/Core/Src/main.c.obj
                0x08000fa4                getspeed
 *fill*         0x08000fc6        0x2 
 .text.motor_ctrl
                0x08000fc8      0x1c0 CMakeFiles/myCAR111.elf.dir/Core/Src/main.c.obj
                0x08000fc8                motor_ctrl
 .text.HAL_TIM_PeriodElapsedCallback
                0x08001188       0x74 CMakeFiles/myCAR111.elf.dir/Core/Src/main.c.obj
                0x08001188                HAL_TIM_PeriodElapsedCallback
 .text.HAL_UARTEx_RxEventCallback
                0x080011fc       0x6c CMakeFiles/myCAR111.elf.dir/Core/Src/main.c.obj
                0x080011fc                HAL_UARTEx_RxEventCallback
 .text.Error_Handler
                0x08001268        0x4 CMakeFiles/myCAR111.elf.dir/Core/Src/main.c.obj
                0x08001268                Error_Handler
 .text.SystemClock_Config
                0x0800126c       0x64 CMakeFiles/myCAR111.elf.dir/Core/Src/main.c.obj
                0x0800126c                SystemClock_Config
 .text.main     0x080012d0      0x130 CMakeFiles/myCAR111.elf.dir/Core/Src/main.c.obj
                0x080012d0                main
 .text.HAL_MspInit
                0x08001400       0x44 CMakeFiles/myCAR111.elf.dir/Core/Src/stm32f1xx_hal_msp.c.obj
                0x08001400                HAL_MspInit
 .text.NMI_Handler
                0x08001444        0x2 CMakeFiles/myCAR111.elf.dir/Core/Src/stm32f1xx_it.c.obj
                0x08001444                NMI_Handler
 .text.HardFault_Handler
                0x08001446        0x2 CMakeFiles/myCAR111.elf.dir/Core/Src/stm32f1xx_it.c.obj
                0x08001446                HardFault_Handler
 .text.MemManage_Handler
                0x08001448        0x2 CMakeFiles/myCAR111.elf.dir/Core/Src/stm32f1xx_it.c.obj
                0x08001448                MemManage_Handler
 .text.BusFault_Handler
                0x0800144a        0x2 CMakeFiles/myCAR111.elf.dir/Core/Src/stm32f1xx_it.c.obj
                0x0800144a                BusFault_Handler
 .text.UsageFault_Handler
                0x0800144c        0x2 CMakeFiles/myCAR111.elf.dir/Core/Src/stm32f1xx_it.c.obj
                0x0800144c                UsageFault_Handler
 .text.SVC_Handler
                0x0800144e        0x2 CMakeFiles/myCAR111.elf.dir/Core/Src/stm32f1xx_it.c.obj
                0x0800144e                SVC_Handler
 .text.DebugMon_Handler
                0x08001450        0x2 CMakeFiles/myCAR111.elf.dir/Core/Src/stm32f1xx_it.c.obj
                0x08001450                DebugMon_Handler
 .text.PendSV_Handler
                0x08001452        0x2 CMakeFiles/myCAR111.elf.dir/Core/Src/stm32f1xx_it.c.obj
                0x08001452                PendSV_Handler
 .text.SysTick_Handler
                0x08001454        0x8 CMakeFiles/myCAR111.elf.dir/Core/Src/stm32f1xx_it.c.obj
                0x08001454                SysTick_Handler
 .text.DMA1_Channel5_IRQHandler
                0x0800145c       0x10 CMakeFiles/myCAR111.elf.dir/Core/Src/stm32f1xx_it.c.obj
                0x0800145c                DMA1_Channel5_IRQHandler
 .text.USART1_IRQHandler
                0x0800146c       0x10 CMakeFiles/myCAR111.elf.dir/Core/Src/stm32f1xx_it.c.obj
                0x0800146c                USART1_IRQHandler
 .text.TIM6_IRQHandler
                0x0800147c       0x10 CMakeFiles/myCAR111.elf.dir/Core/Src/stm32f1xx_it.c.obj
                0x0800147c                TIM6_IRQHandler
 .text.TIM7_IRQHandler
                0x0800148c       0x10 CMakeFiles/myCAR111.elf.dir/Core/Src/stm32f1xx_it.c.obj
                0x0800148c                TIM7_IRQHandler
 .text._getpid  0x0800149c        0x4 CMakeFiles/myCAR111.elf.dir/Core/Src/syscalls.c.obj
                0x0800149c                _getpid
 .text._kill    0x080014a0       0x10 CMakeFiles/myCAR111.elf.dir/Core/Src/syscalls.c.obj
                0x080014a0                _kill
 .text._exit    0x080014b0        0xc CMakeFiles/myCAR111.elf.dir/Core/Src/syscalls.c.obj
                0x080014b0                _exit
 .text._read    0x080014bc       0x20 CMakeFiles/myCAR111.elf.dir/Core/Src/syscalls.c.obj
                0x080014bc                _read
 .text._write   0x080014dc       0x1c CMakeFiles/myCAR111.elf.dir/Core/Src/syscalls.c.obj
                0x080014dc                _write
 .text._close   0x080014f8        0x6 CMakeFiles/myCAR111.elf.dir/Core/Src/syscalls.c.obj
                0x080014f8                _close
 .text._fstat   0x080014fe        0xa CMakeFiles/myCAR111.elf.dir/Core/Src/syscalls.c.obj
                0x080014fe                _fstat
 .text._isatty  0x08001508        0x4 CMakeFiles/myCAR111.elf.dir/Core/Src/syscalls.c.obj
                0x08001508                _isatty
 .text._lseek   0x0800150c        0x4 CMakeFiles/myCAR111.elf.dir/Core/Src/syscalls.c.obj
                0x0800150c                _lseek
 .text._sbrk    0x08001510       0x48 CMakeFiles/myCAR111.elf.dir/Core/Src/sysmem.c.obj
                0x08001510                _sbrk
 .text.SystemInit
                0x08001558        0x2 CMakeFiles/myCAR111.elf.dir/Core/Src/system_stm32f1xx.c.obj
                0x08001558                SystemInit
 *fill*         0x0800155a        0x2 
 .text.MX_TIM7_Init
                0x0800155c       0x4c CMakeFiles/myCAR111.elf.dir/Core/Src/tim.c.obj
                0x0800155c                MX_TIM7_Init
 .text.HAL_TIM_Base_MspInit
                0x080015a8       0x70 CMakeFiles/myCAR111.elf.dir/Core/Src/tim.c.obj
                0x080015a8                HAL_TIM_Base_MspInit
 .text.MX_USART1_UART_Init
                0x08001618       0x34 CMakeFiles/myCAR111.elf.dir/Core/Src/usart.c.obj
                0x08001618                MX_USART1_UART_Init
 .text.HAL_UART_MspInit
                0x0800164c       0xbc CMakeFiles/myCAR111.elf.dir/Core/Src/usart.c.obj
                0x0800164c                HAL_UART_MspInit
 .text.Reset_Handler
                0x08001708       0x48 CMakeFiles/myCAR111.elf.dir/Core/Startup/startup_stm32f103zetx.s.obj
                0x08001708                Reset_Handler
 .text.Default_Handler
                0x08001750        0x2 CMakeFiles/myCAR111.elf.dir/Core/Startup/startup_stm32f103zetx.s.obj
                0x08001750                RTC_Alarm_IRQHandler
                0x08001750                EXTI2_IRQHandler
                0x08001750                TIM8_TRG_COM_IRQHandler
                0x08001750                TIM8_CC_IRQHandler
                0x08001750                TIM1_CC_IRQHandler
                0x08001750                PVD_IRQHandler
                0x08001750                SDIO_IRQHandler
                0x08001750                EXTI3_IRQHandler
                0x08001750                EXTI0_IRQHandler
                0x08001750                I2C2_EV_IRQHandler
                0x08001750                ADC1_2_IRQHandler
                0x08001750                SPI1_IRQHandler
                0x08001750                TAMPER_IRQHandler
                0x08001750                TIM8_UP_IRQHandler
                0x08001750                DMA2_Channel2_IRQHandler
                0x08001750                DMA1_Channel4_IRQHandler
                0x08001750                USART3_IRQHandler
                0x08001750                RTC_IRQHandler
                0x08001750                DMA1_Channel7_IRQHandler
                0x08001750                CAN1_RX1_IRQHandler
                0x08001750                UART5_IRQHandler
                0x08001750                ADC3_IRQHandler
                0x08001750                TIM4_IRQHandler
                0x08001750                DMA2_Channel1_IRQHandler
                0x08001750                I2C1_EV_IRQHandler
                0x08001750                DMA1_Channel6_IRQHandler
                0x08001750                UART4_IRQHandler
                0x08001750                TIM3_IRQHandler
                0x08001750                RCC_IRQHandler
                0x08001750                TIM1_TRG_COM_IRQHandler
                0x08001750                DMA1_Channel1_IRQHandler
                0x08001750                Default_Handler
                0x08001750                EXTI15_10_IRQHandler
                0x08001750                TIM5_IRQHandler
                0x08001750                EXTI9_5_IRQHandler
                0x08001750                SPI2_IRQHandler
                0x08001750                EXTI4_IRQHandler
                0x08001750                USB_LP_CAN1_RX0_IRQHandler
                0x08001750                USB_HP_CAN1_TX_IRQHandler
                0x08001750                DMA1_Channel3_IRQHandler
                0x08001750                FSMC_IRQHandler
                0x08001750                TIM1_UP_IRQHandler
                0x08001750                WWDG_IRQHandler
                0x08001750                TIM2_IRQHandler
                0x08001750                TIM1_BRK_IRQHandler
                0x08001750                EXTI1_IRQHandler
                0x08001750                DMA2_Channel4_5_IRQHandler
                0x08001750                USART2_IRQHandler
                0x08001750                I2C2_ER_IRQHandler
                0x08001750                DMA1_Channel2_IRQHandler
                0x08001750                TIM8_BRK_IRQHandler
                0x08001750                CAN1_SCE_IRQHandler
                0x08001750                FLASH_IRQHandler
                0x08001750                SPI3_IRQHandler
                0x08001750                I2C1_ER_IRQHandler
                0x08001750                USBWakeUp_IRQHandler
                0x08001750                DMA2_Channel3_IRQHandler
 *fill*         0x08001752        0x2 
 .text.HAL_InitTick
                0x08001754       0x4c CMakeFiles/myCAR111.elf.dir/Drivers/STM32F1xx_HAL_Driver/Src/stm32f1xx_hal.c.obj
                0x08001754                HAL_InitTick
 .text.HAL_Init
                0x080017a0       0x24 CMakeFiles/myCAR111.elf.dir/Drivers/STM32F1xx_HAL_Driver/Src/stm32f1xx_hal.c.obj
                0x080017a0                HAL_Init
 .text.HAL_IncTick
                0x080017c4       0x18 CMakeFiles/myCAR111.elf.dir/Drivers/STM32F1xx_HAL_Driver/Src/stm32f1xx_hal.c.obj
                0x080017c4                HAL_IncTick
 .text.HAL_GetTick
                0x080017dc        0xc CMakeFiles/myCAR111.elf.dir/Drivers/STM32F1xx_HAL_Driver/Src/stm32f1xx_hal.c.obj
                0x080017dc                HAL_GetTick
 .text.HAL_Delay
                0x080017e8       0x28 CMakeFiles/myCAR111.elf.dir/Drivers/STM32F1xx_HAL_Driver/Src/stm32f1xx_hal.c.obj
                0x080017e8                HAL_Delay
 .text.__NVIC_SetPriority
                0x08001810       0x28 CMakeFiles/myCAR111.elf.dir/Drivers/STM32F1xx_HAL_Driver/Src/stm32f1xx_hal_cortex.c.obj
 .text.NVIC_EncodePriority
                0x08001838       0x3e CMakeFiles/myCAR111.elf.dir/Drivers/STM32F1xx_HAL_Driver/Src/stm32f1xx_hal_cortex.c.obj
 *fill*         0x08001876        0x2 
 .text.HAL_NVIC_SetPriorityGrouping
                0x08001878       0x24 CMakeFiles/myCAR111.elf.dir/Drivers/STM32F1xx_HAL_Driver/Src/stm32f1xx_hal_cortex.c.obj
                0x08001878                HAL_NVIC_SetPriorityGrouping
 .text.HAL_NVIC_SetPriority
                0x0800189c       0x20 CMakeFiles/myCAR111.elf.dir/Drivers/STM32F1xx_HAL_Driver/Src/stm32f1xx_hal_cortex.c.obj
                0x0800189c                HAL_NVIC_SetPriority
 .text.HAL_NVIC_EnableIRQ
                0x080018bc       0x1c CMakeFiles/myCAR111.elf.dir/Drivers/STM32F1xx_HAL_Driver/Src/stm32f1xx_hal_cortex.c.obj
                0x080018bc                HAL_NVIC_EnableIRQ
 .text.HAL_SYSTICK_Config
                0x080018d8       0x28 CMakeFiles/myCAR111.elf.dir/Drivers/STM32F1xx_HAL_Driver/Src/stm32f1xx_hal_cortex.c.obj
                0x080018d8                HAL_SYSTICK_Config
 .text.DMA_SetConfig
                0x08001900       0x2c CMakeFiles/myCAR111.elf.dir/Drivers/STM32F1xx_HAL_Driver/Src/stm32f1xx_hal_dma.c.obj
 .text.HAL_DMA_Init
                0x0800192c       0x94 CMakeFiles/myCAR111.elf.dir/Drivers/STM32F1xx_HAL_Driver/Src/stm32f1xx_hal_dma.c.obj
                0x0800192c                HAL_DMA_Init
 .text.HAL_DMA_Start_IT
                0x080019c0       0x76 CMakeFiles/myCAR111.elf.dir/Drivers/STM32F1xx_HAL_Driver/Src/stm32f1xx_hal_dma.c.obj
                0x080019c0                HAL_DMA_Start_IT
 .text.HAL_DMA_Abort
                0x08001a36       0x46 CMakeFiles/myCAR111.elf.dir/Drivers/STM32F1xx_HAL_Driver/Src/stm32f1xx_hal_dma.c.obj
                0x08001a36                HAL_DMA_Abort
 .text.HAL_DMA_Abort_IT
                0x08001a7c      0x16c CMakeFiles/myCAR111.elf.dir/Drivers/STM32F1xx_HAL_Driver/Src/stm32f1xx_hal_dma.c.obj
                0x08001a7c                HAL_DMA_Abort_IT
 .text.HAL_DMA_IRQHandler
                0x08001be8      0x2ec CMakeFiles/myCAR111.elf.dir/Drivers/STM32F1xx_HAL_Driver/Src/stm32f1xx_hal_dma.c.obj
                0x08001be8                HAL_DMA_IRQHandler
 .text.HAL_GPIO_Init
                0x08001ed4      0x238 CMakeFiles/myCAR111.elf.dir/Drivers/STM32F1xx_HAL_Driver/Src/stm32f1xx_hal_gpio.c.obj
                0x08001ed4                HAL_GPIO_Init
 .text.HAL_GPIO_ReadPin
                0x0800210c        0xe CMakeFiles/myCAR111.elf.dir/Drivers/STM32F1xx_HAL_Driver/Src/stm32f1xx_hal_gpio.c.obj
                0x0800210c                HAL_GPIO_ReadPin
 .text.HAL_GPIO_WritePin
                0x0800211a        0xc CMakeFiles/myCAR111.elf.dir/Drivers/STM32F1xx_HAL_Driver/Src/stm32f1xx_hal_gpio.c.obj
                0x0800211a                HAL_GPIO_WritePin
 *fill*         0x08002126        0x2 
 .text.RCC_Delay
                0x08002128       0x2c CMakeFiles/myCAR111.elf.dir/Drivers/STM32F1xx_HAL_Driver/Src/stm32f1xx_hal_rcc.c.obj
 .text.HAL_RCC_OscConfig
                0x08002154      0x410 CMakeFiles/myCAR111.elf.dir/Drivers/STM32F1xx_HAL_Driver/Src/stm32f1xx_hal_rcc.c.obj
                0x08002154                HAL_RCC_OscConfig
 .text.HAL_RCC_GetSysClockFreq
                0x08002564       0x54 CMakeFiles/myCAR111.elf.dir/Drivers/STM32F1xx_HAL_Driver/Src/stm32f1xx_hal_rcc.c.obj
                0x08002564                HAL_RCC_GetSysClockFreq
 .text.HAL_RCC_ClockConfig
                0x080025b8      0x16c CMakeFiles/myCAR111.elf.dir/Drivers/STM32F1xx_HAL_Driver/Src/stm32f1xx_hal_rcc.c.obj
                0x080025b8                HAL_RCC_ClockConfig
 .text.HAL_RCC_GetHCLKFreq
                0x08002724        0xc CMakeFiles/myCAR111.elf.dir/Drivers/STM32F1xx_HAL_Driver/Src/stm32f1xx_hal_rcc.c.obj
                0x08002724                HAL_RCC_GetHCLKFreq
 .text.HAL_RCC_GetPCLK1Freq
                0x08002730       0x20 CMakeFiles/myCAR111.elf.dir/Drivers/STM32F1xx_HAL_Driver/Src/stm32f1xx_hal_rcc.c.obj
                0x08002730                HAL_RCC_GetPCLK1Freq
 .text.HAL_RCC_GetPCLK2Freq
                0x08002750       0x20 CMakeFiles/myCAR111.elf.dir/Drivers/STM32F1xx_HAL_Driver/Src/stm32f1xx_hal_rcc.c.obj
                0x08002750                HAL_RCC_GetPCLK2Freq
 .text.HAL_TIM_Base_Start_IT
                0x08002770       0x78 CMakeFiles/myCAR111.elf.dir/Drivers/STM32F1xx_HAL_Driver/Src/stm32f1xx_hal_tim.c.obj
                0x08002770                HAL_TIM_Base_Start_IT
 .text.HAL_TIM_OC_DelayElapsedCallback
                0x080027e8        0x2 CMakeFiles/myCAR111.elf.dir/Drivers/STM32F1xx_HAL_Driver/Src/stm32f1xx_hal_tim.c.obj
                0x080027e8                HAL_TIM_OC_DelayElapsedCallback
 .text.HAL_TIM_IC_CaptureCallback
                0x080027ea        0x2 CMakeFiles/myCAR111.elf.dir/Drivers/STM32F1xx_HAL_Driver/Src/stm32f1xx_hal_tim.c.obj
                0x080027ea                HAL_TIM_IC_CaptureCallback
 .text.HAL_TIM_PWM_PulseFinishedCallback
                0x080027ec        0x2 CMakeFiles/myCAR111.elf.dir/Drivers/STM32F1xx_HAL_Driver/Src/stm32f1xx_hal_tim.c.obj
                0x080027ec                HAL_TIM_PWM_PulseFinishedCallback
 .text.HAL_TIM_TriggerCallback
                0x080027ee        0x2 CMakeFiles/myCAR111.elf.dir/Drivers/STM32F1xx_HAL_Driver/Src/stm32f1xx_hal_tim.c.obj
                0x080027ee                HAL_TIM_TriggerCallback
 .text.HAL_TIM_IRQHandler
                0x080027f0      0x15e CMakeFiles/myCAR111.elf.dir/Drivers/STM32F1xx_HAL_Driver/Src/stm32f1xx_hal_tim.c.obj
                0x080027f0                HAL_TIM_IRQHandler
 *fill*         0x0800294e        0x2 
 .text.TIM_Base_SetConfig
                0x08002950       0xa8 CMakeFiles/myCAR111.elf.dir/Drivers/STM32F1xx_HAL_Driver/Src/stm32f1xx_hal_tim.c.obj
                0x08002950                TIM_Base_SetConfig
 .text.HAL_TIM_Base_Init
                0x080029f8       0x58 CMakeFiles/myCAR111.elf.dir/Drivers/STM32F1xx_HAL_Driver/Src/stm32f1xx_hal_tim.c.obj
                0x080029f8                HAL_TIM_Base_Init
 .text.HAL_TIMEx_MasterConfigSynchronization
                0x08002a50       0x7c CMakeFiles/myCAR111.elf.dir/Drivers/STM32F1xx_HAL_Driver/Src/stm32f1xx_hal_tim_ex.c.obj
                0x08002a50                HAL_TIMEx_MasterConfigSynchronization
 .text.HAL_TIMEx_CommutCallback
                0x08002acc        0x2 CMakeFiles/myCAR111.elf.dir/Drivers/STM32F1xx_HAL_Driver/Src/stm32f1xx_hal_tim_ex.c.obj
                0x08002acc                HAL_TIMEx_CommutCallback
 .text.HAL_TIMEx_BreakCallback
                0x08002ace        0x2 CMakeFiles/myCAR111.elf.dir/Drivers/STM32F1xx_HAL_Driver/Src/stm32f1xx_hal_tim_ex.c.obj
                0x08002ace                HAL_TIMEx_BreakCallback
 .text.UART_EndTxTransfer
                0x08002ad0       0x20 CMakeFiles/myCAR111.elf.dir/Drivers/STM32F1xx_HAL_Driver/Src/stm32f1xx_hal_uart.c.obj
 .text.UART_EndRxTransfer
                0x08002af0       0x5c CMakeFiles/myCAR111.elf.dir/Drivers/STM32F1xx_HAL_Driver/Src/stm32f1xx_hal_uart.c.obj
 .text.UART_Transmit_IT
                0x08002b4c       0x60 CMakeFiles/myCAR111.elf.dir/Drivers/STM32F1xx_HAL_Driver/Src/stm32f1xx_hal_uart.c.obj
 .text.UART_SetConfig
                0x08002bac       0x94 CMakeFiles/myCAR111.elf.dir/Drivers/STM32F1xx_HAL_Driver/Src/stm32f1xx_hal_uart.c.obj
 .text.UART_WaitOnFlagUntilTimeout
                0x08002c40       0x86 CMakeFiles/myCAR111.elf.dir/Drivers/STM32F1xx_HAL_Driver/Src/stm32f1xx_hal_uart.c.obj
 .text.HAL_UART_Init
                0x08002cc6       0x60 CMakeFiles/myCAR111.elf.dir/Drivers/STM32F1xx_HAL_Driver/Src/stm32f1xx_hal_uart.c.obj
                0x08002cc6                HAL_UART_Init
 .text.HAL_UART_Transmit
                0x08002d26       0xcc CMakeFiles/myCAR111.elf.dir/Drivers/STM32F1xx_HAL_Driver/Src/stm32f1xx_hal_uart.c.obj
                0x08002d26                HAL_UART_Transmit
 .text.HAL_UART_TxCpltCallback
                0x08002df2        0x2 CMakeFiles/myCAR111.elf.dir/Drivers/STM32F1xx_HAL_Driver/Src/stm32f1xx_hal_uart.c.obj
                0x08002df2                HAL_UART_TxCpltCallback
 .text.UART_EndTransmit_IT
                0x08002df4       0x1a CMakeFiles/myCAR111.elf.dir/Drivers/STM32F1xx_HAL_Driver/Src/stm32f1xx_hal_uart.c.obj
 .text.HAL_UART_RxCpltCallback
                0x08002e0e        0x2 CMakeFiles/myCAR111.elf.dir/Drivers/STM32F1xx_HAL_Driver/Src/stm32f1xx_hal_uart.c.obj
                0x08002e0e                HAL_UART_RxCpltCallback
 .text.HAL_UART_RxHalfCpltCallback
                0x08002e10        0x2 CMakeFiles/myCAR111.elf.dir/Drivers/STM32F1xx_HAL_Driver/Src/stm32f1xx_hal_uart.c.obj
                0x08002e10                HAL_UART_RxHalfCpltCallback
 .text.HAL_UART_ErrorCallback
                0x08002e12        0x2 CMakeFiles/myCAR111.elf.dir/Drivers/STM32F1xx_HAL_Driver/Src/stm32f1xx_hal_uart.c.obj
                0x08002e12                HAL_UART_ErrorCallback
 .text.UART_DMAError
                0x08002e14       0x58 CMakeFiles/myCAR111.elf.dir/Drivers/STM32F1xx_HAL_Driver/Src/stm32f1xx_hal_uart.c.obj
 .text.UART_DMAAbortOnError
                0x08002e6c       0x10 CMakeFiles/myCAR111.elf.dir/Drivers/STM32F1xx_HAL_Driver/Src/stm32f1xx_hal_uart.c.obj
 .text.UART_Receive_IT
                0x08002e7c       0xe6 CMakeFiles/myCAR111.elf.dir/Drivers/STM32F1xx_HAL_Driver/Src/stm32f1xx_hal_uart.c.obj
 *fill*         0x08002f62        0x2 
 .text.HAL_UART_IRQHandler
                0x08002f64      0x284 CMakeFiles/myCAR111.elf.dir/Drivers/STM32F1xx_HAL_Driver/Src/stm32f1xx_hal_uart.c.obj
                0x08002f64                HAL_UART_IRQHandler
 .text.UART_DMARxHalfCplt
                0x080031e8       0x1e CMakeFiles/myCAR111.elf.dir/Drivers/STM32F1xx_HAL_Driver/Src/stm32f1xx_hal_uart.c.obj
 .text.UART_DMAReceiveCplt
                0x08003206       0x9a CMakeFiles/myCAR111.elf.dir/Drivers/STM32F1xx_HAL_Driver/Src/stm32f1xx_hal_uart.c.obj
 .text.UART_Start_Receive_DMA
                0x080032a0       0xa4 CMakeFiles/myCAR111.elf.dir/Drivers/STM32F1xx_HAL_Driver/Src/stm32f1xx_hal_uart.c.obj
                0x080032a0                UART_Start_Receive_DMA
 .text.HAL_UARTEx_ReceiveToIdle_DMA
                0x08003344       0x62 CMakeFiles/myCAR111.elf.dir/Drivers/STM32F1xx_HAL_Driver/Src/stm32f1xx_hal_uart.c.obj
                0x08003344                HAL_UARTEx_ReceiveToIdle_DMA
 *fill*         0x080033a6        0x2 
 .text.atoi     0x080033a8        0x8 D:/CLion_Tools/arm-none-eabi/13.3 rel1/bin/../lib/gcc/arm-none-eabi/13.3.1/thumb/v7-m/nofp\libg.a(libc_a-atoi.o)
                0x080033a8                atoi
 .text._strtol_l.isra.0
                0x080033b0      0x138 D:/CLion_Tools/arm-none-eabi/13.3 rel1/bin/../lib/gcc/arm-none-eabi/13.3.1/thumb/v7-m/nofp\libg.a(libc_a-strtol.o)
 .text.strtol   0x080034e8       0x1c D:/CLion_Tools/arm-none-eabi/13.3 rel1/bin/../lib/gcc/arm-none-eabi/13.3.1/thumb/v7-m/nofp\libg.a(libc_a-strtol.o)
                0x080034e8                strtol
 .text.stdio_exit_handler
                0x08003504       0x18 D:/CLion_Tools/arm-none-eabi/13.3 rel1/bin/../lib/gcc/arm-none-eabi/13.3.1/thumb/v7-m/nofp\libg.a(libc_a-findfp.o)
 .text.cleanup_stdio
                0x0800351c       0x40 D:/CLion_Tools/arm-none-eabi/13.3 rel1/bin/../lib/gcc/arm-none-eabi/13.3.1/thumb/v7-m/nofp\libg.a(libc_a-findfp.o)
 .text.global_stdio_init.part.0
                0x0800355c       0xf0 D:/CLion_Tools/arm-none-eabi/13.3 rel1/bin/../lib/gcc/arm-none-eabi/13.3.1/thumb/v7-m/nofp\libg.a(libc_a-findfp.o)
 .text.__sinit  0x0800364c       0x3c D:/CLion_Tools/arm-none-eabi/13.3 rel1/bin/../lib/gcc/arm-none-eabi/13.3.1/thumb/v7-m/nofp\libg.a(libc_a-findfp.o)
                0x0800364c                __sinit
 .text.__sfp_lock_acquire
                0x08003688        0xc D:/CLion_Tools/arm-none-eabi/13.3 rel1/bin/../lib/gcc/arm-none-eabi/13.3.1/thumb/v7-m/nofp\libg.a(libc_a-findfp.o)
                0x08003688                __sfp_lock_acquire
 .text.__sfp_lock_release
                0x08003694        0xc D:/CLion_Tools/arm-none-eabi/13.3 rel1/bin/../lib/gcc/arm-none-eabi/13.3.1/thumb/v7-m/nofp\libg.a(libc_a-findfp.o)
                0x08003694                __sfp_lock_release
 .text._fwalk_sglue
                0x080036a0       0x44 D:/CLion_Tools/arm-none-eabi/13.3 rel1/bin/../lib/gcc/arm-none-eabi/13.3.1/thumb/v7-m/nofp\libg.a(libc_a-fwalk.o)
                0x080036a0                _fwalk_sglue
 .text.__sread  0x080036e4       0x24 D:/CLion_Tools/arm-none-eabi/13.3 rel1/bin/../lib/gcc/arm-none-eabi/13.3.1/thumb/v7-m/nofp\libg.a(libc_a-stdio.o)
                0x080036e4                __sread
 .text.__swrite
                0x08003708       0x40 D:/CLion_Tools/arm-none-eabi/13.3 rel1/bin/../lib/gcc/arm-none-eabi/13.3.1/thumb/v7-m/nofp\libg.a(libc_a-stdio.o)
                0x08003708                __swrite
 .text.__sseek  0x08003748       0x24 D:/CLion_Tools/arm-none-eabi/13.3 rel1/bin/../lib/gcc/arm-none-eabi/13.3.1/thumb/v7-m/nofp\libg.a(libc_a-stdio.o)
                0x08003748                __sseek
 .text.__sclose
                0x0800376c        0x8 D:/CLion_Tools/arm-none-eabi/13.3 rel1/bin/../lib/gcc/arm-none-eabi/13.3.1/thumb/v7-m/nofp\libg.a(libc_a-stdio.o)
                0x0800376c                __sclose
 .text.vsnprintf
                0x08003774       0x74 D:/CLion_Tools/arm-none-eabi/13.3 rel1/bin/../lib/gcc/arm-none-eabi/13.3.1/thumb/v7-m/nofp\libg.a(libc_a-vsnprintf.o)
                0x08003774                vsnprintf
 .text.memset   0x080037e8       0xa0 D:/CLion_Tools/arm-none-eabi/13.3 rel1/bin/../lib/gcc/arm-none-eabi/13.3.1/thumb/v7-m/nofp\libg.a(libc_a-memset.o)
                0x080037e8                memset
 .text._close_r
                0x08003888       0x24 D:/CLion_Tools/arm-none-eabi/13.3 rel1/bin/../lib/gcc/arm-none-eabi/13.3.1/thumb/v7-m/nofp\libg.a(libc_a-closer.o)
                0x08003888                _close_r
 .text._lseek_r
                0x080038ac       0x2c D:/CLion_Tools/arm-none-eabi/13.3 rel1/bin/../lib/gcc/arm-none-eabi/13.3.1/thumb/v7-m/nofp\libg.a(libc_a-lseekr.o)
                0x080038ac                _lseek_r
 .text._read_r  0x080038d8       0x2c D:/CLion_Tools/arm-none-eabi/13.3 rel1/bin/../lib/gcc/arm-none-eabi/13.3.1/thumb/v7-m/nofp\libg.a(libc_a-readr.o)
                0x080038d8                _read_r
 .text._write_r
                0x08003904       0x2c D:/CLion_Tools/arm-none-eabi/13.3 rel1/bin/../lib/gcc/arm-none-eabi/13.3.1/thumb/v7-m/nofp\libg.a(libc_a-writer.o)
                0x08003904                _write_r
 .text.__errno  0x08003930        0xc D:/CLion_Tools/arm-none-eabi/13.3 rel1/bin/../lib/gcc/arm-none-eabi/13.3.1/thumb/v7-m/nofp\libg.a(libc_a-errno.o)
                0x08003930                __errno
 .text.__libc_init_array
                0x0800393c       0x50 D:/CLion_Tools/arm-none-eabi/13.3 rel1/bin/../lib/gcc/arm-none-eabi/13.3.1/thumb/v7-m/nofp\libg.a(libc_a-init.o)
                0x0800393c                __libc_init_array
 .text.__retarget_lock_init_recursive
                0x0800398c        0x4 D:/CLion_Tools/arm-none-eabi/13.3 rel1/bin/../lib/gcc/arm-none-eabi/13.3.1/thumb/v7-m/nofp\libg.a(libc_a-lock.o)
                0x0800398c                __retarget_lock_init_recursive
 .text.__retarget_lock_close_recursive
                0x08003990        0x4 D:/CLion_Tools/arm-none-eabi/13.3 rel1/bin/../lib/gcc/arm-none-eabi/13.3.1/thumb/v7-m/nofp\libg.a(libc_a-lock.o)
                0x08003990                __retarget_lock_close_recursive
 .text.__retarget_lock_acquire_recursive
                0x08003994        0x4 D:/CLion_Tools/arm-none-eabi/13.3 rel1/bin/../lib/gcc/arm-none-eabi/13.3.1/thumb/v7-m/nofp\libg.a(libc_a-lock.o)
                0x08003994                __retarget_lock_acquire_recursive
 .text.__retarget_lock_release_recursive
                0x08003998        0x4 D:/CLion_Tools/arm-none-eabi/13.3 rel1/bin/../lib/gcc/arm-none-eabi/13.3.1/thumb/v7-m/nofp\libg.a(libc_a-lock.o)
                0x08003998                __retarget_lock_release_recursive
 .text.strlen   0x0800399c       0x5c D:/CLion_Tools/arm-none-eabi/13.3 rel1/bin/../lib/gcc/arm-none-eabi/13.3.1/thumb/v7-m/nofp\libg.a(libc_a-strlen-stub.o)
                0x0800399c                strlen
 .text.startup.register_fini
                0x080039f8       0x14 D:/CLion_Tools/arm-none-eabi/13.3 rel1/bin/../lib/gcc/arm-none-eabi/13.3.1/thumb/v7-m/nofp\libg.a(libc_a-__call_atexit.o)
 .text.atexit   0x08003a0c        0xc D:/CLion_Tools/arm-none-eabi/13.3 rel1/bin/../lib/gcc/arm-none-eabi/13.3.1/thumb/v7-m/nofp\libg.a(libc_a-atexit.o)
                0x08003a0c                atexit
 .text._malloc_trim_r
                0x08003a18       0xb8 D:/CLion_Tools/arm-none-eabi/13.3 rel1/bin/../lib/gcc/arm-none-eabi/13.3.1/thumb/v7-m/nofp\libg.a(libc_a-freer.o)
                0x08003a18                _malloc_trim_r
 .text._free_r  0x08003ad0      0x1f8 D:/CLion_Tools/arm-none-eabi/13.3 rel1/bin/../lib/gcc/arm-none-eabi/13.3.1/thumb/v7-m/nofp\libg.a(libc_a-freer.o)
                0x08003ad0                _free_r
 .text._malloc_r
                0x08003cc8      0x568 D:/CLion_Tools/arm-none-eabi/13.3 rel1/bin/../lib/gcc/arm-none-eabi/13.3.1/thumb/v7-m/nofp\libg.a(libc_a-mallocr.o)
                0x08003cc8                _malloc_r
 .text.__malloc_lock
                0x08004230        0xc D:/CLion_Tools/arm-none-eabi/13.3 rel1/bin/../lib/gcc/arm-none-eabi/13.3.1/thumb/v7-m/nofp\libg.a(libc_a-mlock.o)
                0x08004230                __malloc_lock
 .text.__malloc_unlock
                0x0800423c        0xc D:/CLion_Tools/arm-none-eabi/13.3 rel1/bin/../lib/gcc/arm-none-eabi/13.3.1/thumb/v7-m/nofp\libg.a(libc_a-mlock.o)
                0x0800423c                __malloc_unlock
 .text._svfprintf_r
                0x08004248     0x1b2c D:/CLion_Tools/arm-none-eabi/13.3 rel1/bin/../lib/gcc/arm-none-eabi/13.3.1/thumb/v7-m/nofp\libg.a(libc_a-svfprintf.o)
                0x08004248                _svfprintf_r
 .text.__ssprint_r
                0x08005d74       0x58 D:/CLion_Tools/arm-none-eabi/13.3 rel1/bin/../lib/gcc/arm-none-eabi/13.3.1/thumb/v7-m/nofp\libg.a(libc_a-ssprint_r.o)
                0x08005d74                __ssprint_r
 .text._fclose_r
                0x08005dcc       0xc0 D:/CLion_Tools/arm-none-eabi/13.3 rel1/bin/../lib/gcc/arm-none-eabi/13.3.1/thumb/v7-m/nofp\libg.a(libc_a-fclose.o)
                0x08005dcc                _fclose_r
 .text.__sflush_r
                0x08005e8c      0x128 D:/CLion_Tools/arm-none-eabi/13.3 rel1/bin/../lib/gcc/arm-none-eabi/13.3.1/thumb/v7-m/nofp\libg.a(libc_a-fflush.o)
                0x08005e8c                __sflush_r
 .text._fflush_r
                0x08005fb4       0x54 D:/CLion_Tools/arm-none-eabi/13.3 rel1/bin/../lib/gcc/arm-none-eabi/13.3.1/thumb/v7-m/nofp\libg.a(libc_a-fflush.o)
                0x08005fb4                _fflush_r
 .text.strncpy  0x08006008       0x6c D:/CLion_Tools/arm-none-eabi/13.3 rel1/bin/../lib/gcc/arm-none-eabi/13.3.1/thumb/v7-m/nofp\libg.a(libc_a-strncpy.o)
                0x08006008                strncpy
 .text.__locale_mb_cur_max
                0x08006074        0xc D:/CLion_Tools/arm-none-eabi/13.3 rel1/bin/../lib/gcc/arm-none-eabi/13.3.1/thumb/v7-m/nofp\libg.a(libc_a-locale.o)
                0x08006074                __locale_mb_cur_max
 .text._localeconv_r
                0x08006080        0x8 D:/CLion_Tools/arm-none-eabi/13.3 rel1/bin/../lib/gcc/arm-none-eabi/13.3.1/thumb/v7-m/nofp\libg.a(libc_a-localeconv.o)
                0x08006080                _localeconv_r
 .text._sbrk_r  0x08006088       0x24 D:/CLion_Tools/arm-none-eabi/13.3 rel1/bin/../lib/gcc/arm-none-eabi/13.3.1/thumb/v7-m/nofp\libg.a(libc_a-sbrkr.o)
                0x08006088                _sbrk_r
 .text.__libc_fini_array
                0x080060ac       0x28 D:/CLion_Tools/arm-none-eabi/13.3 rel1/bin/../lib/gcc/arm-none-eabi/13.3.1/thumb/v7-m/nofp\libg.a(libc_a-fini.o)
                0x080060ac                __libc_fini_array
 .text.sysconf  0x080060d4       0x1c D:/CLion_Tools/arm-none-eabi/13.3 rel1/bin/../lib/gcc/arm-none-eabi/13.3.1/thumb/v7-m/nofp\libg.a(libc_a-sysconf.o)
                0x080060d4                sysconf
 .text.memchr   0x080060f0       0x98 D:/CLion_Tools/arm-none-eabi/13.3 rel1/bin/../lib/gcc/arm-none-eabi/13.3.1/thumb/v7-m/nofp\libg.a(libc_a-memchr-stub.o)
                0x080060f0                memchr
 .text.frexp    0x08006188       0x6c D:/CLion_Tools/arm-none-eabi/13.3 rel1/bin/../lib/gcc/arm-none-eabi/13.3.1/thumb/v7-m/nofp\libg.a(libm_a-s_frexp.o)
                0x08006188                frexp
 .text.__register_exitproc
                0x080061f4       0x80 D:/CLion_Tools/arm-none-eabi/13.3 rel1/bin/../lib/gcc/arm-none-eabi/13.3.1/thumb/v7-m/nofp\libg.a(libc_a-__atexit.o)
                0x080061f4                __register_exitproc
 .text.quorem   0x08006274      0x13c D:/CLion_Tools/arm-none-eabi/13.3 rel1/bin/../lib/gcc/arm-none-eabi/13.3.1/thumb/v7-m/nofp\libg.a(libc_a-dtoa.o)
 .text._dtoa_r  0x080063b0      0xe94 D:/CLion_Tools/arm-none-eabi/13.3 rel1/bin/../lib/gcc/arm-none-eabi/13.3.1/thumb/v7-m/nofp\libg.a(libc_a-dtoa.o)
                0x080063b0                _dtoa_r
 .text.__ascii_mbtowc
                0x08007244       0x2c D:/CLion_Tools/arm-none-eabi/13.3 rel1/bin/../lib/gcc/arm-none-eabi/13.3.1/thumb/v7-m/nofp\libg.a(libc_a-mbtowc_r.o)
                0x08007244                __ascii_mbtowc
 .text._Balloc  0x08007270       0x4c D:/CLion_Tools/arm-none-eabi/13.3 rel1/bin/../lib/gcc/arm-none-eabi/13.3.1/thumb/v7-m/nofp\libg.a(libc_a-mprec.o)
                0x08007270                _Balloc
 .text._Bfree   0x080072bc       0x14 D:/CLion_Tools/arm-none-eabi/13.3 rel1/bin/../lib/gcc/arm-none-eabi/13.3.1/thumb/v7-m/nofp\libg.a(libc_a-mprec.o)
                0x080072bc                _Bfree
 .text.__multadd
                0x080072d0       0xa4 D:/CLion_Tools/arm-none-eabi/13.3 rel1/bin/../lib/gcc/arm-none-eabi/13.3.1/thumb/v7-m/nofp\libg.a(libc_a-mprec.o)
                0x080072d0                __multadd
 .text.__hi0bits
                0x08007374       0x44 D:/CLion_Tools/arm-none-eabi/13.3 rel1/bin/../lib/gcc/arm-none-eabi/13.3.1/thumb/v7-m/nofp\libg.a(libc_a-mprec.o)
                0x08007374                __hi0bits
 .text.__lo0bits
                0x080073b8       0x5c D:/CLion_Tools/arm-none-eabi/13.3 rel1/bin/../lib/gcc/arm-none-eabi/13.3.1/thumb/v7-m/nofp\libg.a(libc_a-mprec.o)
                0x080073b8                __lo0bits
 .text.__i2b    0x08007414       0x5c D:/CLion_Tools/arm-none-eabi/13.3 rel1/bin/../lib/gcc/arm-none-eabi/13.3.1/thumb/v7-m/nofp\libg.a(libc_a-mprec.o)
                0x08007414                __i2b
 .text.__multiply
                0x08007470      0x164 D:/CLion_Tools/arm-none-eabi/13.3 rel1/bin/../lib/gcc/arm-none-eabi/13.3.1/thumb/v7-m/nofp\libg.a(libc_a-mprec.o)
                0x08007470                __multiply
 .text.__pow5mult
                0x080075d4       0xb4 D:/CLion_Tools/arm-none-eabi/13.3 rel1/bin/../lib/gcc/arm-none-eabi/13.3.1/thumb/v7-m/nofp\libg.a(libc_a-mprec.o)
                0x080075d4                __pow5mult
 .text.__lshift
                0x08007688       0xec D:/CLion_Tools/arm-none-eabi/13.3 rel1/bin/../lib/gcc/arm-none-eabi/13.3.1/thumb/v7-m/nofp\libg.a(libc_a-mprec.o)
                0x08007688                __lshift
 .text.__mcmp   0x08007774       0x40 D:/CLion_Tools/arm-none-eabi/13.3 rel1/bin/../lib/gcc/arm-none-eabi/13.3.1/thumb/v7-m/nofp\libg.a(libc_a-mprec.o)
                0x08007774                __mcmp
 .text.__mdiff  0x080077b4      0x178 D:/CLion_Tools/arm-none-eabi/13.3 rel1/bin/../lib/gcc/arm-none-eabi/13.3.1/thumb/v7-m/nofp\libg.a(libc_a-mprec.o)
                0x080077b4                __mdiff
 .text.__d2b    0x0800792c       0xbc D:/CLion_Tools/arm-none-eabi/13.3 rel1/bin/../lib/gcc/arm-none-eabi/13.3.1/thumb/v7-m/nofp\libg.a(libc_a-mprec.o)
                0x0800792c                __d2b
 .text.__ascii_wctomb
                0x080079e8       0x1c D:/CLion_Tools/arm-none-eabi/13.3 rel1/bin/../lib/gcc/arm-none-eabi/13.3.1/thumb/v7-m/nofp\libg.a(libc_a-wctomb_r.o)
                0x080079e8                __ascii_wctomb
 .text._wcrtomb_r
                0x08007a04       0x4c D:/CLion_Tools/arm-none-eabi/13.3 rel1/bin/../lib/gcc/arm-none-eabi/13.3.1/thumb/v7-m/nofp\libg.a(libc_a-wcrtomb.o)
                0x08007a04                _wcrtomb_r
 .text._wcsrtombs_r
                0x08007a50       0x18 D:/CLion_Tools/arm-none-eabi/13.3 rel1/bin/../lib/gcc/arm-none-eabi/13.3.1/thumb/v7-m/nofp\libg.a(libc_a-wcsrtombs.o)
                0x08007a50                _wcsrtombs_r
 .text.__ssputs_r
                0x08007a68       0xc0 D:/CLion_Tools/arm-none-eabi/13.3 rel1/bin/../lib/gcc/arm-none-eabi/13.3.1/thumb/v7-m/nofp\libg.a(libc_a-ssputs_r.o)
                0x08007a68                __ssputs_r
 .text.memmove  0x08007b28       0xfc D:/CLion_Tools/arm-none-eabi/13.3 rel1/bin/../lib/gcc/arm-none-eabi/13.3.1/thumb/v7-m/nofp\libg.a(libc_a-memmove.o)
                0x08007b28                memmove
 .text.__assert_func
                0x08007c24       0x40 D:/CLion_Tools/arm-none-eabi/13.3 rel1/bin/../lib/gcc/arm-none-eabi/13.3.1/thumb/v7-m/nofp\libg.a(libc_a-assert.o)
                0x08007c24                __assert_func
 .text._calloc_r
                0x08007c64       0x6c D:/CLion_Tools/arm-none-eabi/13.3 rel1/bin/../lib/gcc/arm-none-eabi/13.3.1/thumb/v7-m/nofp\libg.a(libc_a-callocr.o)
                0x08007c64                _calloc_r
 .text._realloc_r
                0x08007cd0      0x34c D:/CLion_Tools/arm-none-eabi/13.3 rel1/bin/../lib/gcc/arm-none-eabi/13.3.1/thumb/v7-m/nofp\libg.a(libc_a-reallocr.o)
                0x08007cd0                _realloc_r
 .text._wcsnrtombs_l
                0x0800801c       0xec D:/CLion_Tools/arm-none-eabi/13.3 rel1/bin/../lib/gcc/arm-none-eabi/13.3.1/thumb/v7-m/nofp\libg.a(libc_a-wcsnrtombs.o)
                0x0800801c                _wcsnrtombs_l
 .text._wcsnrtombs_r
                0x08008108       0x24 D:/CLion_Tools/arm-none-eabi/13.3 rel1/bin/../lib/gcc/arm-none-eabi/13.3.1/thumb/v7-m/nofp\libg.a(libc_a-wcsnrtombs.o)
                0x08008108                _wcsnrtombs_r
 .text.fiprintf
                0x0800812c       0x28 D:/CLion_Tools/arm-none-eabi/13.3 rel1/bin/../lib/gcc/arm-none-eabi/13.3.1/thumb/v7-m/nofp\libg.a(libc_a-fiprintf.o)
                0x0800812c                fiprintf
 .text._vfiprintf_r
                0x08008154      0xeb8 D:/CLion_Tools/arm-none-eabi/13.3 rel1/bin/../lib/gcc/arm-none-eabi/13.3.1/thumb/v7-m/nofp\libg.a(libc_a-vfiprintf.o)
                0x08008154                _vfiprintf_r
 .text.__sbprintf
                0x0800900c       0x80 D:/CLion_Tools/arm-none-eabi/13.3 rel1/bin/../lib/gcc/arm-none-eabi/13.3.1/thumb/v7-m/nofp\libg.a(libc_a-vfiprintf.o)
 .text.__sprint_r
                0x0800908c       0x20 D:/CLion_Tools/arm-none-eabi/13.3 rel1/bin/../lib/gcc/arm-none-eabi/13.3.1/thumb/v7-m/nofp\libg.a(libc_a-sprint_r.o)
                0x0800908c                __sprint_r
 .text.__sfvwrite_r
                0x080090ac      0x2ec D:/CLion_Tools/arm-none-eabi/13.3 rel1/bin/../lib/gcc/arm-none-eabi/13.3.1/thumb/v7-m/nofp\libg.a(libc_a-fvwrite.o)
                0x080090ac                __sfvwrite_r
 .text.__swsetup_r
                0x08009398       0xc4 D:/CLion_Tools/arm-none-eabi/13.3 rel1/bin/../lib/gcc/arm-none-eabi/13.3.1/thumb/v7-m/nofp\libg.a(libc_a-wsetup.o)
                0x08009398                __swsetup_r
 .text.abort    0x0800945c       0x10 D:/CLion_Tools/arm-none-eabi/13.3 rel1/bin/../lib/gcc/arm-none-eabi/13.3.1/thumb/v7-m/nofp\libg.a(libc_a-abort.o)
                0x0800945c                abort
 .text.__smakebuf_r
                0x0800946c       0xdc D:/CLion_Tools/arm-none-eabi/13.3 rel1/bin/../lib/gcc/arm-none-eabi/13.3.1/thumb/v7-m/nofp\libg.a(libc_a-makebuf.o)
                0x0800946c                __smakebuf_r
 .text.raise    0x08009548       0x58 D:/CLion_Tools/arm-none-eabi/13.3 rel1/bin/../lib/gcc/arm-none-eabi/13.3.1/thumb/v7-m/nofp\libg.a(libc_a-signal.o)
                0x08009548                raise
 .text._fstat_r
                0x080095a0       0x28 D:/CLion_Tools/arm-none-eabi/13.3 rel1/bin/../lib/gcc/arm-none-eabi/13.3.1/thumb/v7-m/nofp\libg.a(libc_a-fstatr.o)
                0x080095a0                _fstat_r
 .text._isatty_r
                0x080095c8       0x24 D:/CLion_Tools/arm-none-eabi/13.3 rel1/bin/../lib/gcc/arm-none-eabi/13.3.1/thumb/v7-m/nofp\libg.a(libc_a-isattyr.o)
                0x080095c8                _isatty_r
 .text._kill_r  0x080095ec       0x28 D:/CLion_Tools/arm-none-eabi/13.3 rel1/bin/../lib/gcc/arm-none-eabi/13.3.1/thumb/v7-m/nofp\libg.a(libc_a-signalr.o)
                0x080095ec                _kill_r
 .text._getpid_r
                0x08009614        0x4 D:/CLion_Tools/arm-none-eabi/13.3 rel1/bin/../lib/gcc/arm-none-eabi/13.3.1/thumb/v7-m/nofp\libg.a(libc_a-signalr.o)
                0x08009614                _getpid_r
 *(.glue_7)
 .glue_7        0x08009618        0x0 linker stubs
 *(.glue_7t)
 .glue_7t       0x08009618        0x0 linker stubs
 *(.eh_frame)
 .eh_frame      0x08009618        0x0 D:/CLion_Tools/arm-none-eabi/13.3 rel1/bin/../lib/gcc/arm-none-eabi/13.3.1/thumb/v7-m/nofp/crtbegin.o
 *(.init)
 .init          0x08009618        0x4 D:/CLion_Tools/arm-none-eabi/13.3 rel1/bin/../lib/gcc/arm-none-eabi/13.3.1/thumb/v7-m/nofp/crti.o
                0x08009618                _init
 .init          0x0800961c        0x8 D:/CLion_Tools/arm-none-eabi/13.3 rel1/bin/../lib/gcc/arm-none-eabi/13.3.1/thumb/v7-m/nofp/crtn.o
 *(.fini)
 .fini          0x08009624        0x4 D:/CLion_Tools/arm-none-eabi/13.3 rel1/bin/../lib/gcc/arm-none-eabi/13.3.1/thumb/v7-m/nofp/crti.o
                0x08009624                _fini
 .fini          0x08009628        0x8 D:/CLion_Tools/arm-none-eabi/13.3 rel1/bin/../lib/gcc/arm-none-eabi/13.3.1/thumb/v7-m/nofp/crtn.o
                0x08009630                        . = ALIGN (0x4)
                0x08009630                        _etext = .

.vfp11_veneer   0x08009630        0x0
 .vfp11_veneer  0x08009630        0x0 linker stubs

.v4_bx          0x08009630        0x0
 .v4_bx         0x08009630        0x0 linker stubs

.iplt           0x08009630        0x0
 .iplt          0x08009630        0x0 D:/CLion_Tools/arm-none-eabi/13.3 rel1/bin/../lib/gcc/arm-none-eabi/13.3.1/thumb/v7-m/nofp/crtbegin.o

.rodata         0x08009630      0x450
                0x08009630                        . = ALIGN (0x4)
 *(.rodata)
 *(.rodata*)
 .rodata.motor_ctrl.str1.4
                0x08009630      0x1df CMakeFiles/myCAR111.elf.dir/Core/Src/main.c.obj
                                 0x25 (size before relaxing)
 .rodata.HAL_UARTEx_RxEventCallback.str1.4
                0x0800980f        0x3 CMakeFiles/myCAR111.elf.dir/Core/Src/main.c.obj
 .rodata.main.str1.4
                0x0800980f        0xa CMakeFiles/myCAR111.elf.dir/Core/Src/main.c.obj
 *fill*         0x0800980f        0x1 
 .rodata.APBPrescTable
                0x08009810        0x8 CMakeFiles/myCAR111.elf.dir/Core/Src/system_stm32f1xx.c.obj
                0x08009810                APBPrescTable
 .rodata.AHBPrescTable
                0x08009818       0x10 CMakeFiles/myCAR111.elf.dir/Core/Src/system_stm32f1xx.c.obj
                0x08009818                AHBPrescTable
 .rodata.aPredivFactorTable.0
                0x08009828        0x2 CMakeFiles/myCAR111.elf.dir/Drivers/STM32F1xx_HAL_Driver/Src/stm32f1xx_hal_rcc.c.obj
 *fill*         0x0800982a        0x2 
 .rodata.aPLLMULFactorTable.1
                0x0800982c       0x10 CMakeFiles/myCAR111.elf.dir/Drivers/STM32F1xx_HAL_Driver/Src/stm32f1xx_hal_rcc.c.obj
 .rodata._ctype_
                0x0800983c      0x101 D:/CLion_Tools/arm-none-eabi/13.3 rel1/bin/../lib/gcc/arm-none-eabi/13.3.1/thumb/v7-m/nofp\libg.a(libc_a-ctype_.o)
                0x0800983c                _ctype_
 .rodata._svfprintf_r.str1.4
                0x0800993d       0x42 D:/CLion_Tools/arm-none-eabi/13.3 rel1/bin/../lib/gcc/arm-none-eabi/13.3.1/thumb/v7-m/nofp\libg.a(libc_a-svfprintf.o)
 *fill*         0x0800993d        0x3 
 .rodata.zeroes.0
                0x08009940       0x10 D:/CLion_Tools/arm-none-eabi/13.3 rel1/bin/../lib/gcc/arm-none-eabi/13.3.1/thumb/v7-m/nofp\libg.a(libc_a-svfprintf.o)
 .rodata.blanks.1
                0x08009950       0x10 D:/CLion_Tools/arm-none-eabi/13.3 rel1/bin/../lib/gcc/arm-none-eabi/13.3.1/thumb/v7-m/nofp\libg.a(libc_a-svfprintf.o)
 .rodata.str1.4
                0x08009960       0x4c D:/CLion_Tools/arm-none-eabi/13.3 rel1/bin/../lib/gcc/arm-none-eabi/13.3.1/thumb/v7-m/nofp\libg.a(libc_a-locale.o)
 .rodata._dtoa_r.str1.4
                0x08009960       0x81 D:/CLion_Tools/arm-none-eabi/13.3 rel1/bin/../lib/gcc/arm-none-eabi/13.3.1/thumb/v7-m/nofp\libg.a(libc_a-dtoa.o)
 .rodata.__multadd.str1.4
                0x08009960       0x6e D:/CLion_Tools/arm-none-eabi/13.3 rel1/bin/../lib/gcc/arm-none-eabi/13.3.1/thumb/v7-m/nofp\libg.a(libc_a-mprec.o)
 .rodata.p05.0  0x08009960        0xc D:/CLion_Tools/arm-none-eabi/13.3 rel1/bin/../lib/gcc/arm-none-eabi/13.3.1/thumb/v7-m/nofp\libg.a(libc_a-mprec.o)
 *fill*         0x0800996c        0x4 
 .rodata.__mprec_bigtens
                0x08009970       0x28 D:/CLion_Tools/arm-none-eabi/13.3 rel1/bin/../lib/gcc/arm-none-eabi/13.3.1/thumb/v7-m/nofp\libg.a(libc_a-mprec.o)
                0x08009970                __mprec_bigtens
 .rodata.__mprec_tens
                0x08009998       0xc8 D:/CLion_Tools/arm-none-eabi/13.3 rel1/bin/../lib/gcc/arm-none-eabi/13.3.1/thumb/v7-m/nofp\libg.a(libc_a-mprec.o)
                0x08009998                __mprec_tens
 .rodata.__assert_func.str1.4
                0x08009a60       0x43 D:/CLion_Tools/arm-none-eabi/13.3 rel1/bin/../lib/gcc/arm-none-eabi/13.3.1/thumb/v7-m/nofp\libg.a(libc_a-assert.o)
 .rodata._vfiprintf_r.str1.4
                0x08009a60       0x2f D:/CLion_Tools/arm-none-eabi/13.3 rel1/bin/../lib/gcc/arm-none-eabi/13.3.1/thumb/v7-m/nofp\libg.a(libc_a-vfiprintf.o)
 .rodata.zeroes.0
                0x08009a60       0x10 D:/CLion_Tools/arm-none-eabi/13.3 rel1/bin/../lib/gcc/arm-none-eabi/13.3.1/thumb/v7-m/nofp\libg.a(libc_a-vfiprintf.o)
 .rodata.blanks.1
                0x08009a70       0x10 D:/CLion_Tools/arm-none-eabi/13.3 rel1/bin/../lib/gcc/arm-none-eabi/13.3.1/thumb/v7-m/nofp\libg.a(libc_a-vfiprintf.o)
                0x08009aa4                        . = ALIGN (0x4)

.ARM.extab      0x08009a80        0x0
                0x08009a80                        . = ALIGN (0x4)
 *(.ARM.extab* .gnu.linkonce.armextab.*)
                0x08009a80                        . = ALIGN (0x4)

.ARM            0x08009a80        0x8
                0x08009a80                        . = ALIGN (0x4)
                0x08009a80                        __exidx_start = .
 *(.ARM.exidx*)
 .ARM.exidx     0x08009a80        0x8 D:/CLion_Tools/arm-none-eabi/13.3 rel1/bin/../lib/gcc/arm-none-eabi/13.3.1/thumb/v7-m/nofp\libg.a(libc_a-strcmp.o)
 .ARM.exidx     0x08009a88        0x0 D:/CLion_Tools/arm-none-eabi/13.3 rel1/bin/../lib/gcc/arm-none-eabi/13.3.1/thumb/v7-m/nofp\libg.a(libc_a-memcpy.o)
                                  0x8 (size before relaxing)
                0x08009a88                        __exidx_end = .
                0x08009a88                        . = ALIGN (0x4)

.preinit_array  0x08009a88        0x0
                0x08009a88                        . = ALIGN (0x4)
                0x08009a88                        PROVIDE (__preinit_array_start = .)
 *(.preinit_array*)
                0x08009a88                        PROVIDE (__preinit_array_end = .)
                0x08009a88                        . = ALIGN (0x4)

.init_array     0x08009a88        0x8
                0x08009a88                        . = ALIGN (0x4)
                0x08009a88                        PROVIDE (__init_array_start = .)
 *(SORT_BY_NAME(.init_array.*))
 .init_array.00000
                0x08009a88        0x4 D:/CLion_Tools/arm-none-eabi/13.3 rel1/bin/../lib/gcc/arm-none-eabi/13.3.1/thumb/v7-m/nofp\libg.a(libc_a-__call_atexit.o)
 *(.init_array*)
 .init_array    0x08009a8c        0x4 D:/CLion_Tools/arm-none-eabi/13.3 rel1/bin/../lib/gcc/arm-none-eabi/13.3.1/thumb/v7-m/nofp/crtbegin.o
                0x08009a90                        PROVIDE (__init_array_end = .)
                0x08009a90                        . = ALIGN (0x4)

.fini_array     0x08009a90        0x4
                0x08009a90                        . = ALIGN (0x4)
                0x08009a90                        PROVIDE (__fini_array_start = .)
 *(SORT_BY_NAME(.fini_array.*))
 *(.fini_array*)
 .fini_array    0x08009a90        0x4 D:/CLion_Tools/arm-none-eabi/13.3 rel1/bin/../lib/gcc/arm-none-eabi/13.3.1/thumb/v7-m/nofp/crtbegin.o
                0x08009a94                        PROVIDE (__fini_array_end = .)
                0x08009a94                        . = ALIGN (0x4)
                0x08009a94                        _sidata = LOADADDR (.data)

.rel.dyn        0x08009a94        0x0
 .rel.iplt      0x08009a94        0x0 D:/CLion_Tools/arm-none-eabi/13.3 rel1/bin/../lib/gcc/arm-none-eabi/13.3.1/thumb/v7-m/nofp/crtbegin.o

.data           0x20000000      0x6e4 load address 0x08009a94
                0x20000000                        . = ALIGN (0x4)
                0x20000000                        _sdata = .
 *(.data)
 *(.data*)
 .data.ccr      0x20000000        0x4 CMakeFiles/myCAR111.elf.dir/Core/Src/main.c.obj
                0x20000000                ccr
 .data.SystemCoreClock
                0x20000004        0x4 CMakeFiles/myCAR111.elf.dir/Core/Src/system_stm32f1xx.c.obj
                0x20000004                SystemCoreClock
 .data.uwTickFreq
                0x20000008        0x1 CMakeFiles/myCAR111.elf.dir/Drivers/STM32F1xx_HAL_Driver/Src/stm32f1xx_hal.c.obj
                0x20000008                uwTickFreq
 *fill*         0x20000009        0x3 
 .data.uwTickPrio
                0x2000000c        0x4 CMakeFiles/myCAR111.elf.dir/Drivers/STM32F1xx_HAL_Driver/Src/stm32f1xx_hal.c.obj
                0x2000000c                uwTickPrio
 .data.__sglue  0x20000010        0xc D:/CLion_Tools/arm-none-eabi/13.3 rel1/bin/../lib/gcc/arm-none-eabi/13.3.1/thumb/v7-m/nofp\libg.a(libc_a-findfp.o)
                0x20000010                __sglue
 .data._impure_ptr
                0x2000001c        0x4 D:/CLion_Tools/arm-none-eabi/13.3 rel1/bin/../lib/gcc/arm-none-eabi/13.3.1/thumb/v7-m/nofp\libg.a(libc_a-impure.o)
                0x2000001c                _impure_ptr
 .data._impure_data
                0x20000020      0x140 D:/CLion_Tools/arm-none-eabi/13.3 rel1/bin/../lib/gcc/arm-none-eabi/13.3.1/thumb/v7-m/nofp\libg.a(libc_a-impure.o)
                0x20000020                _impure_data
 .data.__atexit_recursive_mutex
                0x20000160        0x4 D:/CLion_Tools/arm-none-eabi/13.3 rel1/bin/../lib/gcc/arm-none-eabi/13.3.1/thumb/v7-m/nofp\libg.a(libc_a-__call_atexit.o)
                0x20000160                __atexit_recursive_mutex
 .data.__malloc_sbrk_base
                0x20000164        0x4 D:/CLion_Tools/arm-none-eabi/13.3 rel1/bin/../lib/gcc/arm-none-eabi/13.3.1/thumb/v7-m/nofp\libg.a(libc_a-mallocr.o)
                0x20000164                __malloc_sbrk_base
 .data.__malloc_trim_threshold
                0x20000168        0x4 D:/CLion_Tools/arm-none-eabi/13.3 rel1/bin/../lib/gcc/arm-none-eabi/13.3.1/thumb/v7-m/nofp\libg.a(libc_a-mallocr.o)
                0x20000168                __malloc_trim_threshold
 *fill*         0x2000016c        0x4 
 .data.__malloc_av_
                0x20000170      0x408 D:/CLion_Tools/arm-none-eabi/13.3 rel1/bin/../lib/gcc/arm-none-eabi/13.3.1/thumb/v7-m/nofp\libg.a(libc_a-mallocr.o)
                0x20000170                __malloc_av_
 .data.__global_locale
                0x20000578      0x16c D:/CLion_Tools/arm-none-eabi/13.3 rel1/bin/../lib/gcc/arm-none-eabi/13.3.1/thumb/v7-m/nofp\libg.a(libc_a-locale.o)
                0x20000578                __global_locale
 *(.RamFunc)
 *(.RamFunc*)
                0x200006e4                        . = ALIGN (0x4)
                0x200006e4                        _edata = .

.tm_clone_table
                0x200006e4        0x0 load address 0x0800a178
 .tm_clone_table
                0x200006e4        0x0 D:/CLion_Tools/arm-none-eabi/13.3 rel1/bin/../lib/gcc/arm-none-eabi/13.3.1/thumb/v7-m/nofp/crtbegin.o
 .tm_clone_table
                0x200006e4        0x0 D:/CLion_Tools/arm-none-eabi/13.3 rel1/bin/../lib/gcc/arm-none-eabi/13.3.1/thumb/v7-m/nofp/crtend.o

.igot.plt       0x200006e4        0x0 load address 0x0800a178
 .igot.plt      0x200006e4        0x0 D:/CLion_Tools/arm-none-eabi/13.3 rel1/bin/../lib/gcc/arm-none-eabi/13.3.1/thumb/v7-m/nofp/crtbegin.o
                0x200006e4                        . = ALIGN (0x4)

.bss            0x200006e4      0x4e0 load address 0x0800a178
                0x200006e4                        _sbss = .
                0x200006e4                        __bss_start__ = _sbss
 *(.bss)
 *(.bss*)
 .bss.completed.1
                0x200006e4        0x1 D:/CLion_Tools/arm-none-eabi/13.3 rel1/bin/../lib/gcc/arm-none-eabi/13.3.1/thumb/v7-m/nofp/crtbegin.o
 *fill*         0x200006e5        0x3 
 .bss.object.0  0x200006e8       0x18 D:/CLion_Tools/arm-none-eabi/13.3 rel1/bin/../lib/gcc/arm-none-eabi/13.3.1/thumb/v7-m/nofp/crtbegin.o
 .bss.ccr_r     0x20000700        0x4 CMakeFiles/myCAR111.elf.dir/Core/Src/main.c.obj
                0x20000700                ccr_r
 .bss.ccr_l     0x20000704        0x4 CMakeFiles/myCAR111.elf.dir/Core/Src/main.c.obj
                0x20000704                ccr_l
 .bss.count     0x20000708        0x4 CMakeFiles/myCAR111.elf.dir/Core/Src/main.c.obj
                0x20000708                count
 .bss.ReceiveData
                0x2000070c       0x80 CMakeFiles/myCAR111.elf.dir/Core/Src/main.c.obj
                0x2000070c                ReceiveData
 .bss.__sbrk_heap_end
                0x2000078c        0x4 CMakeFiles/myCAR111.elf.dir/Core/Src/sysmem.c.obj
 .bss.htim7     0x20000790       0x48 CMakeFiles/myCAR111.elf.dir/Core/Src/tim.c.obj
                0x20000790                htim7
 .bss.htim6     0x200007d8       0x48 CMakeFiles/myCAR111.elf.dir/Core/Src/tim.c.obj
                0x200007d8                htim6
 .bss.hdma_usart1_rx
                0x20000820       0x44 CMakeFiles/myCAR111.elf.dir/Core/Src/usart.c.obj
                0x20000820                hdma_usart1_rx
 .bss.huart1    0x20000864       0x48 CMakeFiles/myCAR111.elf.dir/Core/Src/usart.c.obj
                0x20000864                huart1
 .bss.uwTick    0x200008ac        0x4 CMakeFiles/myCAR111.elf.dir/Drivers/STM32F1xx_HAL_Driver/Src/stm32f1xx_hal.c.obj
                0x200008ac                uwTick
 .bss.__sf      0x200008b0      0x138 D:/CLion_Tools/arm-none-eabi/13.3 rel1/bin/../lib/gcc/arm-none-eabi/13.3.1/thumb/v7-m/nofp\libg.a(libc_a-findfp.o)
                0x200008b0                __sf
 .bss.__stdio_exit_handler
                0x200009e8        0x4 D:/CLion_Tools/arm-none-eabi/13.3 rel1/bin/../lib/gcc/arm-none-eabi/13.3.1/thumb/v7-m/nofp\libg.a(libc_a-findfp.o)
                0x200009e8                __stdio_exit_handler
 .bss.errno     0x200009ec        0x4 D:/CLion_Tools/arm-none-eabi/13.3 rel1/bin/../lib/gcc/arm-none-eabi/13.3.1/thumb/v7-m/nofp\libg.a(libc_a-reent.o)
                0x200009ec                errno
 .bss.__lock___malloc_recursive_mutex
                0x200009f0        0x1 D:/CLion_Tools/arm-none-eabi/13.3 rel1/bin/../lib/gcc/arm-none-eabi/13.3.1/thumb/v7-m/nofp\libg.a(libc_a-lock.o)
                0x200009f0                __lock___malloc_recursive_mutex
 *fill*         0x200009f1        0x3 
 .bss.__lock___atexit_recursive_mutex
                0x200009f4        0x1 D:/CLion_Tools/arm-none-eabi/13.3 rel1/bin/../lib/gcc/arm-none-eabi/13.3.1/thumb/v7-m/nofp\libg.a(libc_a-lock.o)
                0x200009f4                __lock___atexit_recursive_mutex
 *fill*         0x200009f5        0x3 
 .bss.__lock___sfp_recursive_mutex
                0x200009f8        0x1 D:/CLion_Tools/arm-none-eabi/13.3 rel1/bin/../lib/gcc/arm-none-eabi/13.3.1/thumb/v7-m/nofp\libg.a(libc_a-lock.o)
                0x200009f8                __lock___sfp_recursive_mutex
 *fill*         0x200009f9        0x3 
 .bss.__atexit  0x200009fc        0x4 D:/CLion_Tools/arm-none-eabi/13.3 rel1/bin/../lib/gcc/arm-none-eabi/13.3.1/thumb/v7-m/nofp\libg.a(libc_a-__call_atexit.o)
                0x200009fc                __atexit
 .bss.__malloc_current_mallinfo
                0x20000a00       0x28 D:/CLion_Tools/arm-none-eabi/13.3 rel1/bin/../lib/gcc/arm-none-eabi/13.3.1/thumb/v7-m/nofp\libg.a(libc_a-mallocr.o)
                0x20000a00                __malloc_current_mallinfo
 .bss.__malloc_max_total_mem
                0x20000a28        0x4 D:/CLion_Tools/arm-none-eabi/13.3 rel1/bin/../lib/gcc/arm-none-eabi/13.3.1/thumb/v7-m/nofp\libg.a(libc_a-mallocr.o)
                0x20000a28                __malloc_max_total_mem
 .bss.__malloc_max_sbrked_mem
                0x20000a2c        0x4 D:/CLion_Tools/arm-none-eabi/13.3 rel1/bin/../lib/gcc/arm-none-eabi/13.3.1/thumb/v7-m/nofp\libg.a(libc_a-mallocr.o)
                0x20000a2c                __malloc_max_sbrked_mem
 .bss.__malloc_top_pad
                0x20000a30        0x4 D:/CLion_Tools/arm-none-eabi/13.3 rel1/bin/../lib/gcc/arm-none-eabi/13.3.1/thumb/v7-m/nofp\libg.a(libc_a-mallocr.o)
                0x20000a30                __malloc_top_pad
 .bss.__atexit0
                0x20000a34      0x190 D:/CLion_Tools/arm-none-eabi/13.3 rel1/bin/../lib/gcc/arm-none-eabi/13.3.1/thumb/v7-m/nofp\libg.a(libc_a-__atexit.o)
                0x20000a34                __atexit0
 *(COMMON)
                0x20000bc4                        . = ALIGN (0x4)
                0x20000bc4                        _ebss = .
                0x20000bc4                        __bss_end__ = _ebss

._user_heap_stack
                0x20000bc4      0x604 load address 0x0800a178
                0x20000bc8                        . = ALIGN (0x8)
 *fill*         0x20000bc4        0x4 
                [!provide]                        PROVIDE (end = .)
                0x20000bc8                        PROVIDE (_end = .)
                0x20000dc8                        . = (. + _Min_Heap_Size)
 *fill*         0x20000bc8      0x200 
                0x200011c8                        . = (. + _Min_Stack_Size)
 *fill*         0x20000dc8      0x400 
                0x200011c8                        . = ALIGN (0x8)

/DISCARD/
 libc.a(*)
 libm.a(*)
 libgcc.a(*)

.ARM.attributes
                0x00000000       0x29
 *(.ARM.attributes)
 .ARM.attributes
                0x00000000       0x1d D:/CLion_Tools/arm-none-eabi/13.3 rel1/bin/../lib/gcc/arm-none-eabi/13.3.1/thumb/v7-m/nofp/crti.o
 .ARM.attributes
                0x0000001d       0x2d D:/CLion_Tools/arm-none-eabi/13.3 rel1/bin/../lib/gcc/arm-none-eabi/13.3.1/thumb/v7-m/nofp/crtbegin.o
 .ARM.attributes
                0x0000004a       0x2d CMakeFiles/myCAR111.elf.dir/Core/Src/dma.c.obj
 .ARM.attributes
                0x00000077       0x2d CMakeFiles/myCAR111.elf.dir/Core/Src/gpio.c.obj
 .ARM.attributes
                0x000000a4       0x2d CMakeFiles/myCAR111.elf.dir/Core/Src/main.c.obj
 .ARM.attributes
                0x000000d1       0x2d CMakeFiles/myCAR111.elf.dir/Core/Src/stm32f1xx_hal_msp.c.obj
 .ARM.attributes
                0x000000fe       0x2d CMakeFiles/myCAR111.elf.dir/Core/Src/stm32f1xx_it.c.obj
 .ARM.attributes
                0x0000012b       0x2d CMakeFiles/myCAR111.elf.dir/Core/Src/syscalls.c.obj
 .ARM.attributes
                0x00000158       0x2d CMakeFiles/myCAR111.elf.dir/Core/Src/sysmem.c.obj
 .ARM.attributes
                0x00000185       0x2d CMakeFiles/myCAR111.elf.dir/Core/Src/system_stm32f1xx.c.obj
 .ARM.attributes
                0x000001b2       0x2d CMakeFiles/myCAR111.elf.dir/Core/Src/tim.c.obj
 .ARM.attributes
                0x000001df       0x2d CMakeFiles/myCAR111.elf.dir/Core/Src/usart.c.obj
 .ARM.attributes
                0x0000020c       0x21 CMakeFiles/myCAR111.elf.dir/Core/Startup/startup_stm32f103zetx.s.obj
 .ARM.attributes
                0x0000022d       0x2d CMakeFiles/myCAR111.elf.dir/Drivers/STM32F1xx_HAL_Driver/Src/stm32f1xx_hal.c.obj
 .ARM.attributes
                0x0000025a       0x2d CMakeFiles/myCAR111.elf.dir/Drivers/STM32F1xx_HAL_Driver/Src/stm32f1xx_hal_cortex.c.obj
 .ARM.attributes
                0x00000287       0x2d CMakeFiles/myCAR111.elf.dir/Drivers/STM32F1xx_HAL_Driver/Src/stm32f1xx_hal_dma.c.obj
 .ARM.attributes
                0x000002b4       0x2d CMakeFiles/myCAR111.elf.dir/Drivers/STM32F1xx_HAL_Driver/Src/stm32f1xx_hal_gpio.c.obj
 .ARM.attributes
                0x000002e1       0x2d CMakeFiles/myCAR111.elf.dir/Drivers/STM32F1xx_HAL_Driver/Src/stm32f1xx_hal_rcc.c.obj
 .ARM.attributes
                0x0000030e       0x2d CMakeFiles/myCAR111.elf.dir/Drivers/STM32F1xx_HAL_Driver/Src/stm32f1xx_hal_tim.c.obj
 .ARM.attributes
                0x0000033b       0x2d CMakeFiles/myCAR111.elf.dir/Drivers/STM32F1xx_HAL_Driver/Src/stm32f1xx_hal_tim_ex.c.obj
 .ARM.attributes
                0x00000368       0x2d CMakeFiles/myCAR111.elf.dir/Drivers/STM32F1xx_HAL_Driver/Src/stm32f1xx_hal_uart.c.obj
 .ARM.attributes
                0x00000395       0x2d D:/CLion_Tools/arm-none-eabi/13.3 rel1/bin/../lib/gcc/arm-none-eabi/13.3.1/thumb/v7-m/nofp\libg.a(libc_a-atoi.o)
 .ARM.attributes
                0x000003c2       0x2d D:/CLion_Tools/arm-none-eabi/13.3 rel1/bin/../lib/gcc/arm-none-eabi/13.3.1/thumb/v7-m/nofp\libg.a(libc_a-strtol.o)
 .ARM.attributes
                0x000003ef       0x2d D:/CLion_Tools/arm-none-eabi/13.3 rel1/bin/../lib/gcc/arm-none-eabi/13.3.1/thumb/v7-m/nofp\libg.a(libc_a-ctype_.o)
 .ARM.attributes
                0x0000041c       0x2d D:/CLion_Tools/arm-none-eabi/13.3 rel1/bin/../lib/gcc/arm-none-eabi/13.3.1/thumb/v7-m/nofp\libg.a(libc_a-findfp.o)
 .ARM.attributes
                0x00000449       0x2d D:/CLion_Tools/arm-none-eabi/13.3 rel1/bin/../lib/gcc/arm-none-eabi/13.3.1/thumb/v7-m/nofp\libg.a(libc_a-fwalk.o)
 .ARM.attributes
                0x00000476       0x2d D:/CLion_Tools/arm-none-eabi/13.3 rel1/bin/../lib/gcc/arm-none-eabi/13.3.1/thumb/v7-m/nofp\libg.a(libc_a-stdio.o)
 .ARM.attributes
                0x000004a3       0x2d D:/CLion_Tools/arm-none-eabi/13.3 rel1/bin/../lib/gcc/arm-none-eabi/13.3.1/thumb/v7-m/nofp\libg.a(libc_a-vsnprintf.o)
 .ARM.attributes
                0x000004d0       0x2d D:/CLion_Tools/arm-none-eabi/13.3 rel1/bin/../lib/gcc/arm-none-eabi/13.3.1/thumb/v7-m/nofp\libg.a(libc_a-memset.o)
 .ARM.attributes
                0x000004fd       0x2d D:/CLion_Tools/arm-none-eabi/13.3 rel1/bin/../lib/gcc/arm-none-eabi/13.3.1/thumb/v7-m/nofp\libg.a(libc_a-closer.o)
 .ARM.attributes
                0x0000052a       0x2d D:/CLion_Tools/arm-none-eabi/13.3 rel1/bin/../lib/gcc/arm-none-eabi/13.3.1/thumb/v7-m/nofp\libg.a(libc_a-reent.o)
 .ARM.attributes
                0x00000557       0x2d D:/CLion_Tools/arm-none-eabi/13.3 rel1/bin/../lib/gcc/arm-none-eabi/13.3.1/thumb/v7-m/nofp\libg.a(libc_a-impure.o)
 .ARM.attributes
                0x00000584       0x2d D:/CLion_Tools/arm-none-eabi/13.3 rel1/bin/../lib/gcc/arm-none-eabi/13.3.1/thumb/v7-m/nofp\libg.a(libc_a-lseekr.o)
 .ARM.attributes
                0x000005b1       0x2d D:/CLion_Tools/arm-none-eabi/13.3 rel1/bin/../lib/gcc/arm-none-eabi/13.3.1/thumb/v7-m/nofp\libg.a(libc_a-readr.o)
 .ARM.attributes
                0x000005de       0x2d D:/CLion_Tools/arm-none-eabi/13.3 rel1/bin/../lib/gcc/arm-none-eabi/13.3.1/thumb/v7-m/nofp\libg.a(libc_a-writer.o)
 .ARM.attributes
                0x0000060b       0x2d D:/CLion_Tools/arm-none-eabi/13.3 rel1/bin/../lib/gcc/arm-none-eabi/13.3.1/thumb/v7-m/nofp\libg.a(libc_a-errno.o)
 .ARM.attributes
                0x00000638       0x2d D:/CLion_Tools/arm-none-eabi/13.3 rel1/bin/../lib/gcc/arm-none-eabi/13.3.1/thumb/v7-m/nofp\libg.a(libc_a-init.o)
 .ARM.attributes
                0x00000665       0x2d D:/CLion_Tools/arm-none-eabi/13.3 rel1/bin/../lib/gcc/arm-none-eabi/13.3.1/thumb/v7-m/nofp\libg.a(libc_a-lock.o)
 .ARM.attributes
                0x00000692       0x1b D:/CLion_Tools/arm-none-eabi/13.3 rel1/bin/../lib/gcc/arm-none-eabi/13.3.1/thumb/v7-m/nofp\libg.a(libc_a-strcmp.o)
 .ARM.attributes
                0x000006ad       0x2d D:/CLion_Tools/arm-none-eabi/13.3 rel1/bin/../lib/gcc/arm-none-eabi/13.3.1/thumb/v7-m/nofp\libg.a(libc_a-strlen-stub.o)
 .ARM.attributes
                0x000006da       0x2d D:/CLion_Tools/arm-none-eabi/13.3 rel1/bin/../lib/gcc/arm-none-eabi/13.3.1/thumb/v7-m/nofp\libg.a(libc_a-__call_atexit.o)
 .ARM.attributes
                0x00000707       0x2d D:/CLion_Tools/arm-none-eabi/13.3 rel1/bin/../lib/gcc/arm-none-eabi/13.3.1/thumb/v7-m/nofp\libg.a(libc_a-atexit.o)
 .ARM.attributes
                0x00000734       0x2d D:/CLion_Tools/arm-none-eabi/13.3 rel1/bin/../lib/gcc/arm-none-eabi/13.3.1/thumb/v7-m/nofp\libg.a(libc_a-freer.o)
 .ARM.attributes
                0x00000761       0x2d D:/CLion_Tools/arm-none-eabi/13.3 rel1/bin/../lib/gcc/arm-none-eabi/13.3.1/thumb/v7-m/nofp\libg.a(libc_a-mallocr.o)
 .ARM.attributes
                0x0000078e       0x2d D:/CLion_Tools/arm-none-eabi/13.3 rel1/bin/../lib/gcc/arm-none-eabi/13.3.1/thumb/v7-m/nofp\libg.a(libc_a-mlock.o)
 .ARM.attributes
                0x000007bb       0x2d D:/CLion_Tools/arm-none-eabi/13.3 rel1/bin/../lib/gcc/arm-none-eabi/13.3.1/thumb/v7-m/nofp\libg.a(libc_a-svfprintf.o)
 .ARM.attributes
                0x000007e8       0x2d D:/CLion_Tools/arm-none-eabi/13.3 rel1/bin/../lib/gcc/arm-none-eabi/13.3.1/thumb/v7-m/nofp\libg.a(libc_a-ssprint_r.o)
 .ARM.attributes
                0x00000815       0x2d D:/CLion_Tools/arm-none-eabi/13.3 rel1/bin/../lib/gcc/arm-none-eabi/13.3.1/thumb/v7-m/nofp\libg.a(libc_a-fclose.o)
 .ARM.attributes
                0x00000842       0x2d D:/CLion_Tools/arm-none-eabi/13.3 rel1/bin/../lib/gcc/arm-none-eabi/13.3.1/thumb/v7-m/nofp\libg.a(libc_a-fflush.o)
 .ARM.attributes
                0x0000086f       0x2d D:/CLion_Tools/arm-none-eabi/13.3 rel1/bin/../lib/gcc/arm-none-eabi/13.3.1/thumb/v7-m/nofp\libg.a(libc_a-strncpy.o)
 .ARM.attributes
                0x0000089c       0x2d D:/CLion_Tools/arm-none-eabi/13.3 rel1/bin/../lib/gcc/arm-none-eabi/13.3.1/thumb/v7-m/nofp\libg.a(libc_a-locale.o)
 .ARM.attributes
                0x000008c9       0x2d D:/CLion_Tools/arm-none-eabi/13.3 rel1/bin/../lib/gcc/arm-none-eabi/13.3.1/thumb/v7-m/nofp\libg.a(libc_a-localeconv.o)
 .ARM.attributes
                0x000008f6       0x2d D:/CLion_Tools/arm-none-eabi/13.3 rel1/bin/../lib/gcc/arm-none-eabi/13.3.1/thumb/v7-m/nofp\libg.a(libc_a-sbrkr.o)
 .ARM.attributes
                0x00000923       0x2d D:/CLion_Tools/arm-none-eabi/13.3 rel1/bin/../lib/gcc/arm-none-eabi/13.3.1/thumb/v7-m/nofp\libg.a(libc_a-fini.o)
 .ARM.attributes
                0x00000950       0x2d D:/CLion_Tools/arm-none-eabi/13.3 rel1/bin/../lib/gcc/arm-none-eabi/13.3.1/thumb/v7-m/nofp\libg.a(libc_a-sysconf.o)
 .ARM.attributes
                0x0000097d       0x2d D:/CLion_Tools/arm-none-eabi/13.3 rel1/bin/../lib/gcc/arm-none-eabi/13.3.1/thumb/v7-m/nofp\libg.a(libc_a-memchr-stub.o)
 .ARM.attributes
                0x000009aa       0x2d D:/CLion_Tools/arm-none-eabi/13.3 rel1/bin/../lib/gcc/arm-none-eabi/13.3.1/thumb/v7-m/nofp\libg.a(libm_a-s_frexp.o)
 .ARM.attributes
                0x000009d7       0x2d D:/CLion_Tools/arm-none-eabi/13.3 rel1/bin/../lib/gcc/arm-none-eabi/13.3.1/thumb/v7-m/nofp\libg.a(libc_a-__atexit.o)
 .ARM.attributes
                0x00000a04       0x2d D:/CLion_Tools/arm-none-eabi/13.3 rel1/bin/../lib/gcc/arm-none-eabi/13.3.1/thumb/v7-m/nofp\libg.a(libc_a-dtoa.o)
 .ARM.attributes
                0x00000a31       0x2d D:/CLion_Tools/arm-none-eabi/13.3 rel1/bin/../lib/gcc/arm-none-eabi/13.3.1/thumb/v7-m/nofp\libg.a(libc_a-mbtowc_r.o)
 .ARM.attributes
                0x00000a5e       0x2d D:/CLion_Tools/arm-none-eabi/13.3 rel1/bin/../lib/gcc/arm-none-eabi/13.3.1/thumb/v7-m/nofp\libg.a(libc_a-mprec.o)
 .ARM.attributes
                0x00000a8b       0x2d D:/CLion_Tools/arm-none-eabi/13.3 rel1/bin/../lib/gcc/arm-none-eabi/13.3.1/thumb/v7-m/nofp\libg.a(libc_a-wctomb_r.o)
 .ARM.attributes
                0x00000ab8       0x2d D:/CLion_Tools/arm-none-eabi/13.3 rel1/bin/../lib/gcc/arm-none-eabi/13.3.1/thumb/v7-m/nofp\libg.a(libc_a-wcrtomb.o)
 .ARM.attributes
                0x00000ae5       0x2d D:/CLion_Tools/arm-none-eabi/13.3 rel1/bin/../lib/gcc/arm-none-eabi/13.3.1/thumb/v7-m/nofp\libg.a(libc_a-wcsrtombs.o)
 .ARM.attributes
                0x00000b12       0x2d D:/CLion_Tools/arm-none-eabi/13.3 rel1/bin/../lib/gcc/arm-none-eabi/13.3.1/thumb/v7-m/nofp\libg.a(libc_a-ssputs_r.o)
 .ARM.attributes
                0x00000b3f       0x2d D:/CLion_Tools/arm-none-eabi/13.3 rel1/bin/../lib/gcc/arm-none-eabi/13.3.1/thumb/v7-m/nofp\libg.a(libc_a-memmove.o)
 .ARM.attributes
                0x00000b6c       0x1b D:/CLion_Tools/arm-none-eabi/13.3 rel1/bin/../lib/gcc/arm-none-eabi/13.3.1/thumb/v7-m/nofp\libg.a(libc_a-memcpy.o)
 .ARM.attributes
                0x00000b87       0x2d D:/CLion_Tools/arm-none-eabi/13.3 rel1/bin/../lib/gcc/arm-none-eabi/13.3.1/thumb/v7-m/nofp\libg.a(libc_a-assert.o)
 .ARM.attributes
                0x00000bb4       0x2d D:/CLion_Tools/arm-none-eabi/13.3 rel1/bin/../lib/gcc/arm-none-eabi/13.3.1/thumb/v7-m/nofp\libg.a(libc_a-callocr.o)
 .ARM.attributes
                0x00000be1       0x2d D:/CLion_Tools/arm-none-eabi/13.3 rel1/bin/../lib/gcc/arm-none-eabi/13.3.1/thumb/v7-m/nofp\libg.a(libc_a-reallocr.o)
 .ARM.attributes
                0x00000c0e       0x2d D:/CLion_Tools/arm-none-eabi/13.3 rel1/bin/../lib/gcc/arm-none-eabi/13.3.1/thumb/v7-m/nofp\libg.a(libc_a-wcsnrtombs.o)
 .ARM.attributes
                0x00000c3b       0x2d D:/CLion_Tools/arm-none-eabi/13.3 rel1/bin/../lib/gcc/arm-none-eabi/13.3.1/thumb/v7-m/nofp\libg.a(libc_a-fiprintf.o)
 .ARM.attributes
                0x00000c68       0x2d D:/CLion_Tools/arm-none-eabi/13.3 rel1/bin/../lib/gcc/arm-none-eabi/13.3.1/thumb/v7-m/nofp\libg.a(libc_a-vfiprintf.o)
 .ARM.attributes
                0x00000c95       0x2d D:/CLion_Tools/arm-none-eabi/13.3 rel1/bin/../lib/gcc/arm-none-eabi/13.3.1/thumb/v7-m/nofp\libg.a(libc_a-sprint_r.o)
 .ARM.attributes
                0x00000cc2       0x2d D:/CLion_Tools/arm-none-eabi/13.3 rel1/bin/../lib/gcc/arm-none-eabi/13.3.1/thumb/v7-m/nofp\libg.a(libc_a-fvwrite.o)
 .ARM.attributes
                0x00000cef       0x2d D:/CLion_Tools/arm-none-eabi/13.3 rel1/bin/../lib/gcc/arm-none-eabi/13.3.1/thumb/v7-m/nofp\libg.a(libc_a-wsetup.o)
 .ARM.attributes
                0x00000d1c       0x2d D:/CLion_Tools/arm-none-eabi/13.3 rel1/bin/../lib/gcc/arm-none-eabi/13.3.1/thumb/v7-m/nofp\libg.a(libc_a-abort.o)
 .ARM.attributes
                0x00000d49       0x2d D:/CLion_Tools/arm-none-eabi/13.3 rel1/bin/../lib/gcc/arm-none-eabi/13.3.1/thumb/v7-m/nofp\libg.a(libc_a-makebuf.o)
 .ARM.attributes
                0x00000d76       0x2d D:/CLion_Tools/arm-none-eabi/13.3 rel1/bin/../lib/gcc/arm-none-eabi/13.3.1/thumb/v7-m/nofp\libg.a(libc_a-signal.o)
 .ARM.attributes
                0x00000da3       0x2d D:/CLion_Tools/arm-none-eabi/13.3 rel1/bin/../lib/gcc/arm-none-eabi/13.3.1/thumb/v7-m/nofp\libg.a(libc_a-fstatr.o)
 .ARM.attributes
                0x00000dd0       0x2d D:/CLion_Tools/arm-none-eabi/13.3 rel1/bin/../lib/gcc/arm-none-eabi/13.3.1/thumb/v7-m/nofp\libg.a(libc_a-isattyr.o)
 .ARM.attributes
                0x00000dfd       0x2d D:/CLion_Tools/arm-none-eabi/13.3 rel1/bin/../lib/gcc/arm-none-eabi/13.3.1/thumb/v7-m/nofp\libg.a(libc_a-signalr.o)
 .ARM.attributes
                0x00000e2a       0x1d D:/CLion_Tools/arm-none-eabi/13.3 rel1/bin/../lib/gcc/arm-none-eabi/13.3.1/thumb/v7-m/nofp\libgcc.a(_arm_addsubdf3.o)
 .ARM.attributes
                0x00000e47       0x1d D:/CLion_Tools/arm-none-eabi/13.3 rel1/bin/../lib/gcc/arm-none-eabi/13.3.1/thumb/v7-m/nofp\libgcc.a(_arm_muldivdf3.o)
 .ARM.attributes
                0x00000e64       0x1d D:/CLion_Tools/arm-none-eabi/13.3 rel1/bin/../lib/gcc/arm-none-eabi/13.3.1/thumb/v7-m/nofp\libgcc.a(_arm_cmpdf2.o)
 .ARM.attributes
                0x00000e81       0x1d D:/CLion_Tools/arm-none-eabi/13.3 rel1/bin/../lib/gcc/arm-none-eabi/13.3.1/thumb/v7-m/nofp\libgcc.a(_arm_unorddf2.o)
 .ARM.attributes
                0x00000e9e       0x1d D:/CLion_Tools/arm-none-eabi/13.3 rel1/bin/../lib/gcc/arm-none-eabi/13.3.1/thumb/v7-m/nofp\libgcc.a(_arm_fixdfsi.o)
 .ARM.attributes
                0x00000ebb       0x2d D:/CLion_Tools/arm-none-eabi/13.3 rel1/bin/../lib/gcc/arm-none-eabi/13.3.1/thumb/v7-m/nofp/crtend.o
 .ARM.attributes
                0x00000ee8       0x1d D:/CLion_Tools/arm-none-eabi/13.3 rel1/bin/../lib/gcc/arm-none-eabi/13.3.1/thumb/v7-m/nofp/crtn.o
OUTPUT(myCAR111.elf elf32-littlearm)
LOAD linker stubs
LOAD D:/CLion_Tools/arm-none-eabi/13.3 rel1/bin/../lib/gcc/arm-none-eabi/13.3.1/thumb/v7-m/nofp\libc.a
LOAD D:/CLion_Tools/arm-none-eabi/13.3 rel1/bin/../lib/gcc/arm-none-eabi/13.3.1/thumb/v7-m/nofp\libm.a
LOAD D:/CLion_Tools/arm-none-eabi/13.3 rel1/bin/../lib/gcc/arm-none-eabi/13.3.1/thumb/v7-m/nofp\libgcc.a

.debug_info     0x00000000    0x10d3e
 .debug_info    0x00000000      0x361 CMakeFiles/myCAR111.elf.dir/Core/Src/dma.c.obj
 .debug_info    0x00000361      0x3b3 CMakeFiles/myCAR111.elf.dir/Core/Src/gpio.c.obj
 .debug_info    0x00000714     0x15fb CMakeFiles/myCAR111.elf.dir/Core/Src/main.c.obj
 .debug_info    0x00001d0f      0x1f4 CMakeFiles/myCAR111.elf.dir/Core/Src/stm32f1xx_hal_msp.c.obj
 .debug_info    0x00001f03      0x9d6 CMakeFiles/myCAR111.elf.dir/Core/Src/stm32f1xx_it.c.obj
 .debug_info    0x000028d9      0x789 CMakeFiles/myCAR111.elf.dir/Core/Src/syscalls.c.obj
 .debug_info    0x00003062      0x171 CMakeFiles/myCAR111.elf.dir/Core/Src/sysmem.c.obj
 .debug_info    0x000031d3      0x22d CMakeFiles/myCAR111.elf.dir/Core/Src/system_stm32f1xx.c.obj
 .debug_info    0x00003400      0xb13 CMakeFiles/myCAR111.elf.dir/Core/Src/tim.c.obj
 .debug_info    0x00003f13      0xab7 CMakeFiles/myCAR111.elf.dir/Core/Src/usart.c.obj
 .debug_info    0x000049ca       0x30 CMakeFiles/myCAR111.elf.dir/Core/Startup/startup_stm32f103zetx.s.obj
 .debug_info    0x000049fa      0x808 CMakeFiles/myCAR111.elf.dir/Drivers/STM32F1xx_HAL_Driver/Src/stm32f1xx_hal.c.obj
 .debug_info    0x00005202      0xd3f CMakeFiles/myCAR111.elf.dir/Drivers/STM32F1xx_HAL_Driver/Src/stm32f1xx_hal_cortex.c.obj
 .debug_info    0x00005f41      0x7f2 CMakeFiles/myCAR111.elf.dir/Drivers/STM32F1xx_HAL_Driver/Src/stm32f1xx_hal_dma.c.obj
 .debug_info    0x00006733      0x604 CMakeFiles/myCAR111.elf.dir/Drivers/STM32F1xx_HAL_Driver/Src/stm32f1xx_hal_gpio.c.obj
 .debug_info    0x00006d37      0x9c7 CMakeFiles/myCAR111.elf.dir/Drivers/STM32F1xx_HAL_Driver/Src/stm32f1xx_hal_rcc.c.obj
 .debug_info    0x000076fe     0x3c0f CMakeFiles/myCAR111.elf.dir/Drivers/STM32F1xx_HAL_Driver/Src/stm32f1xx_hal_tim.c.obj
 .debug_info    0x0000b30d     0x1aac CMakeFiles/myCAR111.elf.dir/Drivers/STM32F1xx_HAL_Driver/Src/stm32f1xx_hal_tim_ex.c.obj
 .debug_info    0x0000cdb9     0x3f85 CMakeFiles/myCAR111.elf.dir/Drivers/STM32F1xx_HAL_Driver/Src/stm32f1xx_hal_uart.c.obj

.debug_abbrev   0x00000000     0x253d
 .debug_abbrev  0x00000000      0x119 CMakeFiles/myCAR111.elf.dir/Core/Src/dma.c.obj
 .debug_abbrev  0x00000119      0x151 CMakeFiles/myCAR111.elf.dir/Core/Src/gpio.c.obj
 .debug_abbrev  0x0000026a      0x351 CMakeFiles/myCAR111.elf.dir/Core/Src/main.c.obj
 .debug_abbrev  0x000005bb       0xed CMakeFiles/myCAR111.elf.dir/Core/Src/stm32f1xx_hal_msp.c.obj
 .debug_abbrev  0x000006a8      0x1a4 CMakeFiles/myCAR111.elf.dir/Core/Src/stm32f1xx_it.c.obj
 .debug_abbrev  0x0000084c      0x1c1 CMakeFiles/myCAR111.elf.dir/Core/Src/syscalls.c.obj
 .debug_abbrev  0x00000a0d       0xea CMakeFiles/myCAR111.elf.dir/Core/Src/sysmem.c.obj
 .debug_abbrev  0x00000af7      0x143 CMakeFiles/myCAR111.elf.dir/Core/Src/system_stm32f1xx.c.obj
 .debug_abbrev  0x00000c3a      0x239 CMakeFiles/myCAR111.elf.dir/Core/Src/tim.c.obj
 .debug_abbrev  0x00000e73      0x237 CMakeFiles/myCAR111.elf.dir/Core/Src/usart.c.obj
 .debug_abbrev  0x000010aa       0x24 CMakeFiles/myCAR111.elf.dir/Core/Startup/startup_stm32f103zetx.s.obj
 .debug_abbrev  0x000010ce      0x22d CMakeFiles/myCAR111.elf.dir/Drivers/STM32F1xx_HAL_Driver/Src/stm32f1xx_hal.c.obj
 .debug_abbrev  0x000012fb      0x36d CMakeFiles/myCAR111.elf.dir/Drivers/STM32F1xx_HAL_Driver/Src/stm32f1xx_hal_cortex.c.obj
 .debug_abbrev  0x00001668      0x244 CMakeFiles/myCAR111.elf.dir/Drivers/STM32F1xx_HAL_Driver/Src/stm32f1xx_hal_dma.c.obj
 .debug_abbrev  0x000018ac      0x1f7 CMakeFiles/myCAR111.elf.dir/Drivers/STM32F1xx_HAL_Driver/Src/stm32f1xx_hal_gpio.c.obj
 .debug_abbrev  0x00001aa3      0x2a0 CMakeFiles/myCAR111.elf.dir/Drivers/STM32F1xx_HAL_Driver/Src/stm32f1xx_hal_rcc.c.obj
 .debug_abbrev  0x00001d43      0x270 CMakeFiles/myCAR111.elf.dir/Drivers/STM32F1xx_HAL_Driver/Src/stm32f1xx_hal_tim.c.obj
 .debug_abbrev  0x00001fb3      0x26e CMakeFiles/myCAR111.elf.dir/Drivers/STM32F1xx_HAL_Driver/Src/stm32f1xx_hal_tim_ex.c.obj
 .debug_abbrev  0x00002221      0x31c CMakeFiles/myCAR111.elf.dir/Drivers/STM32F1xx_HAL_Driver/Src/stm32f1xx_hal_uart.c.obj

.debug_aranges  0x00000000      0xd00
 .debug_aranges
                0x00000000       0x20 CMakeFiles/myCAR111.elf.dir/Core/Src/dma.c.obj
 .debug_aranges
                0x00000020       0x20 CMakeFiles/myCAR111.elf.dir/Core/Src/gpio.c.obj
 .debug_aranges
                0x00000040       0x58 CMakeFiles/myCAR111.elf.dir/Core/Src/main.c.obj
 .debug_aranges
                0x00000098       0x20 CMakeFiles/myCAR111.elf.dir/Core/Src/stm32f1xx_hal_msp.c.obj
 .debug_aranges
                0x000000b8       0x80 CMakeFiles/myCAR111.elf.dir/Core/Src/stm32f1xx_it.c.obj
 .debug_aranges
                0x00000138       0xa8 CMakeFiles/myCAR111.elf.dir/Core/Src/syscalls.c.obj
 .debug_aranges
                0x000001e0       0x20 CMakeFiles/myCAR111.elf.dir/Core/Src/sysmem.c.obj
 .debug_aranges
                0x00000200       0x28 CMakeFiles/myCAR111.elf.dir/Core/Src/system_stm32f1xx.c.obj
 .debug_aranges
                0x00000228       0x38 CMakeFiles/myCAR111.elf.dir/Core/Src/tim.c.obj
 .debug_aranges
                0x00000260       0x30 CMakeFiles/myCAR111.elf.dir/Core/Src/usart.c.obj
 .debug_aranges
                0x00000290       0x28 CMakeFiles/myCAR111.elf.dir/Core/Startup/startup_stm32f103zetx.s.obj
 .debug_aranges
                0x000002b8       0xe0 CMakeFiles/myCAR111.elf.dir/Drivers/STM32F1xx_HAL_Driver/Src/stm32f1xx_hal.c.obj
 .debug_aranges
                0x00000398       0xc0 CMakeFiles/myCAR111.elf.dir/Drivers/STM32F1xx_HAL_Driver/Src/stm32f1xx_hal_cortex.c.obj
 .debug_aranges
                0x00000458       0x80 CMakeFiles/myCAR111.elf.dir/Drivers/STM32F1xx_HAL_Driver/Src/stm32f1xx_hal_dma.c.obj
 .debug_aranges
                0x000004d8       0x58 CMakeFiles/myCAR111.elf.dir/Drivers/STM32F1xx_HAL_Driver/Src/stm32f1xx_hal_gpio.c.obj
 .debug_aranges
                0x00000530       0x90 CMakeFiles/myCAR111.elf.dir/Drivers/STM32F1xx_HAL_Driver/Src/stm32f1xx_hal_rcc.c.obj
 .debug_aranges
                0x000005c0      0x3d0 CMakeFiles/myCAR111.elf.dir/Drivers/STM32F1xx_HAL_Driver/Src/stm32f1xx_hal_tim.c.obj
 .debug_aranges
                0x00000990      0x168 CMakeFiles/myCAR111.elf.dir/Drivers/STM32F1xx_HAL_Driver/Src/stm32f1xx_hal_tim_ex.c.obj
 .debug_aranges
                0x00000af8      0x208 CMakeFiles/myCAR111.elf.dir/Drivers/STM32F1xx_HAL_Driver/Src/stm32f1xx_hal_uart.c.obj

.debug_rnglists
                0x00000000      0x9de
 .debug_rnglists
                0x00000000       0x13 CMakeFiles/myCAR111.elf.dir/Core/Src/dma.c.obj
 .debug_rnglists
                0x00000013       0x14 CMakeFiles/myCAR111.elf.dir/Core/Src/gpio.c.obj
 .debug_rnglists
                0x00000027       0x3f CMakeFiles/myCAR111.elf.dir/Core/Src/main.c.obj
 .debug_rnglists
                0x00000066       0x13 CMakeFiles/myCAR111.elf.dir/Core/Src/stm32f1xx_hal_msp.c.obj
 .debug_rnglists
                0x00000079       0x5b CMakeFiles/myCAR111.elf.dir/Core/Src/stm32f1xx_it.c.obj
 .debug_rnglists
                0x000000d4       0x79 CMakeFiles/myCAR111.elf.dir/Core/Src/syscalls.c.obj
 .debug_rnglists
                0x0000014d       0x13 CMakeFiles/myCAR111.elf.dir/Core/Src/sysmem.c.obj
 .debug_rnglists
                0x00000160       0x1a CMakeFiles/myCAR111.elf.dir/Core/Src/system_stm32f1xx.c.obj
 .debug_rnglists
                0x0000017a       0x25 CMakeFiles/myCAR111.elf.dir/Core/Src/tim.c.obj
 .debug_rnglists
                0x0000019f       0x20 CMakeFiles/myCAR111.elf.dir/Core/Src/usart.c.obj
 .debug_rnglists
                0x000001bf       0x19 CMakeFiles/myCAR111.elf.dir/Core/Startup/startup_stm32f103zetx.s.obj
 .debug_rnglists
                0x000001d8       0xa3 CMakeFiles/myCAR111.elf.dir/Drivers/STM32F1xx_HAL_Driver/Src/stm32f1xx_hal.c.obj
 .debug_rnglists
                0x0000027b       0x8b CMakeFiles/myCAR111.elf.dir/Drivers/STM32F1xx_HAL_Driver/Src/stm32f1xx_hal_cortex.c.obj
 .debug_rnglists
                0x00000306       0x60 CMakeFiles/myCAR111.elf.dir/Drivers/STM32F1xx_HAL_Driver/Src/stm32f1xx_hal_dma.c.obj
 .debug_rnglists
                0x00000366       0x3f CMakeFiles/myCAR111.elf.dir/Drivers/STM32F1xx_HAL_Driver/Src/stm32f1xx_hal_gpio.c.obj
 .debug_rnglists
                0x000003a5       0x7d CMakeFiles/myCAR111.elf.dir/Drivers/STM32F1xx_HAL_Driver/Src/stm32f1xx_hal_rcc.c.obj
 .debug_rnglists
                0x00000422      0x301 CMakeFiles/myCAR111.elf.dir/Drivers/STM32F1xx_HAL_Driver/Src/stm32f1xx_hal_tim.c.obj
 .debug_rnglists
                0x00000723      0x11a CMakeFiles/myCAR111.elf.dir/Drivers/STM32F1xx_HAL_Driver/Src/stm32f1xx_hal_tim_ex.c.obj
 .debug_rnglists
                0x0000083d      0x1a1 CMakeFiles/myCAR111.elf.dir/Drivers/STM32F1xx_HAL_Driver/Src/stm32f1xx_hal_uart.c.obj

.debug_line     0x00000000     0xe744
 .debug_line    0x00000000      0x1da CMakeFiles/myCAR111.elf.dir/Core/Src/dma.c.obj
 .debug_line    0x000001da      0x289 CMakeFiles/myCAR111.elf.dir/Core/Src/gpio.c.obj
 .debug_line    0x00000463      0x769 CMakeFiles/myCAR111.elf.dir/Core/Src/main.c.obj
 .debug_line    0x00000bcc      0x193 CMakeFiles/myCAR111.elf.dir/Core/Src/stm32f1xx_hal_msp.c.obj
 .debug_line    0x00000d5f      0x34f CMakeFiles/myCAR111.elf.dir/Core/Src/stm32f1xx_it.c.obj
 .debug_line    0x000010ae      0x3e9 CMakeFiles/myCAR111.elf.dir/Core/Src/syscalls.c.obj
 .debug_line    0x00001497      0x1c7 CMakeFiles/myCAR111.elf.dir/Core/Src/sysmem.c.obj
 .debug_line    0x0000165e      0x25b CMakeFiles/myCAR111.elf.dir/Core/Src/system_stm32f1xx.c.obj
 .debug_line    0x000018b9      0x3e4 CMakeFiles/myCAR111.elf.dir/Core/Src/tim.c.obj
 .debug_line    0x00001c9d      0x3cb CMakeFiles/myCAR111.elf.dir/Core/Src/usart.c.obj
 .debug_line    0x00002068       0x79 CMakeFiles/myCAR111.elf.dir/Core/Startup/startup_stm32f103zetx.s.obj
 .debug_line    0x000020e1      0x58e CMakeFiles/myCAR111.elf.dir/Drivers/STM32F1xx_HAL_Driver/Src/stm32f1xx_hal.c.obj
 .debug_line    0x0000266f      0x6e2 CMakeFiles/myCAR111.elf.dir/Drivers/STM32F1xx_HAL_Driver/Src/stm32f1xx_hal_cortex.c.obj
 .debug_line    0x00002d51     0x1025 CMakeFiles/myCAR111.elf.dir/Drivers/STM32F1xx_HAL_Driver/Src/stm32f1xx_hal_dma.c.obj
 .debug_line    0x00003d76      0x633 CMakeFiles/myCAR111.elf.dir/Drivers/STM32F1xx_HAL_Driver/Src/stm32f1xx_hal_gpio.c.obj
 .debug_line    0x000043a9      0xce5 CMakeFiles/myCAR111.elf.dir/Drivers/STM32F1xx_HAL_Driver/Src/stm32f1xx_hal_rcc.c.obj
 .debug_line    0x0000508e     0x4728 CMakeFiles/myCAR111.elf.dir/Drivers/STM32F1xx_HAL_Driver/Src/stm32f1xx_hal_tim.c.obj
 .debug_line    0x000097b6     0x1a8f CMakeFiles/myCAR111.elf.dir/Drivers/STM32F1xx_HAL_Driver/Src/stm32f1xx_hal_tim_ex.c.obj
 .debug_line    0x0000b245     0x34ff CMakeFiles/myCAR111.elf.dir/Drivers/STM32F1xx_HAL_Driver/Src/stm32f1xx_hal_uart.c.obj

.debug_str      0x00000000     0x3d85
 .debug_str     0x00000000     0x3d85 CMakeFiles/myCAR111.elf.dir/Core/Src/dma.c.obj
                                0x606 (size before relaxing)
 .debug_str     0x00003d85      0x2c3 CMakeFiles/myCAR111.elf.dir/Core/Src/gpio.c.obj
 .debug_str     0x00003d85      0xc4a CMakeFiles/myCAR111.elf.dir/Core/Src/main.c.obj
 .debug_str     0x00003d85      0x257 CMakeFiles/myCAR111.elf.dir/Core/Src/stm32f1xx_hal_msp.c.obj
 .debug_str     0x00003d85      0x9ec CMakeFiles/myCAR111.elf.dir/Core/Src/stm32f1xx_it.c.obj
 .debug_str     0x00003d85      0x424 CMakeFiles/myCAR111.elf.dir/Core/Src/syscalls.c.obj
 .debug_str     0x00003d85      0x250 CMakeFiles/myCAR111.elf.dir/Core/Src/sysmem.c.obj
 .debug_str     0x00003d85      0x28c CMakeFiles/myCAR111.elf.dir/Core/Src/system_stm32f1xx.c.obj
 .debug_str     0x00003d85      0xbeb CMakeFiles/myCAR111.elf.dir/Core/Src/tim.c.obj
 .debug_str     0x00003d85      0xb34 CMakeFiles/myCAR111.elf.dir/Core/Src/usart.c.obj
 .debug_str     0x00003d85       0x9d CMakeFiles/myCAR111.elf.dir/Core/Startup/startup_stm32f103zetx.s.obj
 .debug_str     0x00003d85      0x94a CMakeFiles/myCAR111.elf.dir/Drivers/STM32F1xx_HAL_Driver/Src/stm32f1xx_hal.c.obj
 .debug_str     0x00003d85      0x9ef CMakeFiles/myCAR111.elf.dir/Drivers/STM32F1xx_HAL_Driver/Src/stm32f1xx_hal_cortex.c.obj
 .debug_str     0x00003d85      0x635 CMakeFiles/myCAR111.elf.dir/Drivers/STM32F1xx_HAL_Driver/Src/stm32f1xx_hal_dma.c.obj
 .debug_str     0x00003d85      0x438 CMakeFiles/myCAR111.elf.dir/Drivers/STM32F1xx_HAL_Driver/Src/stm32f1xx_hal_gpio.c.obj
 .debug_str     0x00003d85      0x663 CMakeFiles/myCAR111.elf.dir/Drivers/STM32F1xx_HAL_Driver/Src/stm32f1xx_hal_rcc.c.obj
 .debug_str     0x00003d85     0x16bd CMakeFiles/myCAR111.elf.dir/Drivers/STM32F1xx_HAL_Driver/Src/stm32f1xx_hal_tim.c.obj
 .debug_str     0x00003d85      0xec9 CMakeFiles/myCAR111.elf.dir/Drivers/STM32F1xx_HAL_Driver/Src/stm32f1xx_hal_tim_ex.c.obj
 .debug_str     0x00003d85      0xd2c CMakeFiles/myCAR111.elf.dir/Drivers/STM32F1xx_HAL_Driver/Src/stm32f1xx_hal_uart.c.obj

.comment        0x00000000       0x45
 .comment       0x00000000       0x45 CMakeFiles/myCAR111.elf.dir/Core/Src/dma.c.obj
                                 0x46 (size before relaxing)
 .comment       0x00000045       0x46 CMakeFiles/myCAR111.elf.dir/Core/Src/gpio.c.obj
 .comment       0x00000045       0x46 CMakeFiles/myCAR111.elf.dir/Core/Src/main.c.obj
 .comment       0x00000045       0x46 CMakeFiles/myCAR111.elf.dir/Core/Src/stm32f1xx_hal_msp.c.obj
 .comment       0x00000045       0x46 CMakeFiles/myCAR111.elf.dir/Core/Src/stm32f1xx_it.c.obj
 .comment       0x00000045       0x46 CMakeFiles/myCAR111.elf.dir/Core/Src/syscalls.c.obj
 .comment       0x00000045       0x46 CMakeFiles/myCAR111.elf.dir/Core/Src/sysmem.c.obj
 .comment       0x00000045       0x46 CMakeFiles/myCAR111.elf.dir/Core/Src/system_stm32f1xx.c.obj
 .comment       0x00000045       0x46 CMakeFiles/myCAR111.elf.dir/Core/Src/tim.c.obj
 .comment       0x00000045       0x46 CMakeFiles/myCAR111.elf.dir/Core/Src/usart.c.obj
 .comment       0x00000045       0x46 CMakeFiles/myCAR111.elf.dir/Drivers/STM32F1xx_HAL_Driver/Src/stm32f1xx_hal.c.obj
 .comment       0x00000045       0x46 CMakeFiles/myCAR111.elf.dir/Drivers/STM32F1xx_HAL_Driver/Src/stm32f1xx_hal_cortex.c.obj
 .comment       0x00000045       0x46 CMakeFiles/myCAR111.elf.dir/Drivers/STM32F1xx_HAL_Driver/Src/stm32f1xx_hal_dma.c.obj
 .comment       0x00000045       0x46 CMakeFiles/myCAR111.elf.dir/Drivers/STM32F1xx_HAL_Driver/Src/stm32f1xx_hal_gpio.c.obj