Archive member included to satisfy reference by file (symbol)

D:/CLion_Tools/arm-none-eabi/13.3 rel1/bin/../lib/gcc/arm-none-eabi/13.3.1/thumb/v7-m/nofp\libc.a(libc_a-atoi.o)
                              CMakeFiles/myCAR111.elf.dir/Core/Hardware/M_MOTOR/M_MOTOR.c.obj (atoi)
D:/CLion_Tools/arm-none-eabi/13.3 rel1/bin/../lib/gcc/arm-none-eabi/13.3.1/thumb/v7-m/nofp\libc.a(libc_a-exit.o)
                              D:/CLion_Tools/arm-none-eabi/13.3 rel1/bin/../lib/gcc/arm-none-eabi/13.3.1/thumb/v7-m/nofp/crt0.o (exit)
D:/CLion_Tools/arm-none-eabi/13.3 rel1/bin/../lib/gcc/arm-none-eabi/13.3.1/thumb/v7-m/nofp\libc.a(libc_a-strtol.o)
                              D:/CLion_Tools/arm-none-eabi/13.3 rel1/bin/../lib/gcc/arm-none-eabi/13.3.1/thumb/v7-m/nofp\libc.a(libc_a-atoi.o) (_strtol_r)
D:/CLion_Tools/arm-none-eabi/13.3 rel1/bin/../lib/gcc/arm-none-eabi/13.3.1/thumb/v7-m/nofp\libc.a(libc_a-ctype_.o)
                              D:/CLion_Tools/arm-none-eabi/13.3 rel1/bin/../lib/gcc/arm-none-eabi/13.3.1/thumb/v7-m/nofp\libc.a(libc_a-strtol.o) (_ctype_)
D:/CLion_Tools/arm-none-eabi/13.3 rel1/bin/../lib/gcc/arm-none-eabi/13.3.1/thumb/v7-m/nofp\libc.a(libc_a-findfp.o)
                              D:/CLion_Tools/arm-none-eabi/13.3 rel1/bin/../lib/gcc/arm-none-eabi/13.3.1/thumb/v7-m/nofp\libc.a(libc_a-exit.o) (__stdio_exit_handler)
D:/CLion_Tools/arm-none-eabi/13.3 rel1/bin/../lib/gcc/arm-none-eabi/13.3.1/thumb/v7-m/nofp\libc.a(libc_a-fwalk.o)
                              D:/CLion_Tools/arm-none-eabi/13.3 rel1/bin/../lib/gcc/arm-none-eabi/13.3.1/thumb/v7-m/nofp\libc.a(libc_a-findfp.o) (_fwalk_sglue)
D:/CLion_Tools/arm-none-eabi/13.3 rel1/bin/../lib/gcc/arm-none-eabi/13.3.1/thumb/v7-m/nofp\libc.a(libc_a-stdio.o)
                              D:/CLion_Tools/arm-none-eabi/13.3 rel1/bin/../lib/gcc/arm-none-eabi/13.3.1/thumb/v7-m/nofp\libc.a(libc_a-findfp.o) (__sread)
D:/CLion_Tools/arm-none-eabi/13.3 rel1/bin/../lib/gcc/arm-none-eabi/13.3.1/thumb/v7-m/nofp\libc.a(libc_a-vsnprintf.o)
                              CMakeFiles/myCAR111.elf.dir/Core/Hardware/M_UART/M_UART.c.obj (vsnprintf)
D:/CLion_Tools/arm-none-eabi/13.3 rel1/bin/../lib/gcc/arm-none-eabi/13.3.1/thumb/v7-m/nofp\libc.a(libc_a-memset.o)
                              D:/CLion_Tools/arm-none-eabi/13.3 rel1/bin/../lib/gcc/arm-none-eabi/13.3.1/thumb/v7-m/nofp/crt0.o (memset)
D:/CLion_Tools/arm-none-eabi/13.3 rel1/bin/../lib/gcc/arm-none-eabi/13.3.1/thumb/v7-m/nofp\libc.a(libc_a-closer.o)
                              D:/CLion_Tools/arm-none-eabi/13.3 rel1/bin/../lib/gcc/arm-none-eabi/13.3.1/thumb/v7-m/nofp\libc.a(libc_a-stdio.o) (_close_r)
D:/CLion_Tools/arm-none-eabi/13.3 rel1/bin/../lib/gcc/arm-none-eabi/13.3.1/thumb/v7-m/nofp\libc.a(libc_a-reent.o)
                              D:/CLion_Tools/arm-none-eabi/13.3 rel1/bin/../lib/gcc/arm-none-eabi/13.3.1/thumb/v7-m/nofp\libc.a(libc_a-closer.o) (errno)
D:/CLion_Tools/arm-none-eabi/13.3 rel1/bin/../lib/gcc/arm-none-eabi/13.3.1/thumb/v7-m/nofp\libc.a(libc_a-impure.o)
                              D:/CLion_Tools/arm-none-eabi/13.3 rel1/bin/../lib/gcc/arm-none-eabi/13.3.1/thumb/v7-m/nofp\libc.a(libc_a-strtol.o) (_impure_ptr)
D:/CLion_Tools/arm-none-eabi/13.3 rel1/bin/../lib/gcc/arm-none-eabi/13.3.1/thumb/v7-m/nofp\libc.a(libc_a-lseekr.o)
                              D:/CLion_Tools/arm-none-eabi/13.3 rel1/bin/../lib/gcc/arm-none-eabi/13.3.1/thumb/v7-m/nofp\libc.a(libc_a-stdio.o) (_lseek_r)
D:/CLion_Tools/arm-none-eabi/13.3 rel1/bin/../lib/gcc/arm-none-eabi/13.3.1/thumb/v7-m/nofp\libc.a(libc_a-readr.o)
                              D:/CLion_Tools/arm-none-eabi/13.3 rel1/bin/../lib/gcc/arm-none-eabi/13.3.1/thumb/v7-m/nofp\libc.a(libc_a-stdio.o) (_read_r)
D:/CLion_Tools/arm-none-eabi/13.3 rel1/bin/../lib/gcc/arm-none-eabi/13.3.1/thumb/v7-m/nofp\libc.a(libc_a-writer.o)
                              D:/CLion_Tools/arm-none-eabi/13.3 rel1/bin/../lib/gcc/arm-none-eabi/13.3.1/thumb/v7-m/nofp\libc.a(libc_a-stdio.o) (_write_r)
D:/CLion_Tools/arm-none-eabi/13.3 rel1/bin/../lib/gcc/arm-none-eabi/13.3.1/thumb/v7-m/nofp\libc.a(libc_a-errno.o)
                              CMakeFiles/myCAR111.elf.dir/Core/Src/syscalls.c.obj (__errno)
D:/CLion_Tools/arm-none-eabi/13.3 rel1/bin/../lib/gcc/arm-none-eabi/13.3.1/thumb/v7-m/nofp\libc.a(libc_a-init.o)
                              D:/CLion_Tools/arm-none-eabi/13.3 rel1/bin/../lib/gcc/arm-none-eabi/13.3.1/thumb/v7-m/nofp/crt0.o (__libc_init_array)
D:/CLion_Tools/arm-none-eabi/13.3 rel1/bin/../lib/gcc/arm-none-eabi/13.3.1/thumb/v7-m/nofp\libc.a(libc_a-lock.o)
                              D:/CLion_Tools/arm-none-eabi/13.3 rel1/bin/../lib/gcc/arm-none-eabi/13.3.1/thumb/v7-m/nofp\libc.a(libc_a-findfp.o) (__retarget_lock_init_recursive)
D:/CLion_Tools/arm-none-eabi/13.3 rel1/bin/../lib/gcc/arm-none-eabi/13.3.1/thumb/v7-m/nofp\libc.a(libc_a-strcmp.o)
                              CMakeFiles/myCAR111.elf.dir/Core/Hardware/M_MOTOR/M_MOTOR.c.obj (strcmp)
[...]
Memory Configuration

Name             Origin             Length             Attributes
RAM              0x20000000         0x00010000         xrw
FLASH            0x08000000         0x00080000         xr
*default*        0x00000000         0xffffffff

Linker script and memory map

LOAD D:/CLion_Tools/arm-none-eabi/13.3 rel1/bin/../lib/gcc/arm-none-eabi/13.3.1/thumb/v7-m/nofp/crti.o
LOAD D:/CLion_Tools/arm-none-eabi/13.3 rel1/bin/../lib/gcc/arm-none-eabi/13.3.1/thumb/v7-m/nofp/crtbegin.o
LOAD D:/CLion_Tools/arm-none-eabi/13.3 rel1/bin/../lib/gcc/arm-none-eabi/13.3.1/thumb/v7-m/nofp/crt0.o
LOAD CMakeFiles/myCAR111.elf.dir/Core/Hardware/M_IR/M_IR.c.obj
LOAD CMakeFiles/myCAR111.elf.dir/Core/Hardware/M_MOTOR/M_MOTOR.c.obj
LOAD CMakeFiles/myCAR111.elf.dir/Core/Hardware/M_UART/M_UART.c.obj
LOAD CMakeFiles/myCAR111.elf.dir/Core/Src/dma.c.obj
LOAD CMakeFiles/myCAR111.elf.dir/Core/Src/gpio.c.obj
LOAD CMakeFiles/myCAR111.elf.dir/Core/Src/main.c.obj
LOAD CMakeFiles/myCAR111.elf.dir/Core/Src/stm32f1xx_hal_msp.c.obj
LOAD CMakeFiles/myCAR111.elf.dir/Core/Src/stm32f1xx_it.c.obj
LOAD CMakeFiles/myCAR111.elf.dir/Core/Src/syscalls.c.obj
LOAD CMakeFiles/myCAR111.elf.dir/Core/Src/sysmem.c.obj
LOAD CMakeFiles/myCAR111.elf.dir/Core/Src/system_stm32f1xx.c.obj
LOAD CMakeFiles/myCAR111.elf.dir/Core/Src/tim.c.obj
LOAD CMakeFiles/myCAR111.elf.dir/Core/Src/usart.c.obj
LOAD CMakeFiles/myCAR111.elf.dir/Core/Startup/startup_stm32f103zetx.s.obj
LOAD CMakeFiles/myCAR111.elf.dir/Drivers/STM32F1xx_HAL_Driver/Src/stm32f1xx_hal.c.obj
LOAD CMakeFiles/myCAR111.elf.dir/Drivers/STM32F1xx_HAL_Driver/Src/stm32f1xx_hal_cortex.c.obj
LOAD CMakeFiles/myCAR111.elf.dir/Drivers/STM32F1xx_HAL_Driver/Src/stm32f1xx_hal_dma.c.obj
LOAD CMakeFiles/myCAR111.elf.dir/Drivers/STM32F1xx_HAL_Driver/Src/stm32f1xx_hal_exti.c.obj
LOAD CMakeFiles/myCAR111.elf.dir/Drivers/STM32F1xx_HAL_Driver/Src/stm32f1xx_hal_flash.c.obj
LOAD CMakeFiles/myCAR111.elf.dir/Drivers/STM32F1xx_HAL_Driver/Src/stm32f1xx_hal_flash_ex.c.obj
LOAD CMakeFiles/myCAR111.elf.dir/Drivers/STM32F1xx_HAL_Driver/Src/stm32f1xx_hal_gpio.c.obj
LOAD CMakeFiles/myCAR111.elf.dir/Drivers/STM32F1xx_HAL_Driver/Src/stm32f1xx_hal_gpio_ex.c.obj
LOAD CMakeFiles/myCAR111.elf.dir/Drivers/STM32F1xx_HAL_Driver/Src/stm32f1xx_hal_pwr.c.obj
LOAD CMakeFiles/myCAR111.elf.dir/Drivers/STM32F1xx_HAL_Driver/Src/stm32f1xx_hal_rcc.c.obj
LOAD CMakeFiles/myCAR111.elf.dir/Drivers/STM32F1xx_HAL_Driver/Src/stm32f1xx_hal_rcc_ex.c.obj
LOAD CMakeFiles/myCAR111.elf.dir/Drivers/STM32F1xx_HAL_Driver/Src/stm32f1xx_hal_tim.c.obj
LOAD CMakeFiles/myCAR111.elf.dir/Drivers/STM32F1xx_HAL_Driver/Src/stm32f1xx_hal_tim_ex.c.obj
LOAD CMakeFiles/myCAR111.elf.dir/Drivers/STM32F1xx_HAL_Driver/Src/stm32f1xx_hal_uart.c.obj
START GROUP
LOAD D:/CLion_Tools/arm-none-eabi/13.3 rel1/bin/../lib/gcc/arm-none-eabi/13.3.1/thumb/v7-m/nofp\libgcc.a
LOAD D:/CLion_Tools/arm-none-eabi/13.3 rel1/bin/../lib/gcc/arm-none-eabi/13.3.1/thumb/v7-m/nofp\libc.a
END GROUP
LOAD D:/CLion_Tools/arm-none-eabi/13.3 rel1/bin/../lib/gcc/arm-none-eabi/13.3.1/thumb/v7-m/nofp/crtend.o
LOAD D:/CLion_Tools/arm-none-eabi/13.3 rel1/bin/../lib/gcc/arm-none-eabi/13.3.1/thumb/v7-m/nofp/crtn.o
                0x20010000                        _estack = (ORIGIN (RAM) + LENGTH (RAM))
                0x00000200                        _Min_Heap_Size = 0x200
                0x00000400                        _Min_Stack_Size = 0x400

.isr_vector     0x08000000      0x1e4
                0x08000000                        . = ALIGN (0x4)
 *(.isr_vector)
 .isr_vector    0x08000000      0x1e4 CMakeFiles/myCAR111.elf.dir/Core/Startup/startup_stm32f103zetx.s.obj
                0x08000000                g_pfnVectors
                0x080001e4                        . = ALIGN (0x4)

.text           0x080001e8     0x9860
                0x080001e8                        . = ALIGN (0x4)
 *(.text)
 .text          0x080001e8      0x1bc D:/CLion_Tools/arm-none-eabi/13.3 rel1/bin/../lib/gcc/arm-none-eabi/13.3.1/thumb/v7-m/nofp\libc.a(libc_a-strcmp.o)
                0x080001e8                strcmp
 .text          0x080003a4       0xec D:/CLion_Tools/arm-none-eabi/13.3 rel1/bin/../lib/gcc/arm-none-eabi/13.3.1/thumb/v7-m/nofp\libc.a(libc_a-memcpy.o)
                0x080003a4                memcpy
 .text          0x08000490      0x378 D:/CLion_Tools/arm-none-eabi/13.3 rel1/bin/../lib/gcc/arm-none-eabi/13.3.1/thumb/v7-m/nofp\libgcc.a(_arm_addsubdf3.o)
                0x08000490                __aeabi_drsub
                0x08000498                __aeabi_dsub
                0x08000498                __subdf3
                0x0800049c                __aeabi_dadd
                0x0800049c                __adddf3
                0x08000714                __floatunsidf
                0x08000714                __aeabi_ui2d
                0x08000734                __floatsidf
                0x08000734                __aeabi_i2d
                0x08000758                __aeabi_f2d
                0x08000758                __extendsfdf2
                0x0800079c                __floatundidf
                0x0800079c                __aeabi_ul2d
                0x080007ac                __floatdidf
                0x080007ac                __aeabi_l2d
 .text          0x08000808      0x424 D:/CLion_Tools/arm-none-eabi/13.3 rel1/bin/../lib/gcc/arm-none-eabi/13.3.1/thumb/v7-m/nofp\libgcc.a(_arm_muldivdf3.o)
                0x08000808                __aeabi_dmul
                0x08000808                __muldf3
                0x08000a5c                __divdf3
                0x08000a5c                __aeabi_ddiv
 .text          0x08000c2c      0x110 D:/CLion_Tools/arm-none-eabi/13.3 rel1/bin/../lib/gcc/arm-none-eabi/13.3.1/thumb/v7-m/nofp\libgcc.a(_arm_cmpdf2.o)
                0x08000c2c                __gtdf2
                0x08000c2c                __gedf2
                0x08000c34                __ltdf2
                0x08000c34                __ledf2
                0x08000c3c                __nedf2
                0x08000c3c                __eqdf2
                0x08000c3c                __cmpdf2
                0x08000cb8                __aeabi_cdrcmple
                0x08000cc8                __aeabi_cdcmpeq
                0x08000cc8                __aeabi_cdcmple
                0x08000cd8                __aeabi_dcmpeq
                0x08000cec                __aeabi_dcmplt
                0x08000d00                __aeabi_dcmple
                0x08000d14                __aeabi_dcmpge
                0x08000d28                __aeabi_dcmpgt
 .text          0x08000d3c       0x2c D:/CLion_Tools/arm-none-eabi/13.3 rel1/bin/../lib/gcc/arm-none-eabi/13.3.1/thumb/v7-m/nofp\libgcc.a(_arm_unorddf2.o)
                0x08000d3c                __unorddf2
                0x08000d3c                __aeabi_dcmpun
 .text          0x08000d68       0x50 D:/CLion_Tools/arm-none-eabi/13.3 rel1/bin/../lib/gcc/arm-none-eabi/13.3.1/thumb/v7-m/nofp\libgcc.a(_arm_fixdfsi.o)
                0x08000d68                __aeabi_d2iz
                0x08000d68                __fixdfsi
 *(.text*)
 .text.deregister_tm_clones
                0x08000db8       0x1c D:/CLion_Tools/arm-none-eabi/13.3 rel1/bin/../lib/gcc/arm-none-eabi/13.3.1/thumb/v7-m/nofp/crtbegin.o
 .text.register_tm_clones
                0x08000dd4       0x24 D:/CLion_Tools/arm-none-eabi/13.3 rel1/bin/../lib/gcc/arm-none-eabi/13.3.1/thumb/v7-m/nofp/crtbegin.o
 .text.__do_global_dtors_aux
                0x08000df8       0x28 D:/CLion_Tools/arm-none-eabi/13.3 rel1/bin/../lib/gcc/arm-none-eabi/13.3.1/thumb/v7-m/nofp/crtbegin.o
 .text.frame_dummy
                0x08000e20       0x24 D:/CLion_Tools/arm-none-eabi/13.3 rel1/bin/../lib/gcc/arm-none-eabi/13.3.1/thumb/v7-m/nofp/crtbegin.o
 .text.Delay_us
                0x08000e44       0x2c CMakeFiles/myCAR111.elf.dir/Core/Hardware/M_IR/M_IR.c.obj
                0x08000e44                Delay_us
 .text.DelayIr  0x08000e70       0x16 CMakeFiles/myCAR111.elf.dir/Core/Hardware/M_IR/M_IR.c.obj
                0x08000e70                DelayIr
 *fill*         0x08000e86        0x2 
 .text.IRIntIsr
                0x08000e88      0x138 CMakeFiles/myCAR111.elf.dir/Core/Hardware/M_IR/M_IR.c.obj
                0x08000e88                IRIntIsr
 .text.HAL_GPIO_EXTI_Callback
                0x08000fc0       0x1c CMakeFiles/myCAR111.elf.dir/Core/Hardware/M_IR/M_IR.c.obj
                0x08000fc0                HAL_GPIO_EXTI_Callback
 .text.getspeed
                0x08000fdc       0x22 CMakeFiles/myCAR111.elf.dir/Core/Hardware/M_MOTOR/M_MOTOR.c.obj
                0x08000fdc                getspeed
 *fill*         0x08000ffe        0x2 
 .text.motor_ctrl
                0x08001000      0x1ac CMakeFiles/myCAR111.elf.dir/Core/Hardware/M_MOTOR/M_MOTOR.c.obj
                0x08001000                motor_ctrl
 .text.HAL_TIM_PeriodElapsedCallback
                0x080011ac       0x74 CMakeFiles/myCAR111.elf.dir/Core/Hardware/M_MOTOR/M_MOTOR.c.obj
                0x080011ac                HAL_TIM_PeriodElapsedCallback
 .text.Avoid_obstacle
                0x08001220      0x110 CMakeFiles/myCAR111.elf.dir/Core/Hardware/M_MOTOR/M_MOTOR.c.obj
                0x08001220                Avoid_obstacle
 .text.USART1_Print
                0x08001330       0x30 CMakeFiles/myCAR111.elf.dir/Core/Hardware/M_UART/M_UART.c.obj
                0x08001330                USART1_Print
 .text.HAL_UARTEx_RxEventCallback
                0x08001360       0x74 CMakeFiles/myCAR111.elf.dir/Core/Hardware/M_UART/M_UART.c.obj
                0x08001360                HAL_UARTEx_RxEventCallback
 .text.MX_DMA_Init
                0x080013d4       0x34 CMakeFiles/myCAR111.elf.dir/Core/Src/dma.c.obj
                0x080013d4                MX_DMA_Init
 .text.MX_GPIO_Init
                0x08001408      0x124 CMakeFiles/myCAR111.elf.dir/Core/Src/gpio.c.obj
                0x08001408                MX_GPIO_Init
 .text.mode_menu
                0x0800152c       0xe4 CMakeFiles/myCAR111.elf.dir/Core/Src/main.c.obj
                0x0800152c                mode_menu
 .text.Error_Handler
                0x08001610        0x4 CMakeFiles/myCAR111.elf.dir/Core/Src/main.c.obj
                0x08001610                Error_Handler
 .text.SystemClock_Config
                0x08001614       0x64 CMakeFiles/myCAR111.elf.dir/Core/Src/main.c.obj
                0x08001614                SystemClock_Config
 .text.main     0x08001678       0x84 CMakeFiles/myCAR111.elf.dir/Core/Src/main.c.obj
                0x08001678                main
 .text.HAL_MspInit
                0x080016fc       0x44 CMakeFiles/myCAR111.elf.dir/Core/Src/stm32f1xx_hal_msp.c.obj
                0x080016fc                HAL_MspInit
 .text.NMI_Handler
                0x08001740        0x2 CMakeFiles/myCAR111.elf.dir/Core/Src/stm32f1xx_it.c.obj
                0x08001740                NMI_Handler
 .text.HardFault_Handler
                0x08001742        0x2 CMakeFiles/myCAR111.elf.dir/Core/Src/stm32f1xx_it.c.obj
                0x08001742                HardFault_Handler
 .text.MemManage_Handler
                0x08001744        0x2 CMakeFiles/myCAR111.elf.dir/Core/Src/stm32f1xx_it.c.obj
                0x08001744                MemManage_Handler
 .text.BusFault_Handler
                0x08001746        0x2 CMakeFiles/myCAR111.elf.dir/Core/Src/stm32f1xx_it.c.obj
                0x08001746                BusFault_Handler
 .text.UsageFault_Handler
                0x08001748        0x2 CMakeFiles/myCAR111.elf.dir/Core/Src/stm32f1xx_it.c.obj
                0x08001748                UsageFault_Handler
 .text.SVC_Handler
                0x0800174a        0x2 CMakeFiles/myCAR111.elf.dir/Core/Src/stm32f1xx_it.c.obj
                0x0800174a                SVC_Handler
 .text.DebugMon_Handler
                0x0800174c        0x2 CMakeFiles/myCAR111.elf.dir/Core/Src/stm32f1xx_it.c.obj
                0x0800174c                DebugMon_Handler
 .text.PendSV_Handler
                0x0800174e        0x2 CMakeFiles/myCAR111.elf.dir/Core/Src/stm32f1xx_it.c.obj
                0x0800174e                PendSV_Handler
 .text.SysTick_Handler
                0x08001750        0x8 CMakeFiles/myCAR111.elf.dir/Core/Src/stm32f1xx_it.c.obj
                0x08001750                SysTick_Handler
 .text.DMA1_Channel5_IRQHandler
                0x08001758       0x10 CMakeFiles/myCAR111.elf.dir/Core/Src/stm32f1xx_it.c.obj
                0x08001758                DMA1_Channel5_IRQHandler
 .text.USART1_IRQHandler
                0x08001768       0x10 CMakeFiles/myCAR111.elf.dir/Core/Src/stm32f1xx_it.c.obj
                0x08001768                USART1_IRQHandler
 .text.EXTI15_10_IRQHandler
                0x08001778        0xc CMakeFiles/myCAR111.elf.dir/Core/Src/stm32f1xx_it.c.obj
                0x08001778                EXTI15_10_IRQHandler
 .text.TIM6_IRQHandler
                0x08001784       0x10 CMakeFiles/myCAR111.elf.dir/Core/Src/stm32f1xx_it.c.obj
                0x08001784                TIM6_IRQHandler
 .text.TIM7_IRQHandler
                0x08001794       0x10 CMakeFiles/myCAR111.elf.dir/Core/Src/stm32f1xx_it.c.obj
                0x08001794                TIM7_IRQHandler
 .text._getpid  0x080017a4        0x4 CMakeFiles/myCAR111.elf.dir/Core/Src/syscalls.c.obj
                0x080017a4                _getpid
 .text._kill    0x080017a8       0x10 CMakeFiles/myCAR111.elf.dir/Core/Src/syscalls.c.obj
                0x080017a8                _kill
 .text._exit    0x080017b8        0xc CMakeFiles/myCAR111.elf.dir/Core/Src/syscalls.c.obj
                0x080017b8                _exit
 .text._read    0x080017c4       0x20 CMakeFiles/myCAR111.elf.dir/Core/Src/syscalls.c.obj
                0x080017c4                _read
 .text._write   0x080017e4       0x1c CMakeFiles/myCAR111.elf.dir/Core/Src/syscalls.c.obj
                0x080017e4                _write
 .text._close   0x08001800        0x6 CMakeFiles/myCAR111.elf.dir/Core/Src/syscalls.c.obj
                0x08001800                _close
 .text._fstat   0x08001806        0xa CMakeFiles/myCAR111.elf.dir/Core/Src/syscalls.c.obj
                0x08001806                _fstat
 .text._isatty  0x08001810        0x4 CMakeFiles/myCAR111.elf.dir/Core/Src/syscalls.c.obj
                0x08001810                _isatty
 .text._lseek   0x08001814        0x4 CMakeFiles/myCAR111.elf.dir/Core/Src/syscalls.c.obj
                0x08001814                _lseek
 .text._sbrk    0x08001818       0x48 CMakeFiles/myCAR111.elf.dir/Core/Src/sysmem.c.obj
                0x08001818                _sbrk
 .text.SystemInit
                0x08001860        0x2 CMakeFiles/myCAR111.elf.dir/Core/Src/system_stm32f1xx.c.obj
                0x08001860                SystemInit
 *fill*         0x08001862        0x2 
 .text.MX_TIM6_Init
                0x08001864       0x50 CMakeFiles/myCAR111.elf.dir/Core/Src/tim.c.obj
                0x08001864                MX_TIM6_Init
 .text.MX_TIM7_Init
                0x080018b4       0x4c CMakeFiles/myCAR111.elf.dir/Core/Src/tim.c.obj
                0x080018b4                MX_TIM7_Init
 .text.HAL_TIM_Base_MspInit
                0x08001900       0x70 CMakeFiles/myCAR111.elf.dir/Core/Src/tim.c.obj
                0x08001900                HAL_TIM_Base_MspInit
 .text.MX_USART1_UART_Init
                0x08001970       0x34 CMakeFiles/myCAR111.elf.dir/Core/Src/usart.c.obj
                0x08001970                MX_USART1_UART_Init
 .text.HAL_UART_MspInit
                0x080019a4       0xbc CMakeFiles/myCAR111.elf.dir/Core/Src/usart.c.obj
                0x080019a4                HAL_UART_MspInit
 .text.Reset_Handler
                0x08001a60       0x48 CMakeFiles/myCAR111.elf.dir/Core/Startup/startup_stm32f103zetx.s.obj
                0x08001a60                Reset_Handler
 .text.Default_Handler
                0x08001aa8        0x2 CMakeFiles/myCAR111.elf.dir/Core/Startup/startup_stm32f103zetx.s.obj
                0x08001aa8                RTC_Alarm_IRQHandler
                0x08001aa8                EXTI2_IRQHandler
                0x08001aa8                TIM8_TRG_COM_IRQHandler
                0x08001aa8                TIM8_CC_IRQHandler
                0x08001aa8                TIM1_CC_IRQHandler
                0x08001aa8                PVD_IRQHandler
                0x08001aa8                SDIO_IRQHandler
                0x08001aa8                EXTI3_IRQHandler
                0x08001aa8                EXTI0_IRQHandler
                0x08001aa8                I2C2_EV_IRQHandler
                0x08001aa8                ADC1_2_IRQHandler
                0x08001aa8                SPI1_IRQHandler
                0x08001aa8                TAMPER_IRQHandler
                0x08001aa8                TIM8_UP_IRQHandler
                0x08001aa8                DMA2_Channel2_IRQHandler
                0x08001aa8                DMA1_Channel4_IRQHandler
                0x08001aa8                USART3_IRQHandler
                0x08001aa8                RTC_IRQHandler
                0x08001aa8                DMA1_Channel7_IRQHandler
                0x08001aa8                CAN1_RX1_IRQHandler
                0x08001aa8                UART5_IRQHandler
                0x08001aa8                ADC3_IRQHandler
                0x08001aa8                TIM4_IRQHandler
                0x08001aa8                DMA2_Channel1_IRQHandler
                0x08001aa8                I2C1_EV_IRQHandler
                0x08001aa8                DMA1_Channel6_IRQHandler
                0x08001aa8                UART4_IRQHandler
                0x08001aa8                TIM3_IRQHandler
                0x08001aa8                RCC_IRQHandler
                0x08001aa8                TIM1_TRG_COM_IRQHandler
                0x08001aa8                DMA1_Channel1_IRQHandler
                0x08001aa8                Default_Handler
                0x08001aa8                TIM5_IRQHandler
                0x08001aa8                EXTI9_5_IRQHandler
                0x08001aa8                SPI2_IRQHandler
                0x08001aa8                EXTI4_IRQHandler
                0x08001aa8                USB_LP_CAN1_RX0_IRQHandler
                0x08001aa8                USB_HP_CAN1_TX_IRQHandler
                0x08001aa8                DMA1_Channel3_IRQHandler
                0x08001aa8                FSMC_IRQHandler
                0x08001aa8                TIM1_UP_IRQHandler
                0x08001aa8                WWDG_IRQHandler
                0x08001aa8                TIM2_IRQHandler
                0x08001aa8                TIM1_BRK_IRQHandler
                0x08001aa8                EXTI1_IRQHandler
                0x08001aa8                DMA2_Channel4_5_IRQHandler
                0x08001aa8                USART2_IRQHandler
                0x08001aa8                I2C2_ER_IRQHandler
                0x08001aa8                DMA1_Channel2_IRQHandler
                0x08001aa8                TIM8_BRK_IRQHandler
                0x08001aa8                CAN1_SCE_IRQHandler
                0x08001aa8                FLASH_IRQHandler
                0x08001aa8                SPI3_IRQHandler
                0x08001aa8                I2C1_ER_IRQHandler
                0x08001aa8                USBWakeUp_IRQHandler
                0x08001aa8                DMA2_Channel3_IRQHandler
 *fill*         0x08001aaa        0x2 
 .text.HAL_InitTick
                0x08001aac       0x4c CMakeFiles/myCAR111.elf.dir/Drivers/STM32F1xx_HAL_Driver/Src/stm32f1xx_hal.c.obj
                0x08001aac                HAL_InitTick
 .text.HAL_Init
                0x08001af8       0x24 CMakeFiles/myCAR111.elf.dir/Drivers/STM32F1xx_HAL_Driver/Src/stm32f1xx_hal.c.obj
                0x08001af8                HAL_Init
 .text.HAL_IncTick
                0x08001b1c       0x18 CMakeFiles/myCAR111.elf.dir/Drivers/STM32F1xx_HAL_Driver/Src/stm32f1xx_hal.c.obj
                0x08001b1c                HAL_IncTick
 .text.HAL_GetTick
                0x08001b34        0xc CMakeFiles/myCAR111.elf.dir/Drivers/STM32F1xx_HAL_Driver/Src/stm32f1xx_hal.c.obj
                0x08001b34                HAL_GetTick
 .text.HAL_Delay
                0x08001b40       0x28 CMakeFiles/myCAR111.elf.dir/Drivers/STM32F1xx_HAL_Driver/Src/stm32f1xx_hal.c.obj
                0x08001b40                HAL_Delay
 .text.__NVIC_SetPriority
                0x08001b68       0x28 CMakeFiles/myCAR111.elf.dir/Drivers/STM32F1xx_HAL_Driver/Src/stm32f1xx_hal_cortex.c.obj
 .text.NVIC_EncodePriority
                0x08001b90       0x3e CMakeFiles/myCAR111.elf.dir/Drivers/STM32F1xx_HAL_Driver/Src/stm32f1xx_hal_cortex.c.obj
 *fill*         0x08001bce        0x2 
 .text.HAL_NVIC_SetPriorityGrouping
                0x08001bd0       0x24 CMakeFiles/myCAR111.elf.dir/Drivers/STM32F1xx_HAL_Driver/Src/stm32f1xx_hal_cortex.c.obj
                0x08001bd0                HAL_NVIC_SetPriorityGrouping
 .text.HAL_NVIC_SetPriority
                0x08001bf4       0x20 CMakeFiles/myCAR111.elf.dir/Drivers/STM32F1xx_HAL_Driver/Src/stm32f1xx_hal_cortex.c.obj
                0x08001bf4                HAL_NVIC_SetPriority
 .text.HAL_NVIC_EnableIRQ
                0x08001c14       0x1c CMakeFiles/myCAR111.elf.dir/Drivers/STM32F1xx_HAL_Driver/Src/stm32f1xx_hal_cortex.c.obj
                0x08001c14                HAL_NVIC_EnableIRQ
 .text.HAL_SYSTICK_Config
                0x08001c30       0x28 CMakeFiles/myCAR111.elf.dir/Drivers/STM32F1xx_HAL_Driver/Src/stm32f1xx_hal_cortex.c.obj
                0x08001c30                HAL_SYSTICK_Config
 .text.DMA_SetConfig
                0x08001c58       0x2c CMakeFiles/myCAR111.elf.dir/Drivers/STM32F1xx_HAL_Driver/Src/stm32f1xx_hal_dma.c.obj
 .text.HAL_DMA_Init
                0x08001c84       0x94 CMakeFiles/myCAR111.elf.dir/Drivers/STM32F1xx_HAL_Driver/Src/stm32f1xx_hal_dma.c.obj
                0x08001c84                HAL_DMA_Init
 .text.HAL_DMA_Start_IT
                0x08001d18       0x76 CMakeFiles/myCAR111.elf.dir/Drivers/STM32F1xx_HAL_Driver/Src/stm32f1xx_hal_dma.c.obj
                0x08001d18                HAL_DMA_Start_IT
 .text.HAL_DMA_Abort
                0x08001d8e       0x46 CMakeFiles/myCAR111.elf.dir/Drivers/STM32F1xx_HAL_Driver/Src/stm32f1xx_hal_dma.c.obj
                0x08001d8e                HAL_DMA_Abort
 .text.HAL_DMA_Abort_IT
                0x08001dd4      0x16c CMakeFiles/myCAR111.elf.dir/Drivers/STM32F1xx_HAL_Driver/Src/stm32f1xx_hal_dma.c.obj
                0x08001dd4                HAL_DMA_Abort_IT
 .text.HAL_DMA_IRQHandler
                0x08001f40      0x2ec CMakeFiles/myCAR111.elf.dir/Drivers/STM32F1xx_HAL_Driver/Src/stm32f1xx_hal_dma.c.obj
                0x08001f40                HAL_DMA_IRQHandler
 .text.HAL_GPIO_Init
                0x0800222c      0x238 CMakeFiles/myCAR111.elf.dir/Drivers/STM32F1xx_HAL_Driver/Src/stm32f1xx_hal_gpio.c.obj
                0x0800222c                HAL_GPIO_Init
 .text.HAL_GPIO_ReadPin
                0x08002464        0xe CMakeFiles/myCAR111.elf.dir/Drivers/STM32F1xx_HAL_Driver/Src/stm32f1xx_hal_gpio.c.obj
                0x08002464                HAL_GPIO_ReadPin
 .text.HAL_GPIO_WritePin
                0x08002472        0xc CMakeFiles/myCAR111.elf.dir/Drivers/STM32F1xx_HAL_Driver/Src/stm32f1xx_hal_gpio.c.obj
                0x08002472                HAL_GPIO_WritePin
 .text.HAL_GPIO_TogglePin
                0x0800247e       0x12 CMakeFiles/myCAR111.elf.dir/Drivers/STM32F1xx_HAL_Driver/Src/stm32f1xx_hal_gpio.c.obj
                0x0800247e                HAL_GPIO_TogglePin
 .text.HAL_GPIO_EXTI_IRQHandler
                0x08002490       0x1c CMakeFiles/myCAR111.elf.dir/Drivers/STM32F1xx_HAL_Driver/Src/stm32f1xx_hal_gpio.c.obj
                0x08002490                HAL_GPIO_EXTI_IRQHandler
 .text.RCC_Delay
                0x080024ac       0x2c CMakeFiles/myCAR111.elf.dir/Drivers/STM32F1xx_HAL_Driver/Src/stm32f1xx_hal_rcc.c.obj
 .text.HAL_RCC_OscConfig
                0x080024d8      0x410 CMakeFiles/myCAR111.elf.dir/Drivers/STM32F1xx_HAL_Driver/Src/stm32f1xx_hal_rcc.c.obj
                0x080024d8                HAL_RCC_OscConfig
 .text.HAL_RCC_GetSysClockFreq
                0x080028e8       0x54 CMakeFiles/myCAR111.elf.dir/Drivers/STM32F1xx_HAL_Driver/Src/stm32f1xx_hal_rcc.c.obj
                0x080028e8                HAL_RCC_GetSysClockFreq
 .text.HAL_RCC_ClockConfig
                0x0800293c      0x16c CMakeFiles/myCAR111.elf.dir/Drivers/STM32F1xx_HAL_Driver/Src/stm32f1xx_hal_rcc.c.obj
                0x0800293c                HAL_RCC_ClockConfig
 .text.HAL_RCC_GetHCLKFreq
                0x08002aa8        0xc CMakeFiles/myCAR111.elf.dir/Drivers/STM32F1xx_HAL_Driver/Src/stm32f1xx_hal_rcc.c.obj
                0x08002aa8                HAL_RCC_GetHCLKFreq
 .text.HAL_RCC_GetPCLK1Freq
                0x08002ab4       0x20 CMakeFiles/myCAR111.elf.dir/Drivers/STM32F1xx_HAL_Driver/Src/stm32f1xx_hal_rcc.c.obj
                0x08002ab4                HAL_RCC_GetPCLK1Freq
 .text.HAL_RCC_GetPCLK2Freq
                0x08002ad4       0x20 CMakeFiles/myCAR111.elf.dir/Drivers/STM32F1xx_HAL_Driver/Src/stm32f1xx_hal_rcc.c.obj
                0x08002ad4                HAL_RCC_GetPCLK2Freq
 .text.HAL_TIM_Base_Start
                0x08002af4       0x6c CMakeFiles/myCAR111.elf.dir/Drivers/STM32F1xx_HAL_Driver/Src/stm32f1xx_hal_tim.c.obj
                0x08002af4                HAL_TIM_Base_Start
 .text.HAL_TIM_Base_Stop
                0x08002b60       0x28 CMakeFiles/myCAR111.elf.dir/Drivers/STM32F1xx_HAL_Driver/Src/stm32f1xx_hal_tim.c.obj
                0x08002b60                HAL_TIM_Base_Stop
 .text.HAL_TIM_Base_Start_IT
                0x08002b88       0x78 CMakeFiles/myCAR111.elf.dir/Drivers/STM32F1xx_HAL_Driver/Src/stm32f1xx_hal_tim.c.obj
                0x08002b88                HAL_TIM_Base_Start_IT
 .text.HAL_TIM_OC_DelayElapsedCallback
                0x08002c00        0x2 CMakeFiles/myCAR111.elf.dir/Drivers/STM32F1xx_HAL_Driver/Src/stm32f1xx_hal_tim.c.obj
                0x08002c00                HAL_TIM_OC_DelayElapsedCallback
 .text.HAL_TIM_IC_CaptureCallback
                0x08002c02        0x2 CMakeFiles/myCAR111.elf.dir/Drivers/STM32F1xx_HAL_Driver/Src/stm32f1xx_hal_tim.c.obj
                0x08002c02                HAL_TIM_IC_CaptureCallback
 .text.HAL_TIM_PWM_PulseFinishedCallback
                0x08002c04        0x2 CMakeFiles/myCAR111.elf.dir/Drivers/STM32F1xx_HAL_Driver/Src/stm32f1xx_hal_tim.c.obj
                0x08002c04                HAL_TIM_PWM_PulseFinishedCallback
 .text.HAL_TIM_TriggerCallback
                0x08002c06        0x2 CMakeFiles/myCAR111.elf.dir/Drivers/STM32F1xx_HAL_Driver/Src/stm32f1xx_hal_tim.c.obj
                0x08002c06                HAL_TIM_TriggerCallback
 .text.HAL_TIM_IRQHandler
                0x08002c08      0x15e CMakeFiles/myCAR111.elf.dir/Drivers/STM32F1xx_HAL_Driver/Src/stm32f1xx_hal_tim.c.obj
                0x08002c08                HAL_TIM_IRQHandler
 *fill*         0x08002d66        0x2 
 .text.TIM_Base_SetConfig
                0x08002d68       0xa8 CMakeFiles/myCAR111.elf.dir/Drivers/STM32F1xx_HAL_Driver/Src/stm32f1xx_hal_tim.c.obj
                0x08002d68                TIM_Base_SetConfig
 .text.HAL_TIM_Base_Init
                0x08002e10       0x58 CMakeFiles/myCAR111.elf.dir/Drivers/STM32F1xx_HAL_Driver/Src/stm32f1xx_hal_tim.c.obj
                0x08002e10                HAL_TIM_Base_Init
 .text.HAL_TIMEx_MasterConfigSynchronization
                0x08002e68       0x7c CMakeFiles/myCAR111.elf.dir/Drivers/STM32F1xx_HAL_Driver/Src/stm32f1xx_hal_tim_ex.c.obj
                0x08002e68                HAL_TIMEx_MasterConfigSynchronization
 .text.HAL_TIMEx_CommutCallback
                0x08002ee4        0x2 CMakeFiles/myCAR111.elf.dir/Drivers/STM32F1xx_HAL_Driver/Src/stm32f1xx_hal_tim_ex.c.obj
                0x08002ee4                HAL_TIMEx_CommutCallback
 .text.HAL_TIMEx_BreakCallback
                0x08002ee6        0x2 CMakeFiles/myCAR111.elf.dir/Drivers/STM32F1xx_HAL_Driver/Src/stm32f1xx_hal_tim_ex.c.obj
                0x08002ee6                HAL_TIMEx_BreakCallback
 .text.UART_EndTxTransfer
                0x08002ee8       0x20 CMakeFiles/myCAR111.elf.dir/Drivers/STM32F1xx_HAL_Driver/Src/stm32f1xx_hal_uart.c.obj
 .text.UART_EndRxTransfer
                0x08002f08       0x5c CMakeFiles/myCAR111.elf.dir/Drivers/STM32F1xx_HAL_Driver/Src/stm32f1xx_hal_uart.c.obj
 .text.UART_Transmit_IT
                0x08002f64       0x60 CMakeFiles/myCAR111.elf.dir/Drivers/STM32F1xx_HAL_Driver/Src/stm32f1xx_hal_uart.c.obj
 .text.UART_SetConfig
                0x08002fc4       0x94 CMakeFiles/myCAR111.elf.dir/Drivers/STM32F1xx_HAL_Driver/Src/stm32f1xx_hal_uart.c.obj
 .text.UART_WaitOnFlagUntilTimeout
                0x08003058       0x86 CMakeFiles/myCAR111.elf.dir/Drivers/STM32F1xx_HAL_Driver/Src/stm32f1xx_hal_uart.c.obj
 .text.HAL_UART_Init
                0x080030de       0x60 CMakeFiles/myCAR111.elf.dir/Drivers/STM32F1xx_HAL_Driver/Src/stm32f1xx_hal_uart.c.obj
                0x080030de                HAL_UART_Init
 .text.HAL_UART_Transmit
                0x0800313e       0xcc CMakeFiles/myCAR111.elf.dir/Drivers/STM32F1xx_HAL_Driver/Src/stm32f1xx_hal_uart.c.obj
                0x0800313e                HAL_UART_Transmit
 .text.HAL_UART_TxCpltCallback
                0x0800320a        0x2 CMakeFiles/myCAR111.elf.dir/Drivers/STM32F1xx_HAL_Driver/Src/stm32f1xx_hal_uart.c.obj
                0x0800320a                HAL_UART_TxCpltCallback
 .text.UART_EndTransmit_IT
                0x0800320c       0x1a CMakeFiles/myCAR111.elf.dir/Drivers/STM32F1xx_HAL_Driver/Src/stm32f1xx_hal_uart.c.obj
 .text.HAL_UART_RxCpltCallback
                0x08003226        0x2 CMakeFiles/myCAR111.elf.dir/Drivers/STM32F1xx_HAL_Driver/Src/stm32f1xx_hal_uart.c.obj
                0x08003226                HAL_UART_RxCpltCallback
 .text.HAL_UART_RxHalfCpltCallback
                0x08003228        0x2 CMakeFiles/myCAR111.elf.dir/Drivers/STM32F1xx_HAL_Driver/Src/stm32f1xx_hal_uart.c.obj
                0x08003228                HAL_UART_RxHalfCpltCallback
 .text.HAL_UART_ErrorCallback
                0x0800322a        0x2 CMakeFiles/myCAR111.elf.dir/Drivers/STM32F1xx_HAL_Driver/Src/stm32f1xx_hal_uart.c.obj
                0x0800322a                HAL_UART_ErrorCallback
 .text.UART_DMAError
                0x0800322c       0x58 CMakeFiles/myCAR111.elf.dir/Drivers/STM32F1xx_HAL_Driver/Src/stm32f1xx_hal_uart.c.obj
 .text.UART_DMAAbortOnError
                0x08003284       0x10 CMakeFiles/myCAR111.elf.dir/Drivers/STM32F1xx_HAL_Driver/Src/stm32f1xx_hal_uart.c.obj
 .text.UART_Receive_IT
                0x08003294       0xe6 CMakeFiles/myCAR111.elf.dir/Drivers/STM32F1xx_HAL_Driver/Src/stm32f1xx_hal_uart.c.obj
 *fill*         0x0800337a        0x2 
 .text.HAL_UART_IRQHandler
                0x0800337c      0x284 CMakeFiles/myCAR111.elf.dir/Drivers/STM32F1xx_HAL_Driver/Src/stm32f1xx_hal_uart.c.obj
                0x0800337c                HAL_UART_IRQHandler
 .text.UART_DMARxHalfCplt
                0x08003600       0x1e CMakeFiles/myCAR111.elf.dir/Drivers/STM32F1xx_HAL_Driver/Src/stm32f1xx_hal_uart.c.obj
 .text.UART_DMAReceiveCplt
                0x0800361e       0x9a CMakeFiles/myCAR111.elf.dir/Drivers/STM32F1xx_HAL_Driver/Src/stm32f1xx_hal_uart.c.obj
 .text.UART_Start_Receive_DMA
                0x080036b8       0xa4 CMakeFiles/myCAR111.elf.dir/Drivers/STM32F1xx_HAL_Driver/Src/stm32f1xx_hal_uart.c.obj
                0x080036b8                UART_Start_Receive_DMA
 .text.HAL_UARTEx_ReceiveToIdle_DMA
                0x0800375c       0x62 CMakeFiles/myCAR111.elf.dir/Drivers/STM32F1xx_HAL_Driver/Src/stm32f1xx_hal_uart.c.obj
                0x0800375c                HAL_UARTEx_ReceiveToIdle_DMA
 *fill*         0x080037be        0x2 
 .text.atoi     0x080037c0        0x8 D:/CLion_Tools/arm-none-eabi/13.3 rel1/bin/../lib/gcc/arm-none-eabi/13.3.1/thumb/v7-m/nofp\libc.a(libc_a-atoi.o)
                0x080037c0                atoi
 .text._strtol_l.isra.0
                0x080037c8      0x138 D:/CLion_Tools/arm-none-eabi/13.3 rel1/bin/../lib/gcc/arm-none-eabi/13.3.1/thumb/v7-m/nofp\libc.a(libc_a-strtol.o)
 .text.strtol   0x08003900       0x1c D:/CLion_Tools/arm-none-eabi/13.3 rel1/bin/../lib/gcc/arm-none-eabi/13.3.1/thumb/v7-m/nofp\libc.a(libc_a-strtol.o)
                0x08003900                strtol
 .text.stdio_exit_handler
                0x0800391c       0x18 D:/CLion_Tools/arm-none-eabi/13.3 rel1/bin/../lib/gcc/arm-none-eabi/13.3.1/thumb/v7-m/nofp\libc.a(libc_a-findfp.o)
 .text.cleanup_stdio
                0x08003934       0x40 D:/CLion_Tools/arm-none-eabi/13.3 rel1/bin/../lib/gcc/arm-none-eabi/13.3.1/thumb/v7-m/nofp\libc.a(libc_a-findfp.o)
 .text.global_stdio_init.part.0
                0x08003974       0xf0 D:/CLion_Tools/arm-none-eabi/13.3 rel1/bin/../lib/gcc/arm-none-eabi/13.3.1/thumb/v7-m/nofp\libc.a(libc_a-findfp.o)
 .text.__sinit  0x08003a64       0x3c D:/CLion_Tools/arm-none-eabi/13.3 rel1/bin/../lib/gcc/arm-none-eabi/13.3.1/thumb/v7-m/nofp\libc.a(libc_a-findfp.o)
                0x08003a64                __sinit
 .text.__sfp_lock_acquire
                0x08003aa0        0xc D:/CLion_Tools/arm-none-eabi/13.3 rel1/bin/../lib/gcc/arm-none-eabi/13.3.1/thumb/v7-m/nofp\libc.a(libc_a-findfp.o)
                0x08003aa0                __sfp_lock_acquire
 .text.__sfp_lock_release
                0x08003aac        0xc D:/CLion_Tools/arm-none-eabi/13.3 rel1/bin/../lib/gcc/arm-none-eabi/13.3.1/thumb/v7-m/nofp\libc.a(libc_a-findfp.o)
                0x08003aac                __sfp_lock_release
 .text._fwalk_sglue
                0x08003ab8       0x44 D:/CLion_Tools/arm-none-eabi/13.3 rel1/bin/../lib/gcc/arm-none-eabi/13.3.1/thumb/v7-m/nofp\libc.a(libc_a-fwalk.o)
                0x08003ab8                _fwalk_sglue
 .text.__sread  0x08003afc       0x24 D:/CLion_Tools/arm-none-eabi/13.3 rel1/bin/../lib/gcc/arm-none-eabi/13.3.1/thumb/v7-m/nofp\libc.a(libc_a-stdio.o)
                0x08003afc                __sread
 .text.__swrite
                0x08003b20       0x40 D:/CLion_Tools/arm-none-eabi/13.3 rel1/bin/../lib/gcc/arm-none-eabi/13.3.1/thumb/v7-m/nofp\libc.a(libc_a-stdio.o)
                0x08003b20                __swrite
 .text.__sseek  0x08003b60       0x24 D:/CLion_Tools/arm-none-eabi/13.3 rel1/bin/../lib/gcc/arm-none-eabi/13.3.1/thumb/v7-m/nofp\libc.a(libc_a-stdio.o)
                0x08003b60                __sseek
 .text.__sclose
                0x08003b84        0x8 D:/CLion_Tools/arm-none-eabi/13.3 rel1/bin/../lib/gcc/arm-none-eabi/13.3.1/thumb/v7-m/nofp\libc.a(libc_a-stdio.o)
                0x08003b84                __sclose
 .text.vsnprintf
                0x08003b8c       0x74 D:/CLion_Tools/arm-none-eabi/13.3 rel1/bin/../lib/gcc/arm-none-eabi/13.3.1/thumb/v7-m/nofp\libc.a(libc_a-vsnprintf.o)
                0x08003b8c                vsnprintf
 .text.memset   0x08003c00       0xa0 D:/CLion_Tools/arm-none-eabi/13.3 rel1/bin/../lib/gcc/arm-none-eabi/13.3.1/thumb/v7-m/nofp\libc.a(libc_a-memset.o)
                0x08003c00                memset
 .text._close_r
                0x08003ca0       0x24 D:/CLion_Tools/arm-none-eabi/13.3 rel1/bin/../lib/gcc/arm-none-eabi/13.3.1/thumb/v7-m/nofp\libc.a(libc_a-closer.o)
                0x08003ca0                _close_r
 .text._lseek_r
                0x08003cc4       0x2c D:/CLion_Tools/arm-none-eabi/13.3 rel1/bin/../lib/gcc/arm-none-eabi/13.3.1/thumb/v7-m/nofp\libc.a(libc_a-lseekr.o)
                0x08003cc4                _lseek_r
 .text._read_r  0x08003cf0       0x2c D:/CLion_Tools/arm-none-eabi/13.3 rel1/bin/../lib/gcc/arm-none-eabi/13.3.1/thumb/v7-m/nofp\libc.a(libc_a-readr.o)
                0x08003cf0                _read_r
 .text._write_r
                0x08003d1c       0x2c D:/CLion_Tools/arm-none-eabi/13.3 rel1/bin/../lib/gcc/arm-none-eabi/13.3.1/thumb/v7-m/nofp\libc.a(libc_a-writer.o)
                0x08003d1c                _write_r
 .text.__errno  0x08003d48        0xc D:/CLion_Tools/arm-none-eabi/13.3 rel1/bin/../lib/gcc/arm-none-eabi/13.3.1/thumb/v7-m/nofp\libc.a(libc_a-errno.o)
                0x08003d48                __errno
 .text.__libc_init_array
                0x08003d54       0x50 D:/CLion_Tools/arm-none-eabi/13.3 rel1/bin/../lib/gcc/arm-none-eabi/13.3.1/thumb/v7-m/nofp\libc.a(libc_a-init.o)
                0x08003d54                __libc_init_array
 .text.__retarget_lock_init_recursive
                0x08003da4        0x4 D:/CLion_Tools/arm-none-eabi/13.3 rel1/bin/../lib/gcc/arm-none-eabi/13.3.1/thumb/v7-m/nofp\libc.a(libc_a-lock.o)
                0x08003da4                __retarget_lock_init_recursive
 .text.__retarget_lock_close_recursive
                0x08003da8        0x4 D:/CLion_Tools/arm-none-eabi/13.3 rel1/bin/../lib/gcc/arm-none-eabi/13.3.1/thumb/v7-m/nofp\libc.a(libc_a-lock.o)
                0x08003da8                __retarget_lock_close_recursive
 .text.__retarget_lock_acquire_recursive
                0x08003dac        0x4 D:/CLion_Tools/arm-none-eabi/13.3 rel1/bin/../lib/gcc/arm-none-eabi/13.3.1/thumb/v7-m/nofp\libc.a(libc_a-lock.o)
                0x08003dac                __retarget_lock_acquire_recursive
 .text.__retarget_lock_release_recursive
                0x08003db0        0x4 D:/CLion_Tools/arm-none-eabi/13.3 rel1/bin/../lib/gcc/arm-none-eabi/13.3.1/thumb/v7-m/nofp\libc.a(libc_a-lock.o)
                0x08003db0                __retarget_lock_release_recursive
 .text.strlen   0x08003db4       0x5c D:/CLion_Tools/arm-none-eabi/13.3 rel1/bin/../lib/gcc/arm-none-eabi/13.3.1/thumb/v7-m/nofp\libc.a(libc_a-strlen-stub.o)
                0x08003db4                strlen
 .text.startup.register_fini
                0x08003e10       0x14 D:/CLion_Tools/arm-none-eabi/13.3 rel1/bin/../lib/gcc/arm-none-eabi/13.3.1/thumb/v7-m/nofp\libc.a(libc_a-__call_atexit.o)
 .text.atexit   0x08003e24        0xc D:/CLion_Tools/arm-none-eabi/13.3 rel1/bin/../lib/gcc/arm-none-eabi/13.3.1/thumb/v7-m/nofp\libc.a(libc_a-atexit.o)
                0x08003e24                atexit
 .text._malloc_trim_r
                0x08003e30       0xb8 D:/CLion_Tools/arm-none-eabi/13.3 rel1/bin/../lib/gcc/arm-none-eabi/13.3.1/thumb/v7-m/nofp\libc.a(libc_a-freer.o)
                0x08003e30                _malloc_trim_r
 .text._free_r  0x08003ee8      0x1f8 D:/CLion_Tools/arm-none-eabi/13.3 rel1/bin/../lib/gcc/arm-none-eabi/13.3.1/thumb/v7-m/nofp\libc.a(libc_a-freer.o)
                0x08003ee8                _free_r
 .text._malloc_r
                0x080040e0      0x568 D:/CLion_Tools/arm-none-eabi/13.3 rel1/bin/../lib/gcc/arm-none-eabi/13.3.1/thumb/v7-m/nofp\libc.a(libc_a-mallocr.o)
                0x080040e0                _malloc_r
 .text.__malloc_lock
                0x08004648        0xc D:/CLion_Tools/arm-none-eabi/13.3 rel1/bin/../lib/gcc/arm-none-eabi/13.3.1/thumb/v7-m/nofp\libc.a(libc_a-mlock.o)
                0x08004648                __malloc_lock
 .text.__malloc_unlock
                0x08004654        0xc D:/CLion_Tools/arm-none-eabi/13.3 rel1/bin/../lib/gcc/arm-none-eabi/13.3.1/thumb/v7-m/nofp\libc.a(libc_a-mlock.o)
                0x08004654                __malloc_unlock
 .text._svfprintf_r
                0x08004660     0x1b2c D:/CLion_Tools/arm-none-eabi/13.3 rel1/bin/../lib/gcc/arm-none-eabi/13.3.1/thumb/v7-m/nofp\libc.a(libc_a-svfprintf.o)
                0x08004660                _svfprintf_r
 .text.__ssprint_r
                0x0800618c       0x58 D:/CLion_Tools/arm-none-eabi/13.3 rel1/bin/../lib/gcc/arm-none-eabi/13.3.1/thumb/v7-m/nofp\libc.a(libc_a-ssprint_r.o)
                0x0800618c                __ssprint_r
 .text._fclose_r
                0x080061e4       0xc0 D:/CLion_Tools/arm-none-eabi/13.3 rel1/bin/../lib/gcc/arm-none-eabi/13.3.1/thumb/v7-m/nofp\libc.a(libc_a-fclose.o)
                0x080061e4                _fclose_r
 .text.__sflush_r
                0x080062a4      0x128 D:/CLion_Tools/arm-none-eabi/13.3 rel1/bin/../lib/gcc/arm-none-eabi/13.3.1/thumb/v7-m/nofp\libc.a(libc_a-fflush.o)
                0x080062a4                __sflush_r
 .text._fflush_r
                0x080063cc       0x54 D:/CLion_Tools/arm-none-eabi/13.3 rel1/bin/../lib/gcc/arm-none-eabi/13.3.1/thumb/v7-m/nofp\libc.a(libc_a-fflush.o)
                0x080063cc                _fflush_r
 .text.strncpy  0x08006420       0x6c D:/CLion_Tools/arm-none-eabi/13.3 rel1/bin/../lib/gcc/arm-none-eabi/13.3.1/thumb/v7-m/nofp\libc.a(libc_a-strncpy.o)
                0x08006420                strncpy
 .text.__locale_mb_cur_max
                0x0800648c        0xc D:/CLion_Tools/arm-none-eabi/13.3 rel1/bin/../lib/gcc/arm-none-eabi/13.3.1/thumb/v7-m/nofp\libc.a(libc_a-locale.o)
                0x0800648c                __locale_mb_cur_max
 .text._localeconv_r
                0x08006498        0x8 D:/CLion_Tools/arm-none-eabi/13.3 rel1/bin/../lib/gcc/arm-none-eabi/13.3.1/thumb/v7-m/nofp\libc.a(libc_a-localeconv.o)
                0x08006498                _localeconv_r
 .text._sbrk_r  0x080064a0       0x24 D:/CLion_Tools/arm-none-eabi/13.3 rel1/bin/../lib/gcc/arm-none-eabi/13.3.1/thumb/v7-m/nofp\libc.a(libc_a-sbrkr.o)
                0x080064a0                _sbrk_r
 .text.__libc_fini_array
                0x080064c4       0x28 D:/CLion_Tools/arm-none-eabi/13.3 rel1/bin/../lib/gcc/arm-none-eabi/13.3.1/thumb/v7-m/nofp\libc.a(libc_a-fini.o)
                0x080064c4                __libc_fini_array
 .text.sysconf  0x080064ec       0x1c D:/CLion_Tools/arm-none-eabi/13.3 rel1/bin/../lib/gcc/arm-none-eabi/13.3.1/thumb/v7-m/nofp\libc.a(libc_a-sysconf.o)
                0x080064ec                sysconf
 .text.memchr   0x08006508       0x98 D:/CLion_Tools/arm-none-eabi/13.3 rel1/bin/../lib/gcc/arm-none-eabi/13.3.1/thumb/v7-m/nofp\libc.a(libc_a-memchr-stub.o)
                0x08006508                memchr
 .text.frexp    0x080065a0       0x6c D:/CLion_Tools/arm-none-eabi/13.3 rel1/bin/../lib/gcc/arm-none-eabi/13.3.1/thumb/v7-m/nofp\libc.a(libm_a-s_frexp.o)
                0x080065a0                frexp
 .text.__register_exitproc
                0x0800660c       0x80 D:/CLion_Tools/arm-none-eabi/13.3 rel1/bin/../lib/gcc/arm-none-eabi/13.3.1/thumb/v7-m/nofp\libc.a(libc_a-__atexit.o)
                0x0800660c                __register_exitproc
 .text.quorem   0x0800668c      0x13c D:/CLion_Tools/arm-none-eabi/13.3 rel1/bin/../lib/gcc/arm-none-eabi/13.3.1/thumb/v7-m/nofp\libc.a(libc_a-dtoa.o)
 .text._dtoa_r  0x080067c8      0xe94 D:/CLion_Tools/arm-none-eabi/13.3 rel1/bin/../lib/gcc/arm-none-eabi/13.3.1/thumb/v7-m/nofp\libc.a(libc_a-dtoa.o)
                0x080067c8                _dtoa_r
 .text.__ascii_mbtowc
                0x0800765c       0x2c D:/CLion_Tools/arm-none-eabi/13.3 rel1/bin/../lib/gcc/arm-none-eabi/13.3.1/thumb/v7-m/nofp\libc.a(libc_a-mbtowc_r.o)
                0x0800765c                __ascii_mbtowc
 .text._Balloc  0x08007688       0x4c D:/CLion_Tools/arm-none-eabi/13.3 rel1/bin/../lib/gcc/arm-none-eabi/13.3.1/thumb/v7-m/nofp\libc.a(libc_a-mprec.o)
                0x08007688                _Balloc
 .text._Bfree   0x080076d4       0x14 D:/CLion_Tools/arm-none-eabi/13.3 rel1/bin/../lib/gcc/arm-none-eabi/13.3.1/thumb/v7-m/nofp\libc.a(libc_a-mprec.o)
                0x080076d4                _Bfree
 .text.__multadd
                0x080076e8       0xa4 D:/CLion_Tools/arm-none-eabi/13.3 rel1/bin/../lib/gcc/arm-none-eabi/13.3.1/thumb/v7-m/nofp\libc.a(libc_a-mprec.o)
                0x080076e8                __multadd
 .text.__hi0bits
                0x0800778c       0x44 D:/CLion_Tools/arm-none-eabi/13.3 rel1/bin/../lib/gcc/arm-none-eabi/13.3.1/thumb/v7-m/nofp\libc.a(libc_a-mprec.o)
                0x0800778c                __hi0bits
 .text.__lo0bits
                0x080077d0       0x5c D:/CLion_Tools/arm-none-eabi/13.3 rel1/bin/../lib/gcc/arm-none-eabi/13.3.1/thumb/v7-m/nofp\libc.a(libc_a-mprec.o)
                0x080077d0                __lo0bits
 .text.__i2b    0x0800782c       0x5c D:/CLion_Tools/arm-none-eabi/13.3 rel1/bin/../lib/gcc/arm-none-eabi/13.3.1/thumb/v7-m/nofp\libc.a(libc_a-mprec.o)
                0x0800782c                __i2b
 .text.__multiply
                0x08007888      0x164 D:/CLion_Tools/arm-none-eabi/13.3 rel1/bin/../lib/gcc/arm-none-eabi/13.3.1/thumb/v7-m/nofp\libc.a(libc_a-mprec.o)
                0x08007888                __multiply
 .text.__pow5mult
                0x080079ec       0xb4 D:/CLion_Tools/arm-none-eabi/13.3 rel1/bin/../lib/gcc/arm-none-eabi/13.3.1/thumb/v7-m/nofp\libc.a(libc_a-mprec.o)
                0x080079ec                __pow5mult
 .text.__lshift
                0x08007aa0       0xec D:/CLion_Tools/arm-none-eabi/13.3 rel1/bin/../lib/gcc/arm-none-eabi/13.3.1/thumb/v7-m/nofp\libc.a(libc_a-mprec.o)
                0x08007aa0                __lshift
 .text.__mcmp   0x08007b8c       0x40 D:/CLion_Tools/arm-none-eabi/13.3 rel1/bin/../lib/gcc/arm-none-eabi/13.3.1/thumb/v7-m/nofp\libc.a(libc_a-mprec.o)
                0x08007b8c                __mcmp
 .text.__mdiff  0x08007bcc      0x178 D:/CLion_Tools/arm-none-eabi/13.3 rel1/bin/../lib/gcc/arm-none-eabi/13.3.1/thumb/v7-m/nofp\libc.a(libc_a-mprec.o)
                0x08007bcc                __mdiff
 .text.__d2b    0x08007d44       0xbc D:/CLion_Tools/arm-none-eabi/13.3 rel1/bin/../lib/gcc/arm-none-eabi/13.3.1/thumb/v7-m/nofp\libc.a(libc_a-mprec.o)
                0x08007d44                __d2b
 .text.__ascii_wctomb
                0x08007e00       0x1c D:/CLion_Tools/arm-none-eabi/13.3 rel1/bin/../lib/gcc/arm-none-eabi/13.3.1/thumb/v7-m/nofp\libc.a(libc_a-wctomb_r.o)
                0x08007e00                __ascii_wctomb
 .text._wcrtomb_r
                0x08007e1c       0x4c D:/CLion_Tools/arm-none-eabi/13.3 rel1/bin/../lib/gcc/arm-none-eabi/13.3.1/thumb/v7-m/nofp\libc.a(libc_a-wcrtomb.o)
                0x08007e1c                _wcrtomb_r
 .text._wcsrtombs_r
                0x08007e68       0x18 D:/CLion_Tools/arm-none-eabi/13.3 rel1/bin/../lib/gcc/arm-none-eabi/13.3.1/thumb/v7-m/nofp\libc.a(libc_a-wcsrtombs.o)
                0x08007e68                _wcsrtombs_r
 .text.__ssputs_r
                0x08007e80       0xc0 D:/CLion_Tools/arm-none-eabi/13.3 rel1/bin/../lib/gcc/arm-none-eabi/13.3.1/thumb/v7-m/nofp\libc.a(libc_a-ssputs_r.o)
                0x08007e80                __ssputs_r
 .text.memmove  0x08007f40       0xfc D:/CLion_Tools/arm-none-eabi/13.3 rel1/bin/../lib/gcc/arm-none-eabi/13.3.1/thumb/v7-m/nofp\libc.a(libc_a-memmove.o)
                0x08007f40                memmove
 .text.__assert_func
                0x0800803c       0x40 D:/CLion_Tools/arm-none-eabi/13.3 rel1/bin/../lib/gcc/arm-none-eabi/13.3.1/thumb/v7-m/nofp\libc.a(libc_a-assert.o)
                0x0800803c                __assert_func
 .text._calloc_r
                0x0800807c       0x6c D:/CLion_Tools/arm-none-eabi/13.3 rel1/bin/../lib/gcc/arm-none-eabi/13.3.1/thumb/v7-m/nofp\libc.a(libc_a-callocr.o)
                0x0800807c                _calloc_r
 .text._realloc_r
                0x080080e8      0x34c D:/CLion_Tools/arm-none-eabi/13.3 rel1/bin/../lib/gcc/arm-none-eabi/13.3.1/thumb/v7-m/nofp\libc.a(libc_a-reallocr.o)
                0x080080e8                _realloc_r
 .text._wcsnrtombs_l
                0x08008434       0xec D:/CLion_Tools/arm-none-eabi/13.3 rel1/bin/../lib/gcc/arm-none-eabi/13.3.1/thumb/v7-m/nofp\libc.a(libc_a-wcsnrtombs.o)
                0x08008434                _wcsnrtombs_l
 .text._wcsnrtombs_r
                0x08008520       0x24 D:/CLion_Tools/arm-none-eabi/13.3 rel1/bin/../lib/gcc/arm-none-eabi/13.3.1/thumb/v7-m/nofp\libc.a(libc_a-wcsnrtombs.o)
                0x08008520                _wcsnrtombs_r
 .text.fiprintf
                0x08008544       0x28 D:/CLion_Tools/arm-none-eabi/13.3 rel1/bin/../lib/gcc/arm-none-eabi/13.3.1/thumb/v7-m/nofp\libc.a(libc_a-fiprintf.o)
                0x08008544                fiprintf
 .text._vfiprintf_r
                0x0800856c      0xeb8 D:/CLion_Tools/arm-none-eabi/13.3 rel1/bin/../lib/gcc/arm-none-eabi/13.3.1/thumb/v7-m/nofp\libc.a(libc_a-vfiprintf.o)
                0x0800856c                _vfiprintf_r
 .text.__sbprintf
                0x08009424       0x80 D:/CLion_Tools/arm-none-eabi/13.3 rel1/bin/../lib/gcc/arm-none-eabi/13.3.1/thumb/v7-m/nofp\libc.a(libc_a-vfiprintf.o)
 .text.__sprint_r
                0x080094a4       0x20 D:/CLion_Tools/arm-none-eabi/13.3 rel1/bin/../lib/gcc/arm-none-eabi/13.3.1/thumb/v7-m/nofp\libc.a(libc_a-sprint_r.o)
                0x080094a4                __sprint_r
 .text.__sfvwrite_r
                0x080094c4      0x2ec D:/CLion_Tools/arm-none-eabi/13.3 rel1/bin/../lib/gcc/arm-none-eabi/13.3.1/thumb/v7-m/nofp\libc.a(libc_a-fvwrite.o)
                0x080094c4                __sfvwrite_r
 .text.__swsetup_r
                0x080097b0       0xc4 D:/CLion_Tools/arm-none-eabi/13.3 rel1/bin/../lib/gcc/arm-none-eabi/13.3.1/thumb/v7-m/nofp\libc.a(libc_a-wsetup.o)
                0x080097b0                __swsetup_r
 .text.abort    0x08009874       0x10 D:/CLion_Tools/arm-none-eabi/13.3 rel1/bin/../lib/gcc/arm-none-eabi/13.3.1/thumb/v7-m/nofp\libc.a(libc_a-abort.o)
                0x08009874                abort
 .text.__smakebuf_r
                0x08009884       0xdc D:/CLion_Tools/arm-none-eabi/13.3 rel1/bin/../lib/gcc/arm-none-eabi/13.3.1/thumb/v7-m/nofp\libc.a(libc_a-makebuf.o)
                0x08009884                __smakebuf_r
 .text.raise    0x08009960       0x58 D:/CLion_Tools/arm-none-eabi/13.3 rel1/bin/../lib/gcc/arm-none-eabi/13.3.1/thumb/v7-m/nofp\libc.a(libc_a-signal.o)
                0x08009960                raise
 .text._fstat_r
                0x080099b8       0x28 D:/CLion_Tools/arm-none-eabi/13.3 rel1/bin/../lib/gcc/arm-none-eabi/13.3.1/thumb/v7-m/nofp\libc.a(libc_a-fstatr.o)
                0x080099b8                _fstat_r
 .text._isatty_r
                0x080099e0       0x24 D:/CLion_Tools/arm-none-eabi/13.3 rel1/bin/../lib/gcc/arm-none-eabi/13.3.1/thumb/v7-m/nofp\libc.a(libc_a-isattyr.o)
                0x080099e0                _isatty_r
 .text._kill_r  0x08009a04       0x28 D:/CLion_Tools/arm-none-eabi/13.3 rel1/bin/../lib/gcc/arm-none-eabi/13.3.1/thumb/v7-m/nofp\libc.a(libc_a-signalr.o)
                0x08009a04                _kill_r
 .text._getpid_r
                0x08009a2c        0x4 D:/CLion_Tools/arm-none-eabi/13.3 rel1/bin/../lib/gcc/arm-none-eabi/13.3.1/thumb/v7-m/nofp\libc.a(libc_a-signalr.o)
                0x08009a2c                _getpid_r
 *(.glue_7)
 .glue_7        0x08009a30        0x0 linker stubs
 *(.glue_7t)
 .glue_7t       0x08009a30        0x0 linker stubs
 *(.eh_frame)
 .eh_frame      0x08009a30        0x0 D:/CLion_Tools/arm-none-eabi/13.3 rel1/bin/../lib/gcc/arm-none-eabi/13.3.1/thumb/v7-m/nofp/crtbegin.o
 *(.init)
 .init          0x08009a30        0x4 D:/CLion_Tools/arm-none-eabi/13.3 rel1/bin/../lib/gcc/arm-none-eabi/13.3.1/thumb/v7-m/nofp/crti.o
                0x08009a30                _init
 .init          0x08009a34        0x8 D:/CLion_Tools/arm-none-eabi/13.3 rel1/bin/../lib/gcc/arm-none-eabi/13.3.1/thumb/v7-m/nofp/crtn.o
 *(.fini)
 .fini          0x08009a3c        0x4 D:/CLion_Tools/arm-none-eabi/13.3 rel1/bin/../lib/gcc/arm-none-eabi/13.3.1/thumb/v7-m/nofp/crti.o
                0x08009a3c                _fini
 .fini          0x08009a40        0x8 D:/CLion_Tools/arm-none-eabi/13.3 rel1/bin/../lib/gcc/arm-none-eabi/13.3.1/thumb/v7-m/nofp/crtn.o
                0x08009a48                        . = ALIGN (0x4)
                0x08009a48                        _etext = .

.vfp11_veneer   0x08009a48        0x0
 .vfp11_veneer  0x08009a48        0x0 linker stubs

.v4_bx          0x08009a48        0x0
 .v4_bx         0x08009a48        0x0 linker stubs

.iplt           0x08009a48        0x0
 .iplt          0x08009a48        0x0 D:/CLion_Tools/arm-none-eabi/13.3 rel1/bin/../lib/gcc/arm-none-eabi/13.3.1/thumb/v7-m/nofp/crtbegin.o

.rodata         0x08009a48      0x488
                0x08009a48                        . = ALIGN (0x4)
 *(.rodata)
 *(.rodata*)
 .rodata.IRIntIsr.str1.4
                0x08009a48      0x217 CMakeFiles/myCAR111.elf.dir/Core/Hardware/M_IR/M_IR.c.obj
                                  0xd (size before relaxing)
 .rodata.HAL_GPIO_EXTI_Callback.str1.4
                0x08009c5f       0x12 CMakeFiles/myCAR111.elf.dir/Core/Hardware/M_IR/M_IR.c.obj
 .rodata.motor_ctrl.str1.4
                0x08009c5f       0x25 CMakeFiles/myCAR111.elf.dir/Core/Hardware/M_MOTOR/M_MOTOR.c.obj
 .rodata.HAL_UARTEx_RxEventCallback.str1.4
                0x08009c5f        0x6 CMakeFiles/myCAR111.elf.dir/Core/Hardware/M_UART/M_UART.c.obj
 .rodata.mode_menu.str1.4
                0x08009c5f       0x43 CMakeFiles/myCAR111.elf.dir/Core/Src/main.c.obj
 *fill*         0x08009c5f        0x1 
 .rodata.APBPrescTable
                0x08009c60        0x8 CMakeFiles/myCAR111.elf.dir/Core/Src/system_stm32f1xx.c.obj
                0x08009c60                APBPrescTable
 .rodata.AHBPrescTable
                0x08009c68       0x10 CMakeFiles/myCAR111.elf.dir/Core/Src/system_stm32f1xx.c.obj
                0x08009c68                AHBPrescTable
 .rodata.aPredivFactorTable.0
                0x08009c78        0x2 CMakeFiles/myCAR111.elf.dir/Drivers/STM32F1xx_HAL_Driver/Src/stm32f1xx_hal_rcc.c.obj
 *fill*         0x08009c7a        0x2 
 .rodata.aPLLMULFactorTable.1
                0x08009c7c       0x10 CMakeFiles/myCAR111.elf.dir/Drivers/STM32F1xx_HAL_Driver/Src/stm32f1xx_hal_rcc.c.obj
 .rodata._ctype_
                0x08009c8c      0x101 D:/CLion_Tools/arm-none-eabi/13.3 rel1/bin/../lib/gcc/arm-none-eabi/13.3.1/thumb/v7-m/nofp\libc.a(libc_a-ctype_.o)
                0x08009c8c                _ctype_
 .rodata._svfprintf_r.str1.4
                0x08009d8d       0x42 D:/CLion_Tools/arm-none-eabi/13.3 rel1/bin/../lib/gcc/arm-none-eabi/13.3.1/thumb/v7-m/nofp\libc.a(libc_a-svfprintf.o)
 *fill*         0x08009d8d        0x3 
 .rodata.zeroes.0
                0x08009d90       0x10 D:/CLion_Tools/arm-none-eabi/13.3 rel1/bin/../lib/gcc/arm-none-eabi/13.3.1/thumb/v7-m/nofp\libc.a(libc_a-svfprintf.o)
 .rodata.blanks.1
                0x08009da0       0x10 D:/CLion_Tools/arm-none-eabi/13.3 rel1/bin/../lib/gcc/arm-none-eabi/13.3.1/thumb/v7-m/nofp\libc.a(libc_a-svfprintf.o)
 .rodata.str1.4
                0x08009db0       0x4c D:/CLion_Tools/arm-none-eabi/13.3 rel1/bin/../lib/gcc/arm-none-eabi/13.3.1/thumb/v7-m/nofp\libc.a(libc_a-locale.o)
 .rodata._dtoa_r.str1.4
                0x08009db0       0x81 D:/CLion_Tools/arm-none-eabi/13.3 rel1/bin/../lib/gcc/arm-none-eabi/13.3.1/thumb/v7-m/nofp\libc.a(libc_a-dtoa.o)
 .rodata.__multadd.str1.4
                0x08009db0       0x6e D:/CLion_Tools/arm-none-eabi/13.3 rel1/bin/../lib/gcc/arm-none-eabi/13.3.1/thumb/v7-m/nofp\libc.a(libc_a-mprec.o)
 .rodata.p05.0  0x08009db0        0xc D:/CLion_Tools/arm-none-eabi/13.3 rel1/bin/../lib/gcc/arm-none-eabi/13.3.1/thumb/v7-m/nofp\libc.a(libc_a-mprec.o)
 *fill*         0x08009dbc        0x4 
 .rodata.__mprec_bigtens
                0x08009dc0       0x28 D:/CLion_Tools/arm-none-eabi/13.3 rel1/bin/../lib/gcc/arm-none-eabi/13.3.1/thumb/v7-m/nofp\libc.a(libc_a-mprec.o)
                0x08009dc0                __mprec_bigtens
 .rodata.__mprec_tens
                0x08009de8       0xc8 D:/CLion_Tools/arm-none-eabi/13.3 rel1/bin/../lib/gcc/arm-none-eabi/13.3.1/thumb/v7-m/nofp\libc.a(libc_a-mprec.o)
                0x08009de8                __mprec_tens
 .rodata.__assert_func.str1.4
                0x08009eb0       0x43 D:/CLion_Tools/arm-none-eabi/13.3 rel1/bin/../lib/gcc/arm-none-eabi/13.3.1/thumb/v7-m/nofp\libc.a(libc_a-assert.o)
 .rodata._vfiprintf_r.str1.4
                0x08009eb0       0x2f D:/CLion_Tools/arm-none-eabi/13.3 rel1/bin/../lib/gcc/arm-none-eabi/13.3.1/thumb/v7-m/nofp\libc.a(libc_a-vfiprintf.o)
 .rodata.zeroes.0
                0x08009eb0       0x10 D:/CLion_Tools/arm-none-eabi/13.3 rel1/bin/../lib/gcc/arm-none-eabi/13.3.1/thumb/v7-m/nofp\libc.a(libc_a-vfiprintf.o)
 .rodata.blanks.1
                0x08009ec0       0x10 D:/CLion_Tools/arm-none-eabi/13.3 rel1/bin/../lib/gcc/arm-none-eabi/13.3.1/thumb/v7-m/nofp\libc.a(libc_a-vfiprintf.o)
                0x08009ef4                        . = ALIGN (0x4)

.ARM.extab      0x08009ed0        0x0
                0x08009ed0                        . = ALIGN (0x4)
 *(.ARM.extab* .gnu.linkonce.armextab.*)
                0x08009ed0                        . = ALIGN (0x4)

.ARM            0x08009ed0        0x8
                0x08009ed0                        . = ALIGN (0x4)
                0x08009ed0                        __exidx_start = .
 *(.ARM.exidx*)
 .ARM.exidx     0x08009ed0        0x8 D:/CLion_Tools/arm-none-eabi/13.3 rel1/bin/../lib/gcc/arm-none-eabi/13.3.1/thumb/v7-m/nofp\libc.a(libc_a-strcmp.o)
 .ARM.exidx     0x08009ed8        0x0 D:/CLion_Tools/arm-none-eabi/13.3 rel1/bin/../lib/gcc/arm-none-eabi/13.3.1/thumb/v7-m/nofp\libc.a(libc_a-memcpy.o)
                                  0x8 (size before relaxing)
                0x08009ed8                        __exidx_end = .
                0x08009ed8                        . = ALIGN (0x4)

.preinit_array  0x08009ed8        0x0
                0x08009ed8                        . = ALIGN (0x4)
                0x08009ed8                        PROVIDE (__preinit_array_start = .)
 *(.preinit_array*)
                0x08009ed8                        PROVIDE (__preinit_array_end = .)
                0x08009ed8                        . = ALIGN (0x4)

.init_array     0x08009ed8        0x8
                0x08009ed8                        . = ALIGN (0x4)
                0x08009ed8                        PROVIDE (__init_array_start = .)
 *(SORT_BY_NAME(.init_array.*))
 .init_array.00000
                0x08009ed8        0x4 D:/CLion_Tools/arm-none-eabi/13.3 rel1/bin/../lib/gcc/arm-none-eabi/13.3.1/thumb/v7-m/nofp\libc.a(libc_a-__call_atexit.o)
 *(.init_array*)
 .init_array    0x08009edc        0x4 D:/CLion_Tools/arm-none-eabi/13.3 rel1/bin/../lib/gcc/arm-none-eabi/13.3.1/thumb/v7-m/nofp/crtbegin.o
                0x08009ee0                        PROVIDE (__init_array_end = .)
                0x08009ee0                        . = ALIGN (0x4)

.fini_array     0x08009ee0        0x4
                0x08009ee0                        . = ALIGN (0x4)
                0x08009ee0                        PROVIDE (__fini_array_start = .)
 *(SORT_BY_NAME(.fini_array.*))
 *(.fini_array*)
 .fini_array    0x08009ee0        0x4 D:/CLion_Tools/arm-none-eabi/13.3 rel1/bin/../lib/gcc/arm-none-eabi/13.3.1/thumb/v7-m/nofp/crtbegin.o
                0x08009ee4                        PROVIDE (__fini_array_end = .)
                0x08009ee4                        . = ALIGN (0x4)
                0x08009ee4                        _sidata = LOADADDR (.data)

.rel.dyn        0x08009ee4        0x0
 .rel.iplt      0x08009ee4        0x0 D:/CLion_Tools/arm-none-eabi/13.3 rel1/bin/../lib/gcc/arm-none-eabi/13.3.1/thumb/v7-m/nofp/crtbegin.o

.data           0x20000000      0x6ec load address 0x08009ee4
                0x20000000                        . = ALIGN (0x4)
                0x20000000                        _sdata = .
 *(.data)
 *(.data*)
 .data.ctrl_comm
                0x20000000        0x1 CMakeFiles/myCAR111.elf.dir/Core/Hardware/M_IR/M_IR.c.obj
                0x20000000                ctrl_comm
 *fill*         0x20000001        0x3 
 .data.mode_flag
                0x20000004        0x4 CMakeFiles/myCAR111.elf.dir/Core/Src/main.c.obj
                0x20000004                mode_flag
 .data.SystemCoreClock
                0x20000008        0x4 CMakeFiles/myCAR111.elf.dir/Core/Src/system_stm32f1xx.c.obj
                0x20000008                SystemCoreClock
 .data.uwTickFreq
                0x2000000c        0x1 CMakeFiles/myCAR111.elf.dir/Drivers/STM32F1xx_HAL_Driver/Src/stm32f1xx_hal.c.obj
                0x2000000c                uwTickFreq
 *fill*         0x2000000d        0x3 
 .data.uwTickPrio
                0x20000010        0x4 CMakeFiles/myCAR111.elf.dir/Drivers/STM32F1xx_HAL_Driver/Src/stm32f1xx_hal.c.obj
                0x20000010                uwTickPrio
 .data.__sglue  0x20000014        0xc D:/CLion_Tools/arm-none-eabi/13.3 rel1/bin/../lib/gcc/arm-none-eabi/13.3.1/thumb/v7-m/nofp\libc.a(libc_a-findfp.o)
                0x20000014                __sglue
 .data._impure_ptr
                0x20000020        0x4 D:/CLion_Tools/arm-none-eabi/13.3 rel1/bin/../lib/gcc/arm-none-eabi/13.3.1/thumb/v7-m/nofp\libc.a(libc_a-impure.o)
                0x20000020                _impure_ptr
 *fill*         0x20000024        0x4 
 .data._impure_data
                0x20000028      0x140 D:/CLion_Tools/arm-none-eabi/13.3 rel1/bin/../lib/gcc/arm-none-eabi/13.3.1/thumb/v7-m/nofp\libc.a(libc_a-impure.o)
                0x20000028                _impure_data
 .data.__atexit_recursive_mutex
                0x20000168        0x4 D:/CLion_Tools/arm-none-eabi/13.3 rel1/bin/../lib/gcc/arm-none-eabi/13.3.1/thumb/v7-m/nofp\libc.a(libc_a-__call_atexit.o)
                0x20000168                __atexit_recursive_mutex
 .data.__malloc_sbrk_base
                0x2000016c        0x4 D:/CLion_Tools/arm-none-eabi/13.3 rel1/bin/../lib/gcc/arm-none-eabi/13.3.1/thumb/v7-m/nofp\libc.a(libc_a-mallocr.o)
                0x2000016c                __malloc_sbrk_base
 .data.__malloc_trim_threshold
                0x20000170        0x4 D:/CLion_Tools/arm-none-eabi/13.3 rel1/bin/../lib/gcc/arm-none-eabi/13.3.1/thumb/v7-m/nofp\libc.a(libc_a-mallocr.o)
                0x20000170                __malloc_trim_threshold
 *fill*         0x20000174        0x4 
 .data.__malloc_av_
                0x20000178      0x408 D:/CLion_Tools/arm-none-eabi/13.3 rel1/bin/../lib/gcc/arm-none-eabi/13.3.1/thumb/v7-m/nofp\libc.a(libc_a-mallocr.o)
                0x20000178                __malloc_av_
 .data.__global_locale
                0x20000580      0x16c D:/CLion_Tools/arm-none-eabi/13.3 rel1/bin/../lib/gcc/arm-none-eabi/13.3.1/thumb/v7-m/nofp\libc.a(libc_a-locale.o)
                0x20000580                __global_locale
 *(.RamFunc)
 *(.RamFunc*)
                0x200006ec                        . = ALIGN (0x4)
                0x200006ec                        _edata = .

.tm_clone_table
                0x200006ec        0x0 load address 0x0800a5d0
 .tm_clone_table
                0x200006ec        0x0 D:/CLion_Tools/arm-none-eabi/13.3 rel1/bin/../lib/gcc/arm-none-eabi/13.3.1/thumb/v7-m/nofp/crtbegin.o
 .tm_clone_table
                0x200006ec        0x0 D:/CLion_Tools/arm-none-eabi/13.3 rel1/bin/../lib/gcc/arm-none-eabi/13.3.1/thumb/v7-m/nofp/crtend.o

.igot.plt       0x200006ec        0x0 load address 0x0800a5d0
 .igot.plt      0x200006ec        0x0 D:/CLion_Tools/arm-none-eabi/13.3 rel1/bin/../lib/gcc/arm-none-eabi/13.3.1/thumb/v7-m/nofp/crtbegin.o
                0x200006ec                        . = ALIGN (0x4)

.bss            0x200006ec      0x4ac load address 0x0800a5d0
                0x200006ec                        _sbss = .
                0x200006ec                        __bss_start__ = _sbss
 *(.bss)
 *(.bss*)
 .bss.completed.1
                0x200006ec        0x1 D:/CLion_Tools/arm-none-eabi/13.3 rel1/bin/../lib/gcc/arm-none-eabi/13.3.1/thumb/v7-m/nofp/crtbegin.o
 *fill*         0x200006ed        0x3 
 .bss.object.0  0x200006f0       0x18 D:/CLion_Tools/arm-none-eabi/13.3 rel1/bin/../lib/gcc/arm-none-eabi/13.3.1/thumb/v7-m/nofp/crtbegin.o
 .bss.IRCOM     0x20000708        0x4 CMakeFiles/myCAR111.elf.dir/Core/Hardware/M_IR/M_IR.c.obj
                0x20000708                IRCOM
 .bss.ir_rec_flag
                0x2000070c        0x1 CMakeFiles/myCAR111.elf.dir/Core/Hardware/M_IR/M_IR.c.obj
                0x2000070c                ir_rec_flag
 *fill*         0x2000070d        0x3 
 .bss.ccr_r     0x20000710        0x4 CMakeFiles/myCAR111.elf.dir/Core/Src/main.c.obj
                0x20000710                ccr_r
 .bss.ccr_l     0x20000714        0x4 CMakeFiles/myCAR111.elf.dir/Core/Src/main.c.obj
                0x20000714                ccr_l
 .bss.speed     0x20000718        0x4 CMakeFiles/myCAR111.elf.dir/Core/Src/main.c.obj
                0x20000718                speed
 .bss.count     0x2000071c        0x4 CMakeFiles/myCAR111.elf.dir/Core/Src/main.c.obj
                0x2000071c                count
 .bss.ReceiveData
                0x20000720       0x40 CMakeFiles/myCAR111.elf.dir/Core/Src/main.c.obj
                0x20000720                ReceiveData
 .bss.__sbrk_heap_end
                0x20000760        0x4 CMakeFiles/myCAR111.elf.dir/Core/Src/sysmem.c.obj
 .bss.htim7     0x20000764       0x48 CMakeFiles/myCAR111.elf.dir/Core/Src/tim.c.obj
                0x20000764                htim7
 .bss.htim6     0x200007ac       0x48 CMakeFiles/myCAR111.elf.dir/Core/Src/tim.c.obj
                0x200007ac                htim6
 .bss.hdma_usart1_rx
                0x200007f4       0x44 CMakeFiles/myCAR111.elf.dir/Core/Src/usart.c.obj
                0x200007f4                hdma_usart1_rx
 .bss.huart1    0x20000838       0x48 CMakeFiles/myCAR111.elf.dir/Core/Src/usart.c.obj
                0x20000838                huart1
 .bss.uwTick    0x20000880        0x4 CMakeFiles/myCAR111.elf.dir/Drivers/STM32F1xx_HAL_Driver/Src/stm32f1xx_hal.c.obj
                0x20000880                uwTick
 .bss.__sf      0x20000884      0x138 D:/CLion_Tools/arm-none-eabi/13.3 rel1/bin/../lib/gcc/arm-none-eabi/13.3.1/thumb/v7-m/nofp\libc.a(libc_a-findfp.o)
                0x20000884                __sf
 .bss.__stdio_exit_handler
                0x200009bc        0x4 D:/CLion_Tools/arm-none-eabi/13.3 rel1/bin/../lib/gcc/arm-none-eabi/13.3.1/thumb/v7-m/nofp\libc.a(libc_a-findfp.o)
                0x200009bc                __stdio_exit_handler
 .bss.errno     0x200009c0        0x4 D:/CLion_Tools/arm-none-eabi/13.3 rel1/bin/../lib/gcc/arm-none-eabi/13.3.1/thumb/v7-m/nofp\libc.a(libc_a-reent.o)
                0x200009c0                errno
 .bss.__lock___malloc_recursive_mutex
                0x200009c4        0x1 D:/CLion_Tools/arm-none-eabi/13.3 rel1/bin/../lib/gcc/arm-none-eabi/13.3.1/thumb/v7-m/nofp\libc.a(libc_a-lock.o)
                0x200009c4                __lock___malloc_recursive_mutex
 *fill*         0x200009c5        0x3 
 .bss.__lock___atexit_recursive_mutex
                0x200009c8        0x1 D:/CLion_Tools/arm-none-eabi/13.3 rel1/bin/../lib/gcc/arm-none-eabi/13.3.1/thumb/v7-m/nofp\libc.a(libc_a-lock.o)
                0x200009c8                __lock___atexit_recursive_mutex
 *fill*         0x200009c9        0x3 
 .bss.__lock___sfp_recursive_mutex
                0x200009cc        0x1 D:/CLion_Tools/arm-none-eabi/13.3 rel1/bin/../lib/gcc/arm-none-eabi/13.3.1/thumb/v7-m/nofp\libc.a(libc_a-lock.o)
                0x200009cc                __lock___sfp_recursive_mutex
 *fill*         0x200009cd        0x3 
 .bss.__atexit  0x200009d0        0x4 D:/CLion_Tools/arm-none-eabi/13.3 rel1/bin/../lib/gcc/arm-none-eabi/13.3.1/thumb/v7-m/nofp\libc.a(libc_a-__call_atexit.o)
                0x200009d0                __atexit
 .bss.__malloc_current_mallinfo
                0x200009d4       0x28 D:/CLion_Tools/arm-none-eabi/13.3 rel1/bin/../lib/gcc/arm-none-eabi/13.3.1/thumb/v7-m/nofp\libc.a(libc_a-mallocr.o)
                0x200009d4                __malloc_current_mallinfo
 .bss.__malloc_max_total_mem
                0x200009fc        0x4 D:/CLion_Tools/arm-none-eabi/13.3 rel1/bin/../lib/gcc/arm-none-eabi/13.3.1/thumb/v7-m/nofp\libc.a(libc_a-mallocr.o)
                0x200009fc                __malloc_max_total_mem
 .bss.__malloc_max_sbrked_mem
                0x20000a00        0x4 D:/CLion_Tools/arm-none-eabi/13.3 rel1/bin/../lib/gcc/arm-none-eabi/13.3.1/thumb/v7-m/nofp\libc.a(libc_a-mallocr.o)
                0x20000a00                __malloc_max_sbrked_mem
 .bss.__malloc_top_pad
                0x20000a04        0x4 D:/CLion_Tools/arm-none-eabi/13.3 rel1/bin/../lib/gcc/arm-none-eabi/13.3.1/thumb/v7-m/nofp\libc.a(libc_a-mallocr.o)
                0x20000a04                __malloc_top_pad
 .bss.__atexit0
                0x20000a08      0x190 D:/CLion_Tools/arm-none-eabi/13.3 rel1/bin/../lib/gcc/arm-none-eabi/13.3.1/thumb/v7-m/nofp\libc.a(libc_a-__atexit.o)
                0x20000a08                __atexit0
 *(COMMON)
                0x20000b98                        . = ALIGN (0x4)
                0x20000b98                        _ebss = .
                0x20000b98                        __bss_end__ = _ebss

._user_heap_stack
                0x20000b98      0x600 load address 0x0800a5d0
                0x20000b98                        . = ALIGN (0x8)
                [!provide]                        PROVIDE (end = .)
                0x20000b98                        PROVIDE (_end = .)
                0x20000d98                        . = (. + _Min_Heap_Size)
 *fill*         0x20000b98      0x200 
                0x20001198                        . = (. + _Min_Stack_Size)
 *fill*         0x20000d98      0x400 
                0x20001198                        . = ALIGN (0x8)

/DISCARD/
 libc.a(*)
 libm.a(*)
 libgcc.a(*)

.ARM.attributes
                0x00000000       0x29
 *(.ARM.attributes)
 .ARM.attributes
                0x00000000       0x1d D:/CLion_Tools/arm-none-eabi/13.3 rel1/bin/../lib/gcc/arm-none-eabi/13.3.1/thumb/v7-m/nofp/crti.o
 .ARM.attributes
                0x0000001d       0x2d D:/CLion_Tools/arm-none-eabi/13.3 rel1/bin/../lib/gcc/arm-none-eabi/13.3.1/thumb/v7-m/nofp/crtbegin.o
 .ARM.attributes
                0x0000004a       0x2d CMakeFiles/myCAR111.elf.dir/Core/Hardware/M_IR/M_IR.c.obj
 .ARM.attributes
                0x00000077       0x2d CMakeFiles/myCAR111.elf.dir/Core/Hardware/M_MOTOR/M_MOTOR.c.obj
 .ARM.attributes
                0x000000a4       0x2d CMakeFiles/myCAR111.elf.dir/Core/Hardware/M_UART/M_UART.c.obj
 .ARM.attributes
                0x000000d1       0x2d CMakeFiles/myCAR111.elf.dir/Core/Src/dma.c.obj
 .ARM.attributes
                0x000000fe       0x2d CMakeFiles/myCAR111.elf.dir/Core/Src/gpio.c.obj
 .ARM.attributes
                0x0000012b       0x2d CMakeFiles/myCAR111.elf.dir/Core/Src/main.c.obj
 .ARM.attributes
                0x00000158       0x2d CMakeFiles/myCAR111.elf.dir/Core/Src/stm32f1xx_hal_msp.c.obj
 .ARM.attributes
                0x00000185       0x2d CMakeFiles/myCAR111.elf.dir/Core/Src/stm32f1xx_it.c.obj
 .ARM.attributes
                0x000001b2       0x2d CMakeFiles/myCAR111.elf.dir/Core/Src/syscalls.c.obj
 .ARM.attributes
                0x000001df       0x2d CMakeFiles/myCAR111.elf.dir/Core/Src/sysmem.c.obj
 .ARM.attributes
                0x0000020c       0x2d CMakeFiles/myCAR111.elf.dir/Core/Src/system_stm32f1xx.c.obj
 .ARM.attributes
                0x00000239       0x2d CMakeFiles/myCAR111.elf.dir/Core/Src/tim.c.obj
 .ARM.attributes
                0x00000266       0x2d CMakeFiles/myCAR111.elf.dir/Core/Src/usart.c.obj
 .ARM.attributes
                0x00000293       0x21 CMakeFiles/myCAR111.elf.dir/Core/Startup/startup_stm32f103zetx.s.obj
 .ARM.attributes
                0x000002b4       0x2d CMakeFiles/myCAR111.elf.dir/Drivers/STM32F1xx_HAL_Driver/Src/stm32f1xx_hal.c.obj
 .ARM.attributes
                0x000002e1       0x2d CMakeFiles/myCAR111.elf.dir/Drivers/STM32F1xx_HAL_Driver/Src/stm32f1xx_hal_cortex.c.obj
 .ARM.attributes
                0x0000030e       0x2d CMakeFiles/myCAR111.elf.dir/Drivers/STM32F1xx_HAL_Driver/Src/stm32f1xx_hal_dma.c.obj
 .ARM.attributes
                0x0000033b       0x2d CMakeFiles/myCAR111.elf.dir/Drivers/STM32F1xx_HAL_Driver/Src/stm32f1xx_hal_gpio.c.obj
 .ARM.attributes
                0x00000368       0x2d CMakeFiles/myCAR111.elf.dir/Drivers/STM32F1xx_HAL_Driver/Src/stm32f1xx_hal_rcc.c.obj
 .ARM.attributes
                0x00000395       0x2d CMakeFiles/myCAR111.elf.dir/Drivers/STM32F1xx_HAL_Driver/Src/stm32f1xx_hal_tim.c.obj
 .ARM.attributes
                0x000003c2       0x2d CMakeFiles/myCAR111.elf.dir/Drivers/STM32F1xx_HAL_Driver/Src/stm32f1xx_hal_tim_ex.c.obj
 .ARM.attributes
                0x000003ef       0x2d CMakeFiles/myCAR111.elf.dir/Drivers/STM32F1xx_HAL_Driver/Src/stm32f1xx_hal_uart.c.obj
 .ARM.attributes
                0x0000041c       0x2d D:/CLion_Tools/arm-none-eabi/13.3 rel1/bin/../lib/gcc/arm-none-eabi/13.3.1/thumb/v7-m/nofp\libc.a(libc_a-atoi.o)
 .ARM.attributes
                0x00000449       0x2d D:/CLion_Tools/arm-none-eabi/13.3 rel1/bin/../lib/gcc/arm-none-eabi/13.3.1/thumb/v7-m/nofp\libc.a(libc_a-strtol.o)
 .ARM.attributes
                0x00000476       0x2d D:/CLion_Tools/arm-none-eabi/13.3 rel1/bin/../lib/gcc/arm-none-eabi/13.3.1/thumb/v7-m/nofp\libc.a(libc_a-ctype_.o)
 .ARM.attributes
                0x000004a3       0x2d D:/CLion_Tools/arm-none-eabi/13.3 rel1/bin/../lib/gcc/arm-none-eabi/13.3.1/thumb/v7-m/nofp\libc.a(libc_a-findfp.o)
 .ARM.attributes
                0x000004d0       0x2d D:/CLion_Tools/arm-none-eabi/13.3 rel1/bin/../lib/gcc/arm-none-eabi/13.3.1/thumb/v7-m/nofp\libc.a(libc_a-fwalk.o)
 .ARM.attributes
                0x000004fd       0x2d D:/CLion_Tools/arm-none-eabi/13.3 rel1/bin/../lib/gcc/arm-none-eabi/13.3.1/thumb/v7-m/nofp\libc.a(libc_a-stdio.o)
 .ARM.attributes
                0x0000052a       0x2d D:/CLion_Tools/arm-none-eabi/13.3 rel1/bin/../lib/gcc/arm-none-eabi/13.3.1/thumb/v7-m/nofp\libc.a(libc_a-vsnprintf.o)
 .ARM.attributes
                0x00000557       0x2d D:/CLion_Tools/arm-none-eabi/13.3 rel1/bin/../lib/gcc/arm-none-eabi/13.3.1/thumb/v7-m/nofp\libc.a(libc_a-memset.o)
 .ARM.attributes
                0x00000584       0x2d D:/CLion_Tools/arm-none-eabi/13.3 rel1/bin/../lib/gcc/arm-none-eabi/13.3.1/thumb/v7-m/nofp\libc.a(libc_a-closer.o)
 .ARM.attributes
                0x000005b1       0x2d D:/CLion_Tools/arm-none-eabi/13.3 rel1/bin/../lib/gcc/arm-none-eabi/13.3.1/thumb/v7-m/nofp\libc.a(libc_a-reent.o)
 .ARM.attributes
                0x000005de       0x2d D:/CLion_Tools/arm-none-eabi/13.3 rel1/bin/../lib/gcc/arm-none-eabi/13.3.1/thumb/v7-m/nofp\libc.a(libc_a-impure.o)
 .ARM.attributes
                0x0000060b       0x2d D:/CLion_Tools/arm-none-eabi/13.3 rel1/bin/../lib/gcc/arm-none-eabi/13.3.1/thumb/v7-m/nofp\libc.a(libc_a-lseekr.o)
 .ARM.attributes
                0x00000638       0x2d D:/CLion_Tools/arm-none-eabi/13.3 rel1/bin/../lib/gcc/arm-none-eabi/13.3.1/thumb/v7-m/nofp\libc.a(libc_a-readr.o)
 .ARM.attributes
                0x00000665       0x2d D:/CLion_Tools/arm-none-eabi/13.3 rel1/bin/../lib/gcc/arm-none-eabi/13.3.1/thumb/v7-m/nofp\libc.a(libc_a-writer.o)
 .ARM.attributes
                0x00000692       0x2d D:/CLion_Tools/arm-none-eabi/13.3 rel1/bin/../lib/gcc/arm-none-eabi/13.3.1/thumb/v7-m/nofp\libc.a(libc_a-errno.o)
 .ARM.attributes
                0x000006bf       0x2d D:/CLion_Tools/arm-none-eabi/13.3 rel1/bin/../lib/gcc/arm-none-eabi/13.3.1/thumb/v7-m/nofp\libc.a(libc_a-init.o)
 .ARM.attributes
                0x000006ec       0x2d D:/CLion_Tools/arm-none-eabi/13.3 rel1/bin/../lib/gcc/arm-none-eabi/13.3.1/thumb/v7-m/nofp\libc.a(libc_a-lock.o)
 .ARM.attributes
                0x00000719       0x1b D:/CLion_Tools/arm-none-eabi/13.3 rel1/bin/../lib/gcc/arm-none-eabi/13.3.1/thumb/v7-m/nofp\libc.a(libc_a-strcmp.o)
 .ARM.attributes
                0x00000734       0x2d D:/CLion_Tools/arm-none-eabi/13.3 rel1/bin/../lib/gcc/arm-none-eabi/13.3.1/thumb/v7-m/nofp\libc.a(libc_a-strlen-stub.o)
 .ARM.attributes
                0x00000761       0x2d D:/CLion_Tools/arm-none-eabi/13.3 rel1/bin/../lib/gcc/arm-none-eabi/13.3.1/thumb/v7-m/nofp\libc.a(libc_a-__call_atexit.o)
 .ARM.attributes
                0x0000078e       0x2d D:/CLion_Tools/arm-none-eabi/13.3 rel1/bin/../lib/gcc/arm-none-eabi/13.3.1/thumb/v7-m/nofp\libc.a(libc_a-atexit.o)
 .ARM.attributes
                0x000007bb       0x2d D:/CLion_Tools/arm-none-eabi/13.3 rel1/bin/../lib/gcc/arm-none-eabi/13.3.1/thumb/v7-m/nofp\libc.a(libc_a-freer.o)
 .ARM.attributes
                0x000007e8       0x2d D:/CLion_Tools/arm-none-eabi/13.3 rel1/bin/../lib/gcc/arm-none-eabi/13.3.1/thumb/v7-m/nofp\libc.a(libc_a-mallocr.o)
 .ARM.attributes
                0x00000815       0x2d D:/CLion_Tools/arm-none-eabi/13.3 rel1/bin/../lib/gcc/arm-none-eabi/13.3.1/thumb/v7-m/nofp\libc.a(libc_a-mlock.o)
 .ARM.attributes
                0x00000842       0x2d D:/CLion_Tools/arm-none-eabi/13.3 rel1/bin/../lib/gcc/arm-none-eabi/13.3.1/thumb/v7-m/nofp\libc.a(libc_a-svfprintf.o)
 .ARM.attributes
                0x0000086f       0x2d D:/CLion_Tools/arm-none-eabi/13.3 rel1/bin/../lib/gcc/arm-none-eabi/13.3.1/thumb/v7-m/nofp\libc.a(libc_a-ssprint_r.o)
 .ARM.attributes
                0x0000089c       0x2d D:/CLion_Tools/arm-none-eabi/13.3 rel1/bin/../lib/gcc/arm-none-eabi/13.3.1/thumb/v7-m/nofp\libc.a(libc_a-fclose.o)
 .ARM.attributes
                0x000008c9       0x2d D:/CLion_Tools/arm-none-eabi/13.3 rel1/bin/../lib/gcc/arm-none-eabi/13.3.1/thumb/v7-m/nofp\libc.a(libc_a-fflush.o)
 .ARM.attributes
                0x000008f6       0x2d D:/CLion_Tools/arm-none-eabi/13.3 rel1/bin/../lib/gcc/arm-none-eabi/13.3.1/thumb/v7-m/nofp\libc.a(libc_a-strncpy.o)
 .ARM.attributes
                0x00000923       0x2d D:/CLion_Tools/arm-none-eabi/13.3 rel1/bin/../lib/gcc/arm-none-eabi/13.3.1/thumb/v7-m/nofp\libc.a(libc_a-locale.o)
 .ARM.attributes
                0x00000950       0x2d D:/CLion_Tools/arm-none-eabi/13.3 rel1/bin/../lib/gcc/arm-none-eabi/13.3.1/thumb/v7-m/nofp\libc.a(libc_a-localeconv.o)
 .ARM.attributes
                0x0000097d       0x2d D:/CLion_Tools/arm-none-eabi/13.3 rel1/bin/../lib/gcc/arm-none-eabi/13.3.1/thumb/v7-m/nofp\libc.a(libc_a-sbrkr.o)
 .ARM.attributes
                0x000009aa       0x2d D:/CLion_Tools/arm-none-eabi/13.3 rel1/bin/../lib/gcc/arm-none-eabi/13.3.1/thumb/v7-m/nofp\libc.a(libc_a-fini.o)
 .ARM.attributes
                0x000009d7       0x2d D:/CLion_Tools/arm-none-eabi/13.3 rel1/bin/../lib/gcc/arm-none-eabi/13.3.1/thumb/v7-m/nofp\libc.a(libc_a-sysconf.o)
 .ARM.attributes
                0x00000a04       0x2d D:/CLion_Tools/arm-none-eabi/13.3 rel1/bin/../lib/gcc/arm-none-eabi/13.3.1/thumb/v7-m/nofp\libc.a(libc_a-memchr-stub.o)
 .ARM.attributes
                0x00000a31       0x2d D:/CLion_Tools/arm-none-eabi/13.3 rel1/bin/../lib/gcc/arm-none-eabi/13.3.1/thumb/v7-m/nofp\libc.a(libm_a-s_frexp.o)
 .ARM.attributes
                0x00000a5e       0x2d D:/CLion_Tools/arm-none-eabi/13.3 rel1/bin/../lib/gcc/arm-none-eabi/13.3.1/thumb/v7-m/nofp\libc.a(libc_a-__atexit.o)
 .ARM.attributes
                0x00000a8b       0x2d D:/CLion_Tools/arm-none-eabi/13.3 rel1/bin/../lib/gcc/arm-none-eabi/13.3.1/thumb/v7-m/nofp\libc.a(libc_a-dtoa.o)
 .ARM.attributes
                0x00000ab8       0x2d D:/CLion_Tools/arm-none-eabi/13.3 rel1/bin/../lib/gcc/arm-none-eabi/13.3.1/thumb/v7-m/nofp\libc.a(libc_a-mbtowc_r.o)
 .ARM.attributes
                0x00000ae5       0x2d D:/CLion_Tools/arm-none-eabi/13.3 rel1/bin/../lib/gcc/arm-none-eabi/13.3.1/thumb/v7-m/nofp\libc.a(libc_a-mprec.o)
 .ARM.attributes
                0x00000b12       0x2d D:/CLion_Tools/arm-none-eabi/13.3 rel1/bin/../lib/gcc/arm-none-eabi/13.3.1/thumb/v7-m/nofp\libc.a(libc_a-wctomb_r.o)
 .ARM.attributes
                0x00000b3f       0x2d D:/CLion_Tools/arm-none-eabi/13.3 rel1/bin/../lib/gcc/arm-none-eabi/13.3.1/thumb/v7-m/nofp\libc.a(libc_a-wcrtomb.o)
 .ARM.attributes
                0x00000b6c       0x2d D:/CLion_Tools/arm-none-eabi/13.3 rel1/bin/../lib/gcc/arm-none-eabi/13.3.1/thumb/v7-m/nofp\libc.a(libc_a-wcsrtombs.o)
 .ARM.attributes
                0x00000b99       0x2d D:/CLion_Tools/arm-none-eabi/13.3 rel1/bin/../lib/gcc/arm-none-eabi/13.3.1/thumb/v7-m/nofp\libc.a(libc_a-ssputs_r.o)
 .ARM.attributes
                0x00000bc6       0x2d D:/CLion_Tools/arm-none-eabi/13.3 rel1/bin/../lib/gcc/arm-none-eabi/13.3.1/thumb/v7-m/nofp\libc.a(libc_a-memmove.o)
 .ARM.attributes
                0x00000bf3       0x1b D:/CLion_Tools/arm-none-eabi/13.3 rel1/bin/../lib/gcc/arm-none-eabi/13.3.1/thumb/v7-m/nofp\libc.a(libc_a-memcpy.o)
 .ARM.attributes
                0x00000c0e       0x2d D:/CLion_Tools/arm-none-eabi/13.3 rel1/bin/../lib/gcc/arm-none-eabi/13.3.1/thumb/v7-m/nofp\libc.a(libc_a-assert.o)
 .ARM.attributes
                0x00000c3b       0x2d D:/CLion_Tools/arm-none-eabi/13.3 rel1/bin/../lib/gcc/arm-none-eabi/13.3.1/thumb/v7-m/nofp\libc.a(libc_a-callocr.o)
 .ARM.attributes
                0x00000c68       0x2d D:/CLion_Tools/arm-none-eabi/13.3 rel1/bin/../lib/gcc/arm-none-eabi/13.3.1/thumb/v7-m/nofp\libc.a(libc_a-reallocr.o)
 .ARM.attributes
                0x00000c95       0x2d D:/CLion_Tools/arm-none-eabi/13.3 rel1/bin/../lib/gcc/arm-none-eabi/13.3.1/thumb/v7-m/nofp\libc.a(libc_a-wcsnrtombs.o)
 .ARM.attributes
                0x00000cc2       0x2d D:/CLion_Tools/arm-none-eabi/13.3 rel1/bin/../lib/gcc/arm-none-eabi/13.3.1/thumb/v7-m/nofp\libc.a(libc_a-fiprintf.o)
 .ARM.attributes
                0x00000cef       0x2d D:/CLion_Tools/arm-none-eabi/13.3 rel1/bin/../lib/gcc/arm-none-eabi/13.3.1/thumb/v7-m/nofp\libc.a(libc_a-vfiprintf.o)
 .ARM.attributes
                0x00000d1c       0x2d D:/CLion_Tools/arm-none-eabi/13.3 rel1/bin/../lib/gcc/arm-none-eabi/13.3.1/thumb/v7-m/nofp\libc.a(libc_a-sprint_r.o)
 .ARM.attributes
                0x00000d49       0x2d D:/CLion_Tools/arm-none-eabi/13.3 rel1/bin/../lib/gcc/arm-none-eabi/13.3.1/thumb/v7-m/nofp\libc.a(libc_a-fvwrite.o)
 .ARM.attributes
                0x00000d76       0x2d D:/CLion_Tools/arm-none-eabi/13.3 rel1/bin/../lib/gcc/arm-none-eabi/13.3.1/thumb/v7-m/nofp\libc.a(libc_a-wsetup.o)
 .ARM.attributes
                0x00000da3       0x2d D:/CLion_Tools/arm-none-eabi/13.3 rel1/bin/../lib/gcc/arm-none-eabi/13.3.1/thumb/v7-m/nofp\libc.a(libc_a-abort.o)
 .ARM.attributes
                0x00000dd0       0x2d D:/CLion_Tools/arm-none-eabi/13.3 rel1/bin/../lib/gcc/arm-none-eabi/13.3.1/thumb/v7-m/nofp\libc.a(libc_a-makebuf.o)
 .ARM.attributes
                0x00000dfd       0x2d D:/CLion_Tools/arm-none-eabi/13.3 rel1/bin/../lib/gcc/arm-none-eabi/13.3.1/thumb/v7-m/nofp\libc.a(libc_a-signal.o)
 .ARM.attributes
                0x00000e2a       0x2d D:/CLion_Tools/arm-none-eabi/13.3 rel1/bin/../lib/gcc/arm-none-eabi/13.3.1/thumb/v7-m/nofp\libc.a(libc_a-fstatr.o)
 .ARM.attributes
                0x00000e57       0x2d D:/CLion_Tools/arm-none-eabi/13.3 rel1/bin/../lib/gcc/arm-none-eabi/13.3.1/thumb/v7-m/nofp\libc.a(libc_a-isattyr.o)
 .ARM.attributes
                0x00000e84       0x2d D:/CLion_Tools/arm-none-eabi/13.3 rel1/bin/../lib/gcc/arm-none-eabi/13.3.1/thumb/v7-m/nofp\libc.a(libc_a-signalr.o)
 .ARM.attributes
                0x00000eb1       0x1d D:/CLion_Tools/arm-none-eabi/13.3 rel1/bin/../lib/gcc/arm-none-eabi/13.3.1/thumb/v7-m/nofp\libgcc.a(_arm_addsubdf3.o)
 .ARM.attributes
                0x00000ece       0x1d D:/CLion_Tools/arm-none-eabi/13.3 rel1/bin/../lib/gcc/arm-none-eabi/13.3.1/thumb/v7-m/nofp\libgcc.a(_arm_muldivdf3.o)
 .ARM.attributes
                0x00000eeb       0x1d D:/CLion_Tools/arm-none-eabi/13.3 rel1/bin/../lib/gcc/arm-none-eabi/13.3.1/thumb/v7-m/nofp\libgcc.a(_arm_cmpdf2.o)
 .ARM.attributes
                0x00000f08       0x1d D:/CLion_Tools/arm-none-eabi/13.3 rel1/bin/../lib/gcc/arm-none-eabi/13.3.1/thumb/v7-m/nofp\libgcc.a(_arm_unorddf2.o)
 .ARM.attributes
                0x00000f25       0x1d D:/CLion_Tools/arm-none-eabi/13.3 rel1/bin/../lib/gcc/arm-none-eabi/13.3.1/thumb/v7-m/nofp\libgcc.a(_arm_fixdfsi.o)
 .ARM.attributes
                0x00000f42       0x2d D:/CLion_Tools/arm-none-eabi/13.3 rel1/bin/../lib/gcc/arm-none-eabi/13.3.1/thumb/v7-m/nofp/crtend.o
 .ARM.attributes
                0x00000f6f       0x1d D:/CLion_Tools/arm-none-eabi/13.3 rel1/bin/../lib/gcc/arm-none-eabi/13.3.1/thumb/v7-m/nofp/crtn.o
OUTPUT(myCAR111.elf elf32-littlearm)
LOAD linker stubs
LOAD D:/CLion_Tools/arm-none-eabi/13.3 rel1/bin/../lib/gcc/arm-none-eabi/13.3.1/thumb/v7-m/nofp\libc.a
LOAD D:/CLion_Tools/arm-none-eabi/13.3 rel1/bin/../lib/gcc/arm-none-eabi/13.3.1/thumb/v7-m/nofp\libm.a
LOAD D:/CLion_Tools/arm-none-eabi/13.3 rel1/bin/../lib/gcc/arm-none-eabi/13.3.1/thumb/v7-m/nofp\libgcc.a

.debug_info     0x00000000    0x1285d
 .debug_info    0x00000000      0x97d CMakeFiles/myCAR111.elf.dir/Core/Hardware/M_IR/M_IR.c.obj
 .debug_info    0x0000097d      0xe21 CMakeFiles/myCAR111.elf.dir/Core/Hardware/M_MOTOR/M_MOTOR.c.obj
 .debug_info    0x0000179e      0x826 CMakeFiles/myCAR111.elf.dir/Core/Hardware/M_UART/M_UART.c.obj
 .debug_info    0x00001fc4      0x368 CMakeFiles/myCAR111.elf.dir/Core/Src/dma.c.obj
 .debug_info    0x0000232c      0x5e9 CMakeFiles/myCAR111.elf.dir/Core/Src/gpio.c.obj
 .debug_info    0x00002915      0xec2 CMakeFiles/myCAR111.elf.dir/Core/Src/main.c.obj
 .debug_info    0x000037d7      0x1fb CMakeFiles/myCAR111.elf.dir/Core/Src/stm32f1xx_hal_msp.c.obj
 .debug_info    0x000039d2      0xa18 CMakeFiles/myCAR111.elf.dir/Core/Src/stm32f1xx_it.c.obj
 .debug_info    0x000043ea      0x789 CMakeFiles/myCAR111.elf.dir/Core/Src/syscalls.c.obj
 .debug_info    0x00004b73      0x171 CMakeFiles/myCAR111.elf.dir/Core/Src/sysmem.c.obj
 .debug_info    0x00004ce4      0x22d CMakeFiles/myCAR111.elf.dir/Core/Src/system_stm32f1xx.c.obj
 .debug_info    0x00004f11      0xb1a CMakeFiles/myCAR111.elf.dir/Core/Src/tim.c.obj
 .debug_info    0x00005a2b      0xabe CMakeFiles/myCAR111.elf.dir/Core/Src/usart.c.obj
 .debug_info    0x000064e9       0x30 CMakeFiles/myCAR111.elf.dir/Core/Startup/startup_stm32f103zetx.s.obj
 .debug_info    0x00006519      0x808 CMakeFiles/myCAR111.elf.dir/Drivers/STM32F1xx_HAL_Driver/Src/stm32f1xx_hal.c.obj
 .debug_info    0x00006d21      0xd3f CMakeFiles/myCAR111.elf.dir/Drivers/STM32F1xx_HAL_Driver/Src/stm32f1xx_hal_cortex.c.obj
 .debug_info    0x00007a60      0x7f2 CMakeFiles/myCAR111.elf.dir/Drivers/STM32F1xx_HAL_Driver/Src/stm32f1xx_hal_dma.c.obj
 .debug_info    0x00008252      0x604 CMakeFiles/myCAR111.elf.dir/Drivers/STM32F1xx_HAL_Driver/Src/stm32f1xx_hal_gpio.c.obj
 .debug_info    0x00008856      0x9c7 CMakeFiles/myCAR111.elf.dir/Drivers/STM32F1xx_HAL_Driver/Src/stm32f1xx_hal_rcc.c.obj
 .debug_info    0x0000921d     0x3c0f CMakeFiles/myCAR111.elf.dir/Drivers/STM32F1xx_HAL_Driver/Src/stm32f1xx_hal_tim.c.obj
 .debug_info    0x0000ce2c     0x1aac CMakeFiles/myCAR111.elf.dir/Drivers/STM32F1xx_HAL_Driver/Src/stm32f1xx_hal_tim_ex.c.obj
 .debug_info    0x0000e8d8     0x3f85 CMakeFiles/myCAR111.elf.dir/Drivers/STM32F1xx_HAL_Driver/Src/stm32f1xx_hal_uart.c.obj

.debug_abbrev   0x00000000     0x2b91
 .debug_abbrev  0x00000000      0x254 CMakeFiles/myCAR111.elf.dir/Core/Hardware/M_IR/M_IR.c.obj
 .debug_abbrev  0x00000254      0x211 CMakeFiles/myCAR111.elf.dir/Core/Hardware/M_MOTOR/M_MOTOR.c.obj
 .debug_abbrev  0x00000465      0x23f CMakeFiles/myCAR111.elf.dir/Core/Hardware/M_UART/M_UART.c.obj
 .debug_abbrev  0x000006a4      0x119 CMakeFiles/myCAR111.elf.dir/Core/Src/dma.c.obj
 .debug_abbrev  0x000007bd      0x173 CMakeFiles/myCAR111.elf.dir/Core/Src/gpio.c.obj
 .debug_abbrev  0x00000930      0x29d CMakeFiles/myCAR111.elf.dir/Core/Src/main.c.obj
 .debug_abbrev  0x00000bcd       0xed CMakeFiles/myCAR111.elf.dir/Core/Src/stm32f1xx_hal_msp.c.obj
 .debug_abbrev  0x00000cba      0x1e6 CMakeFiles/myCAR111.elf.dir/Core/Src/stm32f1xx_it.c.obj
 .debug_abbrev  0x00000ea0      0x1c1 CMakeFiles/myCAR111.elf.dir/Core/Src/syscalls.c.obj
 .debug_abbrev  0x00001061       0xea CMakeFiles/myCAR111.elf.dir/Core/Src/sysmem.c.obj
 .debug_abbrev  0x0000114b      0x143 CMakeFiles/myCAR111.elf.dir/Core/Src/system_stm32f1xx.c.obj
 .debug_abbrev  0x0000128e      0x239 CMakeFiles/myCAR111.elf.dir/Core/Src/tim.c.obj
 .debug_abbrev  0x000014c7      0x237 CMakeFiles/myCAR111.elf.dir/Core/Src/usart.c.obj
 .debug_abbrev  0x000016fe       0x24 CMakeFiles/myCAR111.elf.dir/Core/Startup/startup_stm32f103zetx.s.obj
 .debug_abbrev  0x00001722      0x22d CMakeFiles/myCAR111.elf.dir/Drivers/STM32F1xx_HAL_Driver/Src/stm32f1xx_hal.c.obj
 .debug_abbrev  0x0000194f      0x36d CMakeFiles/myCAR111.elf.dir/Drivers/STM32F1xx_HAL_Driver/Src/stm32f1xx_hal_cortex.c.obj
 .debug_abbrev  0x00001cbc      0x244 CMakeFiles/myCAR111.elf.dir/Drivers/STM32F1xx_HAL_Driver/Src/stm32f1xx_hal_dma.c.obj
 .debug_abbrev  0x00001f00      0x1f7 CMakeFiles/myCAR111.elf.dir/Drivers/STM32F1xx_HAL_Driver/Src/stm32f1xx_hal_gpio.c.obj
 .debug_abbrev  0x000020f7      0x2a0 CMakeFiles/myCAR111.elf.dir/Drivers/STM32F1xx_HAL_Driver/Src/stm32f1xx_hal_rcc.c.obj
 .debug_abbrev  0x00002397      0x270 CMakeFiles/myCAR111.elf.dir/Drivers/STM32F1xx_HAL_Driver/Src/stm32f1xx_hal_tim.c.obj
 .debug_abbrev  0x00002607      0x26e CMakeFiles/myCAR111.elf.dir/Drivers/STM32F1xx_HAL_Driver/Src/stm32f1xx_hal_tim_ex.c.obj
 .debug_abbrev  0x00002875      0x31c CMakeFiles/myCAR111.elf.dir/Drivers/STM32F1xx_HAL_Driver/Src/stm32f1xx_hal_uart.c.obj

.debug_loclists
                0x00000000     0x92bf
 .debug_loclists
                0x00000000      0x120 CMakeFiles/myCAR111.elf.dir/Core/Hardware/M_IR/M_IR.c.obj
 .debug_loclists
                0x00000120      0x17a CMakeFiles/myCAR111.elf.dir/Core/Hardware/M_MOTOR/M_MOTOR.c.obj
 .debug_loclists
                0x0000029a       0x5a CMakeFiles/myCAR111.elf.dir/Core/Hardware/M_UART/M_UART.c.obj
 .debug_loclists
                0x000002f4       0x34 CMakeFiles/myCAR111.elf.dir/Core/Src/main.c.obj
 .debug_loclists
                0x00000328       0x17 CMakeFiles/myCAR111.elf.dir/Core/Src/stm32f1xx_hal_msp.c.obj
 .debug_loclists
                0x0000033f      0x2cd CMakeFiles/myCAR111.elf.dir/Core/Src/syscalls.c.obj
 .debug_loclists
                0x0000060c       0x52 CMakeFiles/myCAR111.elf.dir/Core/Src/sysmem.c.obj
 .debug_loclists
                0x0000065e       0xb7 CMakeFiles/myCAR111.elf.dir/Core/Src/system_stm32f1xx.c.obj
 .debug_loclists
                0x00000715       0xa2 CMakeFiles/myCAR111.elf.dir/Core/Src/tim.c.obj
 .debug_loclists
                0x000007b7       0x5c CMakeFiles/myCAR111.elf.dir/Core/Src/usart.c.obj
 .debug_loclists
                0x00000813       0xe1 CMakeFiles/myCAR111.elf.dir/Drivers/STM32F1xx_HAL_Driver/Src/stm32f1xx_hal.c.obj
 .debug_loclists
                0x000008f4      0x530 CMakeFiles/myCAR111.elf.dir/Drivers/STM32F1xx_HAL_Driver/Src/stm32f1xx_hal_cortex.c.obj
 .debug_loclists
                0x00000e24      0x577 CMakeFiles/myCAR111.elf.dir/Drivers/STM32F1xx_HAL_Driver/Src/stm32f1xx_hal_dma.c.obj
 .debug_loclists
                0x0000139b      0x31c CMakeFiles/myCAR111.elf.dir/Drivers/STM32F1xx_HAL_Driver/Src/stm32f1xx_hal_gpio.c.obj
 .debug_loclists
                0x000016b7      0x42e CMakeFiles/myCAR111.elf.dir/Drivers/STM32F1xx_HAL_Driver/Src/stm32f1xx_hal_rcc.c.obj
 .debug_loclists
                0x00001ae5     0x378b CMakeFiles/myCAR111.elf.dir/Drivers/STM32F1xx_HAL_Driver/Src/stm32f1xx_hal_tim.c.obj
 .debug_loclists
                0x00005270     0x13c9 CMakeFiles/myCAR111.elf.dir/Drivers/STM32F1xx_HAL_Driver/Src/stm32f1xx_hal_tim_ex.c.obj
 .debug_loclists
                0x00006639     0x2c86 CMakeFiles/myCAR111.elf.dir/Drivers/STM32F1xx_HAL_Driver/Src/stm32f1xx_hal_uart.c.obj

.debug_aranges  0x00000000      0xd80
 .debug_aranges
                0x00000000       0x38 CMakeFiles/myCAR111.elf.dir/Core/Hardware/M_IR/M_IR.c.obj
 .debug_aranges
                0x00000038       0x38 CMakeFiles/myCAR111.elf.dir/Core/Hardware/M_MOTOR/M_MOTOR.c.obj
 .debug_aranges
                0x00000070       0x28 CMakeFiles/myCAR111.elf.dir/Core/Hardware/M_UART/M_UART.c.obj
 .debug_aranges
                0x00000098       0x20 CMakeFiles/myCAR111.elf.dir/Core/Src/dma.c.obj
 .debug_aranges
                0x000000b8       0x20 CMakeFiles/myCAR111.elf.dir/Core/Src/gpio.c.obj
 .debug_aranges
                0x000000d8       0x38 CMakeFiles/myCAR111.elf.dir/Core/Src/main.c.obj
 .debug_aranges
                0x00000110       0x20 CMakeFiles/myCAR111.elf.dir/Core/Src/stm32f1xx_hal_msp.c.obj
 .debug_aranges
                0x00000130       0x88 CMakeFiles/myCAR111.elf.dir/Core/Src/stm32f1xx_it.c.obj
 .debug_aranges
                0x000001b8       0xa8 CMakeFiles/myCAR111.elf.dir/Core/Src/syscalls.c.obj
 .debug_aranges
                0x00000260       0x20 CMakeFiles/myCAR111.elf.dir/Core/Src/sysmem.c.obj
 .debug_aranges
                0x00000280       0x28 CMakeFiles/myCAR111.elf.dir/Core/Src/system_stm32f1xx.c.obj
 .debug_aranges
                0x000002a8       0x38 CMakeFiles/myCAR111.elf.dir/Core/Src/tim.c.obj
 .debug_aranges
                0x000002e0       0x30 CMakeFiles/myCAR111.elf.dir/Core/Src/usart.c.obj
 .debug_aranges
                0x00000310       0x28 CMakeFiles/myCAR111.elf.dir/Core/Startup/startup_stm32f103zetx.s.obj
 .debug_aranges
                0x00000338       0xe0 CMakeFiles/myCAR111.elf.dir/Drivers/STM32F1xx_HAL_Driver/Src/stm32f1xx_hal.c.obj
 .debug_aranges
                0x00000418       0xc0 CMakeFiles/myCAR111.elf.dir/Drivers/STM32F1xx_HAL_Driver/Src/stm32f1xx_hal_cortex.c.obj
 .debug_aranges
                0x000004d8       0x80 CMakeFiles/myCAR111.elf.dir/Drivers/STM32F1xx_HAL_Driver/Src/stm32f1xx_hal_dma.c.obj
 .debug_aranges
                0x00000558       0x58 CMakeFiles/myCAR111.elf.dir/Drivers/STM32F1xx_HAL_Driver/Src/stm32f1xx_hal_gpio.c.obj
 .debug_aranges
                0x000005b0       0x90 CMakeFiles/myCAR111.elf.dir/Drivers/STM32F1xx_HAL_Driver/Src/stm32f1xx_hal_rcc.c.obj
 .debug_aranges
                0x00000640      0x3d0 CMakeFiles/myCAR111.elf.dir/Drivers/STM32F1xx_HAL_Driver/Src/stm32f1xx_hal_tim.c.obj
 .debug_aranges
                0x00000a10      0x168 CMakeFiles/myCAR111.elf.dir/Drivers/STM32F1xx_HAL_Driver/Src/stm32f1xx_hal_tim_ex.c.obj
 .debug_aranges
                0x00000b78      0x208 CMakeFiles/myCAR111.elf.dir/Drivers/STM32F1xx_HAL_Driver/Src/stm32f1xx_hal_uart.c.obj

.debug_rnglists
                0x00000000      0xa32
 .debug_rnglists
                0x00000000       0x26 CMakeFiles/myCAR111.elf.dir/Core/Hardware/M_IR/M_IR.c.obj
 .debug_rnglists
                0x00000026       0x27 CMakeFiles/myCAR111.elf.dir/Core/Hardware/M_MOTOR/M_MOTOR.c.obj
 .debug_rnglists
                0x0000004d       0x19 CMakeFiles/myCAR111.elf.dir/Core/Hardware/M_UART/M_UART.c.obj
 .debug_rnglists
                0x00000066       0x13 CMakeFiles/myCAR111.elf.dir/Core/Src/dma.c.obj
 .debug_rnglists
                0x00000079       0x14 CMakeFiles/myCAR111.elf.dir/Core/Src/gpio.c.obj
 .debug_rnglists
                0x0000008d       0x27 CMakeFiles/myCAR111.elf.dir/Core/Src/main.c.obj
 .debug_rnglists
                0x000000b4       0x13 CMakeFiles/myCAR111.elf.dir/Core/Src/stm32f1xx_hal_msp.c.obj
 .debug_rnglists
                0x000000c7       0x61 CMakeFiles/myCAR111.elf.dir/Core/Src/stm32f1xx_it.c.obj
 .debug_rnglists
                0x00000128       0x79 CMakeFiles/myCAR111.elf.dir/Core/Src/syscalls.c.obj
 .debug_rnglists
                0x000001a1       0x13 CMakeFiles/myCAR111.elf.dir/Core/Src/sysmem.c.obj
 .debug_rnglists