Archive member included to satisfy reference by file (symbol)

D:/CLion_Tools/arm-none-eabi/13.3 rel1/bin/../lib/gcc/arm-none-eabi/13.3.1/thumb/v7-m/nofp\libc.a(libc_a-atoi.o)
                              CMakeFiles/myCAR111.elf.dir/Core/Hardware/M_MOTOR/M_MOTOR.c.obj (atoi)
D:/CLion_Tools/arm-none-eabi/13.3 rel1/bin/../lib/gcc/arm-none-eabi/13.3.1/thumb/v7-m/nofp\libc.a(libc_a-exit.o)
                              D:/CLion_Tools/arm-none-eabi/13.3 rel1/bin/../lib/gcc/arm-none-eabi/13.3.1/thumb/v7-m/nofp/crt0.o (exit)
D:/CLion_Tools/arm-none-eabi/13.3 rel1/bin/../lib/gcc/arm-none-eabi/13.3.1/thumb/v7-m/nofp\libc.a(libc_a-strtol.o)
                              D:/CLion_Tools/arm-none-eabi/13.3 rel1/bin/../lib/gcc/arm-none-eabi/13.3.1/thumb/v7-m/nofp\libc.a(libc_a-atoi.o) (_strtol_r)
D:/CLion_Tools/arm-none-eabi/13.3 rel1/bin/../lib/gcc/arm-none-eabi/13.3.1/thumb/v7-m/nofp\libc.a(libc_a-ctype_.o)
                              D:/CLion_Tools/arm-none-eabi/13.3 rel1/bin/../lib/gcc/arm-none-eabi/13.3.1/thumb/v7-m/nofp\libc.a(libc_a-strtol.o) (_ctype_)
D:/CLion_Tools/arm-none-eabi/13.3 rel1/bin/../lib/gcc/arm-none-eabi/13.3.1/thumb/v7-m/nofp\libc.a(libc_a-findfp.o)
                              D:/CLion_Tools/arm-none-eabi/13.3 rel1/bin/../lib/gcc/arm-none-eabi/13.3.1/thumb/v7-m/nofp\libc.a(libc_a-exit.o) (__stdio_exit_handler)
D:/CLion_Tools/arm-none-eabi/13.3 rel1/bin/../lib/gcc/arm-none-eabi/13.3.1/thumb/v7-m/nofp\libc.a(libc_a-fwalk.o)
                              D:/CLion_Tools/arm-none-eabi/13.3 rel1/bin/../lib/gcc/arm-none-eabi/13.3.1/thumb/v7-m/nofp\libc.a(libc_a-findfp.o) (_fwalk_sglue)
D:/CLion_Tools/arm-none-eabi/13.3 rel1/bin/../lib/gcc/arm-none-eabi/13.3.1/thumb/v7-m/nofp\libc.a(libc_a-stdio.o)
                              D:/CLion_Tools/arm-none-eabi/13.3 rel1/bin/../lib/gcc/arm-none-eabi/13.3.1/thumb/v7-m/nofp\libc.a(libc_a-findfp.o) (__sread)
D:/CLion_Tools/arm-none-eabi/13.3 rel1/bin/../lib/gcc/arm-none-eabi/13.3.1/thumb/v7-m/nofp\libc.a(libc_a-vsnprintf.o)
                              CMakeFiles/myCAR111.elf.dir/Core/Hardware/M_UART/M_UART.c.obj (vsnprintf)
D:/CLion_Tools/arm-none-eabi/13.3 rel1/bin/../lib/gcc/arm-none-eabi/13.3.1/thumb/v7-m/nofp\libc.a(libc_a-memset.o)
                              D:/CLion_Tools/arm-none-eabi/13.3 rel1/bin/../lib/gcc/arm-none-eabi/13.3.1/thumb/v7-m/nofp/crt0.o (memset)
D:/CLion_Tools/arm-none-eabi/13.3 rel1/bin/../lib/gcc/arm-none-eabi/13.3.1/thumb/v7-m/nofp\libc.a(libc_a-closer.o)
                              D:/CLion_Tools/arm-none-eabi/13.3 rel1/bin/../lib/gcc/arm-none-eabi/13.3.1/thumb/v7-m/nofp\libc.a(libc_a-stdio.o) (_close_r)
D:/CLion_Tools/arm-none-eabi/13.3 rel1/bin/../lib/gcc/arm-none-eabi/13.3.1/thumb/v7-m/nofp\libc.a(libc_a-reent.o)
                              D:/CLion_Tools/arm-none-eabi/13.3 rel1/bin/../lib/gcc/arm-none-eabi/13.3.1/thumb/v7-m/nofp\libc.a(libc_a-closer.o) (errno)
D:/CLion_Tools/arm-none-eabi/13.3 rel1/bin/../lib/gcc/arm-none-eabi/13.3.1/thumb/v7-m/nofp\libc.a(libc_a-impure.o)
                              D:/CLion_Tools/arm-none-eabi/13.3 rel1/bin/../lib/gcc/arm-none-eabi/13.3.1/thumb/v7-m/nofp\libc.a(libc_a-strtol.o) (_impure_ptr)
D:/CLion_Tools/arm-none-eabi/13.3 rel1/bin/../lib/gcc/arm-none-eabi/13.3.1/thumb/v7-m/nofp\libc.a(libc_a-lseekr.o)
                              D:/CLion_Tools/arm-none-eabi/13.3 rel1/bin/../lib/gcc/arm-none-eabi/13.3.1/thumb/v7-m/nofp\libc.a(libc_a-stdio.o) (_lseek_r)
D:/CLion_Tools/arm-none-eabi/13.3 rel1/bin/../lib/gcc/arm-none-eabi/13.3.1/thumb/v7-m/nofp\libc.a(libc_a-readr.o)
                              D:/CLion_Tools/arm-none-eabi/13.3 rel1/bin/../lib/gcc/arm-none-eabi/13.3.1/thumb/v7-m/nofp\libc.a(libc_a-stdio.o) (_read_r)
D:/CLion_Tools/arm-none-eabi/13.3 rel1/bin/../lib/gcc/arm-none-eabi/13.3.1/thumb/v7-m/nofp\libc.a(libc_a-writer.o)
                              D:/CLion_Tools/arm-none-eabi/13.3 rel1/bin/../lib/gcc/arm-none-eabi/13.3.1/thumb/v7-m/nofp\libc.a(libc_a-stdio.o) (_write_r)
D:/CLion_Tools/arm-none-eabi/13.3 rel1/bin/../lib/gcc/arm-none-eabi/13.3.1/thumb/v7-m/nofp\libc.a(libc_a-errno.o)
                              CMakeFiles/myCAR111.elf.dir/Core/Src/syscalls.c.obj (__errno)
D:/CLion_Tools/arm-none-eabi/13.3 rel1/bin/../lib/gcc/arm-none-eabi/13.3.1/thumb/v7-m/nofp\libc.a(libc_a-init.o)
                              D:/CLion_Tools/arm-none-eabi/13.3 rel1/bin/../lib/gcc/arm-none-eabi/13.3.1/thumb/v7-m/nofp/crt0.o (__libc_init_array)
D:/CLion_Tools/arm-none-eabi/13.3 rel1/bin/../lib/gcc/arm-none-eabi/13.3.1/thumb/v7-m/nofp\libc.a(libc_a-lock.o)
                              D:/CLion_Tools/arm-none-eabi/13.3 rel1/bin/../lib/gcc/arm-none-eabi/13.3.1/thumb/v7-m/nofp\libc.a(libc_a-findfp.o) (__retarget_lock_init_recursive)
D:/CLion_Tools/arm-none-eabi/13.3 rel1/bin/../lib/gcc/arm-none-eabi/13.3.1/thumb/v7-m/nofp\libc.a(libc_a-strlen-stub.o)
                              CMakeFiles/myCAR111.elf.dir/Core/Hardware/M_UART/M_UART.c.obj (strlen)
[...]
Memory Configuration

Name             Origin             Length             Attributes
RAM              0x20000000         0x00010000         xrw
FLASH            0x08000000         0x00080000         xr
*default*        0x00000000         0xffffffff

Linker script and memory map

LOAD D:/CLion_Tools/arm-none-eabi/13.3 rel1/bin/../lib/gcc/arm-none-eabi/13.3.1/thumb/v7-m/nofp/crti.o
LOAD D:/CLion_Tools/arm-none-eabi/13.3 rel1/bin/../lib/gcc/arm-none-eabi/13.3.1/thumb/v7-m/nofp/crtbegin.o
LOAD D:/CLion_Tools/arm-none-eabi/13.3 rel1/bin/../lib/gcc/arm-none-eabi/13.3.1/thumb/v7-m/nofp/crt0.o
LOAD CMakeFiles/myCAR111.elf.dir/Core/Hardware/M_IR/M_IR.c.obj
LOAD CMakeFiles/myCAR111.elf.dir/Core/Hardware/M_MOTOR/M_MOTOR.c.obj
LOAD CMakeFiles/myCAR111.elf.dir/Core/Hardware/M_UART/M_UART.c.obj
LOAD CMakeFiles/myCAR111.elf.dir/Core/Src/dma.c.obj
LOAD CMakeFiles/myCAR111.elf.dir/Core/Src/gpio.c.obj
LOAD CMakeFiles/myCAR111.elf.dir/Core/Src/main.c.obj
LOAD CMakeFiles/myCAR111.elf.dir/Core/Src/stm32f1xx_hal_msp.c.obj
LOAD CMakeFiles/myCAR111.elf.dir/Core/Src/stm32f1xx_it.c.obj
LOAD CMakeFiles/myCAR111.elf.dir/Core/Src/syscalls.c.obj
LOAD CMakeFiles/myCAR111.elf.dir/Core/Src/sysmem.c.obj
LOAD CMakeFiles/myCAR111.elf.dir/Core/Src/system_stm32f1xx.c.obj
LOAD CMakeFiles/myCAR111.elf.dir/Core/Src/tim.c.obj
LOAD CMakeFiles/myCAR111.elf.dir/Core/Src/usart.c.obj
LOAD CMakeFiles/myCAR111.elf.dir/Core/Startup/startup_stm32f103zetx.s.obj
LOAD CMakeFiles/myCAR111.elf.dir/Drivers/STM32F1xx_HAL_Driver/Src/stm32f1xx_hal.c.obj
LOAD CMakeFiles/myCAR111.elf.dir/Drivers/STM32F1xx_HAL_Driver/Src/stm32f1xx_hal_cortex.c.obj
LOAD CMakeFiles/myCAR111.elf.dir/Drivers/STM32F1xx_HAL_Driver/Src/stm32f1xx_hal_dma.c.obj
LOAD CMakeFiles/myCAR111.elf.dir/Drivers/STM32F1xx_HAL_Driver/Src/stm32f1xx_hal_exti.c.obj
LOAD CMakeFiles/myCAR111.elf.dir/Drivers/STM32F1xx_HAL_Driver/Src/stm32f1xx_hal_flash.c.obj
LOAD CMakeFiles/myCAR111.elf.dir/Drivers/STM32F1xx_HAL_Driver/Src/stm32f1xx_hal_flash_ex.c.obj
LOAD CMakeFiles/myCAR111.elf.dir/Drivers/STM32F1xx_HAL_Driver/Src/stm32f1xx_hal_gpio.c.obj
LOAD CMakeFiles/myCAR111.elf.dir/Drivers/STM32F1xx_HAL_Driver/Src/stm32f1xx_hal_gpio_ex.c.obj
LOAD CMakeFiles/myCAR111.elf.dir/Drivers/STM32F1xx_HAL_Driver/Src/stm32f1xx_hal_pwr.c.obj
LOAD CMakeFiles/myCAR111.elf.dir/Drivers/STM32F1xx_HAL_Driver/Src/stm32f1xx_hal_rcc.c.obj
LOAD CMakeFiles/myCAR111.elf.dir/Drivers/STM32F1xx_HAL_Driver/Src/stm32f1xx_hal_rcc_ex.c.obj
LOAD CMakeFiles/myCAR111.elf.dir/Drivers/STM32F1xx_HAL_Driver/Src/stm32f1xx_hal_tim.c.obj
LOAD CMakeFiles/myCAR111.elf.dir/Drivers/STM32F1xx_HAL_Driver/Src/stm32f1xx_hal_tim_ex.c.obj
LOAD CMakeFiles/myCAR111.elf.dir/Drivers/STM32F1xx_HAL_Driver/Src/stm32f1xx_hal_uart.c.obj
START GROUP
LOAD D:/CLion_Tools/arm-none-eabi/13.3 rel1/bin/../lib/gcc/arm-none-eabi/13.3.1/thumb/v7-m/nofp\libgcc.a
LOAD D:/CLion_Tools/arm-none-eabi/13.3 rel1/bin/../lib/gcc/arm-none-eabi/13.3.1/thumb/v7-m/nofp\libc.a
END GROUP
LOAD D:/CLion_Tools/arm-none-eabi/13.3 rel1/bin/../lib/gcc/arm-none-eabi/13.3.1/thumb/v7-m/nofp/crtend.o
LOAD D:/CLion_Tools/arm-none-eabi/13.3 rel1/bin/../lib/gcc/arm-none-eabi/13.3.1/thumb/v7-m/nofp/crtn.o
                0x20010000                        _estack = (ORIGIN (RAM) + LENGTH (RAM))
                0x00000200                        _Min_Heap_Size = 0x200
                0x00000400                        _Min_Stack_Size = 0x400

.isr_vector     0x08000000      0x1e4
                0x08000000                        . = ALIGN (0x4)
 *(.isr_vector)
 .isr_vector    0x08000000      0x1e4 CMakeFiles/myCAR111.elf.dir/Core/Startup/startup_stm32f103zetx.s.obj
                0x08000000                g_pfnVectors
                0x080001e4                        . = ALIGN (0x4)

.text           0x080001e8     0x97f0
                0x080001e8                        . = ALIGN (0x4)
 *(.text)
 .text          0x080001e8       0xec D:/CLion_Tools/arm-none-eabi/13.3 rel1/bin/../lib/gcc/arm-none-eabi/13.3.1/thumb/v7-m/nofp\libc.a(libc_a-memcpy.o)
                0x080001e8                memcpy
 .text          0x080002d4      0x378 D:/CLion_Tools/arm-none-eabi/13.3 rel1/bin/../lib/gcc/arm-none-eabi/13.3.1/thumb/v7-m/nofp\libgcc.a(_arm_addsubdf3.o)
                0x080002d4                __aeabi_drsub
                0x080002dc                __aeabi_dsub
                0x080002dc                __subdf3
                0x080002e0                __aeabi_dadd
                0x080002e0                __adddf3
                0x08000558                __floatunsidf
                0x08000558                __aeabi_ui2d
                0x08000578                __floatsidf
                0x08000578                __aeabi_i2d
                0x0800059c                __aeabi_f2d
                0x0800059c                __extendsfdf2
                0x080005e0                __floatundidf
                0x080005e0                __aeabi_ul2d
                0x080005f0                __floatdidf
                0x080005f0                __aeabi_l2d
 .text          0x0800064c      0x424 D:/CLion_Tools/arm-none-eabi/13.3 rel1/bin/../lib/gcc/arm-none-eabi/13.3.1/thumb/v7-m/nofp\libgcc.a(_arm_muldivdf3.o)
                0x0800064c                __aeabi_dmul
                0x0800064c                __muldf3
                0x080008a0                __divdf3
                0x080008a0                __aeabi_ddiv
 .text          0x08000a70      0x110 D:/CLion_Tools/arm-none-eabi/13.3 rel1/bin/../lib/gcc/arm-none-eabi/13.3.1/thumb/v7-m/nofp\libgcc.a(_arm_cmpdf2.o)
                0x08000a70                __gtdf2
                0x08000a70                __gedf2
                0x08000a78                __ltdf2
                0x08000a78                __ledf2
                0x08000a80                __nedf2
                0x08000a80                __eqdf2
                0x08000a80                __cmpdf2
                0x08000afc                __aeabi_cdrcmple
                0x08000b0c                __aeabi_cdcmpeq
                0x08000b0c                __aeabi_cdcmple
                0x08000b1c                __aeabi_dcmpeq
                0x08000b30                __aeabi_dcmplt
                0x08000b44                __aeabi_dcmple
                0x08000b58                __aeabi_dcmpge
                0x08000b6c                __aeabi_dcmpgt
 .text          0x08000b80       0x2c D:/CLion_Tools/arm-none-eabi/13.3 rel1/bin/../lib/gcc/arm-none-eabi/13.3.1/thumb/v7-m/nofp\libgcc.a(_arm_unorddf2.o)
                0x08000b80                __unorddf2
                0x08000b80                __aeabi_dcmpun
 .text          0x08000bac       0x50 D:/CLion_Tools/arm-none-eabi/13.3 rel1/bin/../lib/gcc/arm-none-eabi/13.3.1/thumb/v7-m/nofp\libgcc.a(_arm_fixdfsi.o)
                0x08000bac                __aeabi_d2iz
                0x08000bac                __fixdfsi
 *(.text*)
 .text.deregister_tm_clones
                0x08000bfc       0x1c D:/CLion_Tools/arm-none-eabi/13.3 rel1/bin/../lib/gcc/arm-none-eabi/13.3.1/thumb/v7-m/nofp/crtbegin.o
 .text.register_tm_clones
                0x08000c18       0x24 D:/CLion_Tools/arm-none-eabi/13.3 rel1/bin/../lib/gcc/arm-none-eabi/13.3.1/thumb/v7-m/nofp/crtbegin.o
 .text.__do_global_dtors_aux
                0x08000c3c       0x28 D:/CLion_Tools/arm-none-eabi/13.3 rel1/bin/../lib/gcc/arm-none-eabi/13.3.1/thumb/v7-m/nofp/crtbegin.o
 .text.frame_dummy
                0x08000c64       0x24 D:/CLion_Tools/arm-none-eabi/13.3 rel1/bin/../lib/gcc/arm-none-eabi/13.3.1/thumb/v7-m/nofp/crtbegin.o
 .text.Delay_us
                0x08000c88       0x2c CMakeFiles/myCAR111.elf.dir/Core/Hardware/M_IR/M_IR.c.obj
                0x08000c88                Delay_us
 .text.DelayIr  0x08000cb4       0x16 CMakeFiles/myCAR111.elf.dir/Core/Hardware/M_IR/M_IR.c.obj
                0x08000cb4                DelayIr
 *fill*         0x08000cca        0x2 
 .text.IRIntIsr
                0x08000ccc      0x1e4 CMakeFiles/myCAR111.elf.dir/Core/Hardware/M_IR/M_IR.c.obj
                0x08000ccc                IRIntIsr
 .text.HAL_GPIO_EXTI_Callback
                0x08000eb0       0x10 CMakeFiles/myCAR111.elf.dir/Core/Hardware/M_IR/M_IR.c.obj
                0x08000eb0                HAL_GPIO_EXTI_Callback
 .text.getspeed
                0x08000ec0       0x22 CMakeFiles/myCAR111.elf.dir/Core/Hardware/M_MOTOR/M_MOTOR.c.obj
                0x08000ec0                getspeed
 *fill*         0x08000ee2        0x2 
 .text.motor_ctrl
                0x08000ee4       0xd0 CMakeFiles/myCAR111.elf.dir/Core/Hardware/M_MOTOR/M_MOTOR.c.obj
                0x08000ee4                motor_ctrl
 .text.HAL_TIM_PeriodElapsedCallback
                0x08000fb4       0x74 CMakeFiles/myCAR111.elf.dir/Core/Hardware/M_MOTOR/M_MOTOR.c.obj
                0x08000fb4                HAL_TIM_PeriodElapsedCallback
 .text.Avoid_obstacle
                0x08001028      0x108 CMakeFiles/myCAR111.elf.dir/Core/Hardware/M_MOTOR/M_MOTOR.c.obj
                0x08001028                Avoid_obstacle
 .text.auto_trace
                0x08001130      0x140 CMakeFiles/myCAR111.elf.dir/Core/Hardware/M_MOTOR/M_MOTOR.c.obj
                0x08001130                auto_trace
 .text.USART1_Print
                0x08001270       0x30 CMakeFiles/myCAR111.elf.dir/Core/Hardware/M_UART/M_UART.c.obj
                0x08001270                USART1_Print
 .text.HAL_UARTEx_RxEventCallback
                0x080012a0       0x5c CMakeFiles/myCAR111.elf.dir/Core/Hardware/M_UART/M_UART.c.obj
                0x080012a0                HAL_UARTEx_RxEventCallback
 .text.MX_DMA_Init
                0x080012fc       0x34 CMakeFiles/myCAR111.elf.dir/Core/Src/dma.c.obj
                0x080012fc                MX_DMA_Init
 .text.MX_GPIO_Init
                0x08001330      0x134 CMakeFiles/myCAR111.elf.dir/Core/Src/gpio.c.obj
                0x08001330                MX_GPIO_Init
 .text.mode_menu
                0x08001464      0x108 CMakeFiles/myCAR111.elf.dir/Core/Src/main.c.obj
                0x08001464                mode_menu
 .text.Error_Handler
                0x0800156c        0x4 CMakeFiles/myCAR111.elf.dir/Core/Src/main.c.obj
                0x0800156c                Error_Handler
 .text.SystemClock_Config
                0x08001570       0x64 CMakeFiles/myCAR111.elf.dir/Core/Src/main.c.obj
                0x08001570                SystemClock_Config
 .text.main     0x080015d4       0xb4 CMakeFiles/myCAR111.elf.dir/Core/Src/main.c.obj
                0x080015d4                main
 .text.HAL_MspInit
                0x08001688       0x44 CMakeFiles/myCAR111.elf.dir/Core/Src/stm32f1xx_hal_msp.c.obj
                0x08001688                HAL_MspInit
 .text.NMI_Handler
                0x080016cc        0x2 CMakeFiles/myCAR111.elf.dir/Core/Src/stm32f1xx_it.c.obj
                0x080016cc                NMI_Handler
 .text.HardFault_Handler
                0x080016ce        0x2 CMakeFiles/myCAR111.elf.dir/Core/Src/stm32f1xx_it.c.obj
                0x080016ce                HardFault_Handler
 .text.MemManage_Handler
                0x080016d0        0x2 CMakeFiles/myCAR111.elf.dir/Core/Src/stm32f1xx_it.c.obj
                0x080016d0                MemManage_Handler
 .text.BusFault_Handler
                0x080016d2        0x2 CMakeFiles/myCAR111.elf.dir/Core/Src/stm32f1xx_it.c.obj
                0x080016d2                BusFault_Handler
 .text.UsageFault_Handler
                0x080016d4        0x2 CMakeFiles/myCAR111.elf.dir/Core/Src/stm32f1xx_it.c.obj
                0x080016d4                UsageFault_Handler
 .text.SVC_Handler
                0x080016d6        0x2 CMakeFiles/myCAR111.elf.dir/Core/Src/stm32f1xx_it.c.obj
                0x080016d6                SVC_Handler
 .text.DebugMon_Handler
                0x080016d8        0x2 CMakeFiles/myCAR111.elf.dir/Core/Src/stm32f1xx_it.c.obj
                0x080016d8                DebugMon_Handler
 .text.PendSV_Handler
                0x080016da        0x2 CMakeFiles/myCAR111.elf.dir/Core/Src/stm32f1xx_it.c.obj
                0x080016da                PendSV_Handler
 .text.SysTick_Handler
                0x080016dc        0x8 CMakeFiles/myCAR111.elf.dir/Core/Src/stm32f1xx_it.c.obj
                0x080016dc                SysTick_Handler
 .text.DMA1_Channel5_IRQHandler
                0x080016e4       0x10 CMakeFiles/myCAR111.elf.dir/Core/Src/stm32f1xx_it.c.obj
                0x080016e4                DMA1_Channel5_IRQHandler
 .text.USART1_IRQHandler
                0x080016f4       0x10 CMakeFiles/myCAR111.elf.dir/Core/Src/stm32f1xx_it.c.obj
                0x080016f4                USART1_IRQHandler
 .text.EXTI15_10_IRQHandler
                0x08001704        0xc CMakeFiles/myCAR111.elf.dir/Core/Src/stm32f1xx_it.c.obj
                0x08001704                EXTI15_10_IRQHandler
 .text.TIM6_IRQHandler
                0x08001710       0x10 CMakeFiles/myCAR111.elf.dir/Core/Src/stm32f1xx_it.c.obj
                0x08001710                TIM6_IRQHandler
 .text.TIM7_IRQHandler
                0x08001720       0x10 CMakeFiles/myCAR111.elf.dir/Core/Src/stm32f1xx_it.c.obj
                0x08001720                TIM7_IRQHandler
 .text._getpid  0x08001730        0x4 CMakeFiles/myCAR111.elf.dir/Core/Src/syscalls.c.obj
                0x08001730                _getpid
 .text._kill    0x08001734       0x10 CMakeFiles/myCAR111.elf.dir/Core/Src/syscalls.c.obj
                0x08001734                _kill
 .text._exit    0x08001744        0xc CMakeFiles/myCAR111.elf.dir/Core/Src/syscalls.c.obj
                0x08001744                _exit
 .text._read    0x08001750       0x20 CMakeFiles/myCAR111.elf.dir/Core/Src/syscalls.c.obj
                0x08001750                _read
 .text._write   0x08001770       0x1c CMakeFiles/myCAR111.elf.dir/Core/Src/syscalls.c.obj
                0x08001770                _write
 .text._close   0x0800178c        0x6 CMakeFiles/myCAR111.elf.dir/Core/Src/syscalls.c.obj
                0x0800178c                _close
 .text._fstat   0x08001792        0xa CMakeFiles/myCAR111.elf.dir/Core/Src/syscalls.c.obj
                0x08001792                _fstat
 .text._isatty  0x0800179c        0x4 CMakeFiles/myCAR111.elf.dir/Core/Src/syscalls.c.obj
                0x0800179c                _isatty
 .text._lseek   0x080017a0        0x4 CMakeFiles/myCAR111.elf.dir/Core/Src/syscalls.c.obj
                0x080017a0                _lseek
 .text._sbrk    0x080017a4       0x48 CMakeFiles/myCAR111.elf.dir/Core/Src/sysmem.c.obj
                0x080017a4                _sbrk
 .text.SystemInit
                0x080017ec        0x2 CMakeFiles/myCAR111.elf.dir/Core/Src/system_stm32f1xx.c.obj
                0x080017ec                SystemInit
 *fill*         0x080017ee        0x2 
 .text.MX_TIM6_Init
                0x080017f0       0x50 CMakeFiles/myCAR111.elf.dir/Core/Src/tim.c.obj
                0x080017f0                MX_TIM6_Init
 .text.MX_TIM7_Init
                0x08001840       0x4c CMakeFiles/myCAR111.elf.dir/Core/Src/tim.c.obj
                0x08001840                MX_TIM7_Init
 .text.HAL_TIM_Base_MspInit
                0x0800188c       0x70 CMakeFiles/myCAR111.elf.dir/Core/Src/tim.c.obj
                0x0800188c                HAL_TIM_Base_MspInit
 .text.MX_USART1_UART_Init
                0x080018fc       0x34 CMakeFiles/myCAR111.elf.dir/Core/Src/usart.c.obj
                0x080018fc                MX_USART1_UART_Init
 .text.HAL_UART_MspInit
                0x08001930       0xbc CMakeFiles/myCAR111.elf.dir/Core/Src/usart.c.obj
                0x08001930                HAL_UART_MspInit
 .text.Reset_Handler
                0x080019ec       0x48 CMakeFiles/myCAR111.elf.dir/Core/Startup/startup_stm32f103zetx.s.obj
                0x080019ec                Reset_Handler
 .text.Default_Handler
                0x08001a34        0x2 CMakeFiles/myCAR111.elf.dir/Core/Startup/startup_stm32f103zetx.s.obj
                0x08001a34                RTC_Alarm_IRQHandler
                0x08001a34                EXTI2_IRQHandler
                0x08001a34                TIM8_TRG_COM_IRQHandler
                0x08001a34                TIM8_CC_IRQHandler
                0x08001a34                TIM1_CC_IRQHandler
                0x08001a34                PVD_IRQHandler
                0x08001a34                SDIO_IRQHandler
                0x08001a34                EXTI3_IRQHandler
                0x08001a34                EXTI0_IRQHandler
                0x08001a34                I2C2_EV_IRQHandler
                0x08001a34                ADC1_2_IRQHandler
                0x08001a34                SPI1_IRQHandler
                0x08001a34                TAMPER_IRQHandler
                0x08001a34                TIM8_UP_IRQHandler
                0x08001a34                DMA2_Channel2_IRQHandler
                0x08001a34                DMA1_Channel4_IRQHandler
                0x08001a34                USART3_IRQHandler
                0x08001a34                RTC_IRQHandler
                0x08001a34                DMA1_Channel7_IRQHandler
                0x08001a34                CAN1_RX1_IRQHandler
                0x08001a34                UART5_IRQHandler
                0x08001a34                ADC3_IRQHandler
                0x08001a34                TIM4_IRQHandler
                0x08001a34                DMA2_Channel1_IRQHandler
                0x08001a34                I2C1_EV_IRQHandler
                0x08001a34                DMA1_Channel6_IRQHandler
                0x08001a34                UART4_IRQHandler
                0x08001a34                TIM3_IRQHandler
                0x08001a34                RCC_IRQHandler
                0x08001a34                TIM1_TRG_COM_IRQHandler
                0x08001a34                DMA1_Channel1_IRQHandler
                0x08001a34                Default_Handler
                0x08001a34                TIM5_IRQHandler
                0x08001a34                EXTI9_5_IRQHandler
                0x08001a34                SPI2_IRQHandler
                0x08001a34                EXTI4_IRQHandler
                0x08001a34                USB_LP_CAN1_RX0_IRQHandler
                0x08001a34                USB_HP_CAN1_TX_IRQHandler
                0x08001a34                DMA1_Channel3_IRQHandler
                0x08001a34                FSMC_IRQHandler
                0x08001a34                TIM1_UP_IRQHandler
                0x08001a34                WWDG_IRQHandler
                0x08001a34                TIM2_IRQHandler
                0x08001a34                TIM1_BRK_IRQHandler
                0x08001a34                EXTI1_IRQHandler
                0x08001a34                DMA2_Channel4_5_IRQHandler
                0x08001a34                USART2_IRQHandler
                0x08001a34                I2C2_ER_IRQHandler
                0x08001a34                DMA1_Channel2_IRQHandler
                0x08001a34                TIM8_BRK_IRQHandler
                0x08001a34                CAN1_SCE_IRQHandler
                0x08001a34                FLASH_IRQHandler
                0x08001a34                SPI3_IRQHandler
                0x08001a34                I2C1_ER_IRQHandler
                0x08001a34                USBWakeUp_IRQHandler
                0x08001a34                DMA2_Channel3_IRQHandler
 *fill*         0x08001a36        0x2 
 .text.HAL_InitTick
                0x08001a38       0x4c CMakeFiles/myCAR111.elf.dir/Drivers/STM32F1xx_HAL_Driver/Src/stm32f1xx_hal.c.obj
                0x08001a38                HAL_InitTick
 .text.HAL_Init
                0x08001a84       0x24 CMakeFiles/myCAR111.elf.dir/Drivers/STM32F1xx_HAL_Driver/Src/stm32f1xx_hal.c.obj
                0x08001a84                HAL_Init
 .text.HAL_IncTick
                0x08001aa8       0x18 CMakeFiles/myCAR111.elf.dir/Drivers/STM32F1xx_HAL_Driver/Src/stm32f1xx_hal.c.obj
                0x08001aa8                HAL_IncTick
 .text.HAL_GetTick
                0x08001ac0        0xc CMakeFiles/myCAR111.elf.dir/Drivers/STM32F1xx_HAL_Driver/Src/stm32f1xx_hal.c.obj
                0x08001ac0                HAL_GetTick
 .text.HAL_Delay
                0x08001acc       0x28 CMakeFiles/myCAR111.elf.dir/Drivers/STM32F1xx_HAL_Driver/Src/stm32f1xx_hal.c.obj
                0x08001acc                HAL_Delay
 .text.__NVIC_SetPriority
                0x08001af4       0x28 CMakeFiles/myCAR111.elf.dir/Drivers/STM32F1xx_HAL_Driver/Src/stm32f1xx_hal_cortex.c.obj
 .text.NVIC_EncodePriority
                0x08001b1c       0x3e CMakeFiles/myCAR111.elf.dir/Drivers/STM32F1xx_HAL_Driver/Src/stm32f1xx_hal_cortex.c.obj
 *fill*         0x08001b5a        0x2 
 .text.HAL_NVIC_SetPriorityGrouping
                0x08001b5c       0x24 CMakeFiles/myCAR111.elf.dir/Drivers/STM32F1xx_HAL_Driver/Src/stm32f1xx_hal_cortex.c.obj
                0x08001b5c                HAL_NVIC_SetPriorityGrouping
 .text.HAL_NVIC_SetPriority
                0x08001b80       0x20 CMakeFiles/myCAR111.elf.dir/Drivers/STM32F1xx_HAL_Driver/Src/stm32f1xx_hal_cortex.c.obj
                0x08001b80                HAL_NVIC_SetPriority
 .text.HAL_NVIC_EnableIRQ
                0x08001ba0       0x1c CMakeFiles/myCAR111.elf.dir/Drivers/STM32F1xx_HAL_Driver/Src/stm32f1xx_hal_cortex.c.obj
                0x08001ba0                HAL_NVIC_EnableIRQ
 .text.HAL_SYSTICK_Config
                0x08001bbc       0x28 CMakeFiles/myCAR111.elf.dir/Drivers/STM32F1xx_HAL_Driver/Src/stm32f1xx_hal_cortex.c.obj
                0x08001bbc                HAL_SYSTICK_Config
 .text.DMA_SetConfig
                0x08001be4       0x2c CMakeFiles/myCAR111.elf.dir/Drivers/STM32F1xx_HAL_Driver/Src/stm32f1xx_hal_dma.c.obj
 .text.HAL_DMA_Init
                0x08001c10       0x94 CMakeFiles/myCAR111.elf.dir/Drivers/STM32F1xx_HAL_Driver/Src/stm32f1xx_hal_dma.c.obj
                0x08001c10                HAL_DMA_Init
 .text.HAL_DMA_Start_IT
                0x08001ca4       0x76 CMakeFiles/myCAR111.elf.dir/Drivers/STM32F1xx_HAL_Driver/Src/stm32f1xx_hal_dma.c.obj
                0x08001ca4                HAL_DMA_Start_IT
 .text.HAL_DMA_Abort
                0x08001d1a       0x46 CMakeFiles/myCAR111.elf.dir/Drivers/STM32F1xx_HAL_Driver/Src/stm32f1xx_hal_dma.c.obj
                0x08001d1a                HAL_DMA_Abort
 .text.HAL_DMA_Abort_IT
                0x08001d60      0x16c CMakeFiles/myCAR111.elf.dir/Drivers/STM32F1xx_HAL_Driver/Src/stm32f1xx_hal_dma.c.obj
                0x08001d60                HAL_DMA_Abort_IT
 .text.HAL_DMA_IRQHandler
                0x08001ecc      0x2ec CMakeFiles/myCAR111.elf.dir/Drivers/STM32F1xx_HAL_Driver/Src/stm32f1xx_hal_dma.c.obj
                0x08001ecc                HAL_DMA_IRQHandler
 .text.HAL_GPIO_Init
                0x080021b8      0x238 CMakeFiles/myCAR111.elf.dir/Drivers/STM32F1xx_HAL_Driver/Src/stm32f1xx_hal_gpio.c.obj
                0x080021b8                HAL_GPIO_Init
 .text.HAL_GPIO_ReadPin
                0x080023f0        0xe CMakeFiles/myCAR111.elf.dir/Drivers/STM32F1xx_HAL_Driver/Src/stm32f1xx_hal_gpio.c.obj
                0x080023f0                HAL_GPIO_ReadPin
 .text.HAL_GPIO_WritePin
                0x080023fe        0xc CMakeFiles/myCAR111.elf.dir/Drivers/STM32F1xx_HAL_Driver/Src/stm32f1xx_hal_gpio.c.obj
                0x080023fe                HAL_GPIO_WritePin
 .text.HAL_GPIO_TogglePin
                0x0800240a       0x12 CMakeFiles/myCAR111.elf.dir/Drivers/STM32F1xx_HAL_Driver/Src/stm32f1xx_hal_gpio.c.obj
                0x0800240a                HAL_GPIO_TogglePin
 .text.HAL_GPIO_EXTI_IRQHandler
                0x0800241c       0x1c CMakeFiles/myCAR111.elf.dir/Drivers/STM32F1xx_HAL_Driver/Src/stm32f1xx_hal_gpio.c.obj
                0x0800241c                HAL_GPIO_EXTI_IRQHandler
 .text.RCC_Delay
                0x08002438       0x2c CMakeFiles/myCAR111.elf.dir/Drivers/STM32F1xx_HAL_Driver/Src/stm32f1xx_hal_rcc.c.obj
 .text.HAL_RCC_OscConfig
                0x08002464      0x410 CMakeFiles/myCAR111.elf.dir/Drivers/STM32F1xx_HAL_Driver/Src/stm32f1xx_hal_rcc.c.obj
                0x08002464                HAL_RCC_OscConfig
 .text.HAL_RCC_GetSysClockFreq
                0x08002874       0x54 CMakeFiles/myCAR111.elf.dir/Drivers/STM32F1xx_HAL_Driver/Src/stm32f1xx_hal_rcc.c.obj
                0x08002874                HAL_RCC_GetSysClockFreq
 .text.HAL_RCC_ClockConfig
                0x080028c8      0x16c CMakeFiles/myCAR111.elf.dir/Drivers/STM32F1xx_HAL_Driver/Src/stm32f1xx_hal_rcc.c.obj
                0x080028c8                HAL_RCC_ClockConfig
 .text.HAL_RCC_GetHCLKFreq
                0x08002a34        0xc CMakeFiles/myCAR111.elf.dir/Drivers/STM32F1xx_HAL_Driver/Src/stm32f1xx_hal_rcc.c.obj
                0x08002a34                HAL_RCC_GetHCLKFreq
 .text.HAL_RCC_GetPCLK1Freq
                0x08002a40       0x20 CMakeFiles/myCAR111.elf.dir/Drivers/STM32F1xx_HAL_Driver/Src/stm32f1xx_hal_rcc.c.obj
                0x08002a40                HAL_RCC_GetPCLK1Freq
 .text.HAL_RCC_GetPCLK2Freq
                0x08002a60       0x20 CMakeFiles/myCAR111.elf.dir/Drivers/STM32F1xx_HAL_Driver/Src/stm32f1xx_hal_rcc.c.obj
                0x08002a60                HAL_RCC_GetPCLK2Freq
 .text.HAL_TIM_Base_Start
                0x08002a80       0x6c CMakeFiles/myCAR111.elf.dir/Drivers/STM32F1xx_HAL_Driver/Src/stm32f1xx_hal_tim.c.obj
                0x08002a80                HAL_TIM_Base_Start
 .text.HAL_TIM_Base_Stop
                0x08002aec       0x28 CMakeFiles/myCAR111.elf.dir/Drivers/STM32F1xx_HAL_Driver/Src/stm32f1xx_hal_tim.c.obj
                0x08002aec                HAL_TIM_Base_Stop
 .text.HAL_TIM_Base_Start_IT
                0x08002b14       0x78 CMakeFiles/myCAR111.elf.dir/Drivers/STM32F1xx_HAL_Driver/Src/stm32f1xx_hal_tim.c.obj
                0x08002b14                HAL_TIM_Base_Start_IT
 .text.HAL_TIM_OC_DelayElapsedCallback
                0x08002b8c        0x2 CMakeFiles/myCAR111.elf.dir/Drivers/STM32F1xx_HAL_Driver/Src/stm32f1xx_hal_tim.c.obj
                0x08002b8c                HAL_TIM_OC_DelayElapsedCallback
 .text.HAL_TIM_IC_CaptureCallback
                0x08002b8e        0x2 CMakeFiles/myCAR111.elf.dir/Drivers/STM32F1xx_HAL_Driver/Src/stm32f1xx_hal_tim.c.obj
                0x08002b8e                HAL_TIM_IC_CaptureCallback
 .text.HAL_TIM_PWM_PulseFinishedCallback
                0x08002b90        0x2 CMakeFiles/myCAR111.elf.dir/Drivers/STM32F1xx_HAL_Driver/Src/stm32f1xx_hal_tim.c.obj
                0x08002b90                HAL_TIM_PWM_PulseFinishedCallback
 .text.HAL_TIM_TriggerCallback
                0x08002b92        0x2 CMakeFiles/myCAR111.elf.dir/Drivers/STM32F1xx_HAL_Driver/Src/stm32f1xx_hal_tim.c.obj
                0x08002b92                HAL_TIM_TriggerCallback
 .text.HAL_TIM_IRQHandler
                0x08002b94      0x15e CMakeFiles/myCAR111.elf.dir/Drivers/STM32F1xx_HAL_Driver/Src/stm32f1xx_hal_tim.c.obj
                0x08002b94                HAL_TIM_IRQHandler
 *fill*         0x08002cf2        0x2 
 .text.TIM_Base_SetConfig
                0x08002cf4       0xa8 CMakeFiles/myCAR111.elf.dir/Drivers/STM32F1xx_HAL_Driver/Src/stm32f1xx_hal_tim.c.obj
                0x08002cf4                TIM_Base_SetConfig
 .text.HAL_TIM_Base_Init
                0x08002d9c       0x58 CMakeFiles/myCAR111.elf.dir/Drivers/STM32F1xx_HAL_Driver/Src/stm32f1xx_hal_tim.c.obj
                0x08002d9c                HAL_TIM_Base_Init
 .text.HAL_TIMEx_MasterConfigSynchronization
                0x08002df4       0x7c CMakeFiles/myCAR111.elf.dir/Drivers/STM32F1xx_HAL_Driver/Src/stm32f1xx_hal_tim_ex.c.obj
                0x08002df4                HAL_TIMEx_MasterConfigSynchronization
 .text.HAL_TIMEx_CommutCallback
                0x08002e70        0x2 CMakeFiles/myCAR111.elf.dir/Drivers/STM32F1xx_HAL_Driver/Src/stm32f1xx_hal_tim_ex.c.obj
                0x08002e70                HAL_TIMEx_CommutCallback
 .text.HAL_TIMEx_BreakCallback
                0x08002e72        0x2 CMakeFiles/myCAR111.elf.dir/Drivers/STM32F1xx_HAL_Driver/Src/stm32f1xx_hal_tim_ex.c.obj
                0x08002e72                HAL_TIMEx_BreakCallback
 .text.UART_EndTxTransfer
                0x08002e74       0x20 CMakeFiles/myCAR111.elf.dir/Drivers/STM32F1xx_HAL_Driver/Src/stm32f1xx_hal_uart.c.obj
 .text.UART_EndRxTransfer
                0x08002e94       0x5c CMakeFiles/myCAR111.elf.dir/Drivers/STM32F1xx_HAL_Driver/Src/stm32f1xx_hal_uart.c.obj
 .text.UART_Transmit_IT
                0x08002ef0       0x60 CMakeFiles/myCAR111.elf.dir/Drivers/STM32F1xx_HAL_Driver/Src/stm32f1xx_hal_uart.c.obj
 .text.UART_SetConfig
                0x08002f50       0x94 CMakeFiles/myCAR111.elf.dir/Drivers/STM32F1xx_HAL_Driver/Src/stm32f1xx_hal_uart.c.obj
 .text.UART_WaitOnFlagUntilTimeout
                0x08002fe4       0x86 CMakeFiles/myCAR111.elf.dir/Drivers/STM32F1xx_HAL_Driver/Src/stm32f1xx_hal_uart.c.obj
 .text.HAL_UART_Init
                0x0800306a       0x60 CMakeFiles/myCAR111.elf.dir/Drivers/STM32F1xx_HAL_Driver/Src/stm32f1xx_hal_uart.c.obj
                0x0800306a                HAL_UART_Init
 .text.HAL_UART_Transmit
                0x080030ca       0xcc CMakeFiles/myCAR111.elf.dir/Drivers/STM32F1xx_HAL_Driver/Src/stm32f1xx_hal_uart.c.obj
                0x080030ca                HAL_UART_Transmit
 .text.HAL_UART_TxCpltCallback
                0x08003196        0x2 CMakeFiles/myCAR111.elf.dir/Drivers/STM32F1xx_HAL_Driver/Src/stm32f1xx_hal_uart.c.obj
                0x08003196                HAL_UART_TxCpltCallback
 .text.UART_EndTransmit_IT
                0x08003198       0x1a CMakeFiles/myCAR111.elf.dir/Drivers/STM32F1xx_HAL_Driver/Src/stm32f1xx_hal_uart.c.obj
 .text.HAL_UART_RxCpltCallback
                0x080031b2        0x2 CMakeFiles/myCAR111.elf.dir/Drivers/STM32F1xx_HAL_Driver/Src/stm32f1xx_hal_uart.c.obj
                0x080031b2                HAL_UART_RxCpltCallback
 .text.HAL_UART_RxHalfCpltCallback
                0x080031b4        0x2 CMakeFiles/myCAR111.elf.dir/Drivers/STM32F1xx_HAL_Driver/Src/stm32f1xx_hal_uart.c.obj
                0x080031b4                HAL_UART_RxHalfCpltCallback
 .text.HAL_UART_ErrorCallback
                0x080031b6        0x2 CMakeFiles/myCAR111.elf.dir/Drivers/STM32F1xx_HAL_Driver/Src/stm32f1xx_hal_uart.c.obj
                0x080031b6                HAL_UART_ErrorCallback
 .text.UART_DMAError
                0x080031b8       0x58 CMakeFiles/myCAR111.elf.dir/Drivers/STM32F1xx_HAL_Driver/Src/stm32f1xx_hal_uart.c.obj
 .text.UART_DMAAbortOnError
                0x08003210       0x10 CMakeFiles/myCAR111.elf.dir/Drivers/STM32F1xx_HAL_Driver/Src/stm32f1xx_hal_uart.c.obj
 .text.UART_Receive_IT
                0x08003220       0xe6 CMakeFiles/myCAR111.elf.dir/Drivers/STM32F1xx_HAL_Driver/Src/stm32f1xx_hal_uart.c.obj
 *fill*         0x08003306        0x2 
 .text.HAL_UART_IRQHandler
                0x08003308      0x284 CMakeFiles/myCAR111.elf.dir/Drivers/STM32F1xx_HAL_Driver/Src/stm32f1xx_hal_uart.c.obj
                0x08003308                HAL_UART_IRQHandler
 .text.UART_DMARxHalfCplt
                0x0800358c       0x1e CMakeFiles/myCAR111.elf.dir/Drivers/STM32F1xx_HAL_Driver/Src/stm32f1xx_hal_uart.c.obj
 .text.UART_DMAReceiveCplt
                0x080035aa       0x9a CMakeFiles/myCAR111.elf.dir/Drivers/STM32F1xx_HAL_Driver/Src/stm32f1xx_hal_uart.c.obj
 .text.UART_Start_Receive_DMA
                0x08003644       0xa4 CMakeFiles/myCAR111.elf.dir/Drivers/STM32F1xx_HAL_Driver/Src/stm32f1xx_hal_uart.c.obj
                0x08003644                UART_Start_Receive_DMA
 .text.HAL_UARTEx_ReceiveToIdle_DMA
                0x080036e8       0x62 CMakeFiles/myCAR111.elf.dir/Drivers/STM32F1xx_HAL_Driver/Src/stm32f1xx_hal_uart.c.obj
                0x080036e8                HAL_UARTEx_ReceiveToIdle_DMA
 *fill*         0x0800374a        0x2 
 .text.atoi     0x0800374c        0x8 D:/CLion_Tools/arm-none-eabi/13.3 rel1/bin/../lib/gcc/arm-none-eabi/13.3.1/thumb/v7-m/nofp\libc.a(libc_a-atoi.o)
                0x0800374c                atoi
 .text._strtol_l.isra.0
                0x08003754      0x138 D:/CLion_Tools/arm-none-eabi/13.3 rel1/bin/../lib/gcc/arm-none-eabi/13.3.1/thumb/v7-m/nofp\libc.a(libc_a-strtol.o)
 .text.strtol   0x0800388c       0x1c D:/CLion_Tools/arm-none-eabi/13.3 rel1/bin/../lib/gcc/arm-none-eabi/13.3.1/thumb/v7-m/nofp\libc.a(libc_a-strtol.o)
                0x0800388c                strtol
 .text.stdio_exit_handler
                0x080038a8       0x18 D:/CLion_Tools/arm-none-eabi/13.3 rel1/bin/../lib/gcc/arm-none-eabi/13.3.1/thumb/v7-m/nofp\libc.a(libc_a-findfp.o)
 .text.cleanup_stdio
                0x080038c0       0x40 D:/CLion_Tools/arm-none-eabi/13.3 rel1/bin/../lib/gcc/arm-none-eabi/13.3.1/thumb/v7-m/nofp\libc.a(libc_a-findfp.o)
 .text.global_stdio_init.part.0
                0x08003900       0xf0 D:/CLion_Tools/arm-none-eabi/13.3 rel1/bin/../lib/gcc/arm-none-eabi/13.3.1/thumb/v7-m/nofp\libc.a(libc_a-findfp.o)
 .text.__sinit  0x080039f0       0x3c D:/CLion_Tools/arm-none-eabi/13.3 rel1/bin/../lib/gcc/arm-none-eabi/13.3.1/thumb/v7-m/nofp\libc.a(libc_a-findfp.o)
                0x080039f0                __sinit
 .text.__sfp_lock_acquire
                0x08003a2c        0xc D:/CLion_Tools/arm-none-eabi/13.3 rel1/bin/../lib/gcc/arm-none-eabi/13.3.1/thumb/v7-m/nofp\libc.a(libc_a-findfp.o)
                0x08003a2c                __sfp_lock_acquire
 .text.__sfp_lock_release
                0x08003a38        0xc D:/CLion_Tools/arm-none-eabi/13.3 rel1/bin/../lib/gcc/arm-none-eabi/13.3.1/thumb/v7-m/nofp\libc.a(libc_a-findfp.o)
                0x08003a38                __sfp_lock_release
 .text._fwalk_sglue
                0x08003a44       0x44 D:/CLion_Tools/arm-none-eabi/13.3 rel1/bin/../lib/gcc/arm-none-eabi/13.3.1/thumb/v7-m/nofp\libc.a(libc_a-fwalk.o)
                0x08003a44                _fwalk_sglue
 .text.__sread  0x08003a88       0x24 D:/CLion_Tools/arm-none-eabi/13.3 rel1/bin/../lib/gcc/arm-none-eabi/13.3.1/thumb/v7-m/nofp\libc.a(libc_a-stdio.o)
                0x08003a88                __sread
 .text.__swrite
                0x08003aac       0x40 D:/CLion_Tools/arm-none-eabi/13.3 rel1/bin/../lib/gcc/arm-none-eabi/13.3.1/thumb/v7-m/nofp\libc.a(libc_a-stdio.o)
                0x08003aac                __swrite
 .text.__sseek  0x08003aec       0x24 D:/CLion_Tools/arm-none-eabi/13.3 rel1/bin/../lib/gcc/arm-none-eabi/13.3.1/thumb/v7-m/nofp\libc.a(libc_a-stdio.o)
                0x08003aec                __sseek
 .text.__sclose
                0x08003b10        0x8 D:/CLion_Tools/arm-none-eabi/13.3 rel1/bin/../lib/gcc/arm-none-eabi/13.3.1/thumb/v7-m/nofp\libc.a(libc_a-stdio.o)
                0x08003b10                __sclose
 .text.vsnprintf
                0x08003b18       0x74 D:/CLion_Tools/arm-none-eabi/13.3 rel1/bin/../lib/gcc/arm-none-eabi/13.3.1/thumb/v7-m/nofp\libc.a(libc_a-vsnprintf.o)
                0x08003b18                vsnprintf
 .text.memset   0x08003b8c       0xa0 D:/CLion_Tools/arm-none-eabi/13.3 rel1/bin/../lib/gcc/arm-none-eabi/13.3.1/thumb/v7-m/nofp\libc.a(libc_a-memset.o)
                0x08003b8c                memset
 .text._close_r
                0x08003c2c       0x24 D:/CLion_Tools/arm-none-eabi/13.3 rel1/bin/../lib/gcc/arm-none-eabi/13.3.1/thumb/v7-m/nofp\libc.a(libc_a-closer.o)
                0x08003c2c                _close_r
 .text._lseek_r
                0x08003c50       0x2c D:/CLion_Tools/arm-none-eabi/13.3 rel1/bin/../lib/gcc/arm-none-eabi/13.3.1/thumb/v7-m/nofp\libc.a(libc_a-lseekr.o)
                0x08003c50                _lseek_r
 .text._read_r  0x08003c7c       0x2c D:/CLion_Tools/arm-none-eabi/13.3 rel1/bin/../lib/gcc/arm-none-eabi/13.3.1/thumb/v7-m/nofp\libc.a(libc_a-readr.o)
                0x08003c7c                _read_r
 .text._write_r
                0x08003ca8       0x2c D:/CLion_Tools/arm-none-eabi/13.3 rel1/bin/../lib/gcc/arm-none-eabi/13.3.1/thumb/v7-m/nofp\libc.a(libc_a-writer.o)
                0x08003ca8                _write_r
 .text.__errno  0x08003cd4        0xc D:/CLion_Tools/arm-none-eabi/13.3 rel1/bin/../lib/gcc/arm-none-eabi/13.3.1/thumb/v7-m/nofp\libc.a(libc_a-errno.o)
                0x08003cd4                __errno
 .text.__libc_init_array
                0x08003ce0       0x50 D:/CLion_Tools/arm-none-eabi/13.3 rel1/bin/../lib/gcc/arm-none-eabi/13.3.1/thumb/v7-m/nofp\libc.a(libc_a-init.o)
                0x08003ce0                __libc_init_array
 .text.__retarget_lock_init_recursive
                0x08003d30        0x4 D:/CLion_Tools/arm-none-eabi/13.3 rel1/bin/../lib/gcc/arm-none-eabi/13.3.1/thumb/v7-m/nofp\libc.a(libc_a-lock.o)
                0x08003d30                __retarget_lock_init_recursive
 .text.__retarget_lock_close_recursive
                0x08003d34        0x4 D:/CLion_Tools/arm-none-eabi/13.3 rel1/bin/../lib/gcc/arm-none-eabi/13.3.1/thumb/v7-m/nofp\libc.a(libc_a-lock.o)
                0x08003d34                __retarget_lock_close_recursive
 .text.__retarget_lock_acquire_recursive
                0x08003d38        0x4 D:/CLion_Tools/arm-none-eabi/13.3 rel1/bin/../lib/gcc/arm-none-eabi/13.3.1/thumb/v7-m/nofp\libc.a(libc_a-lock.o)
                0x08003d38                __retarget_lock_acquire_recursive
 .text.__retarget_lock_release_recursive
                0x08003d3c        0x4 D:/CLion_Tools/arm-none-eabi/13.3 rel1/bin/../lib/gcc/arm-none-eabi/13.3.1/thumb/v7-m/nofp\libc.a(libc_a-lock.o)
                0x08003d3c                __retarget_lock_release_recursive
 .text.strlen   0x08003d40       0x5c D:/CLion_Tools/arm-none-eabi/13.3 rel1/bin/../lib/gcc/arm-none-eabi/13.3.1/thumb/v7-m/nofp\libc.a(libc_a-strlen-stub.o)
                0x08003d40                strlen
 .text.startup.register_fini
                0x08003d9c       0x14 D:/CLion_Tools/arm-none-eabi/13.3 rel1/bin/../lib/gcc/arm-none-eabi/13.3.1/thumb/v7-m/nofp\libc.a(libc_a-__call_atexit.o)
 .text.atexit   0x08003db0        0xc D:/CLion_Tools/arm-none-eabi/13.3 rel1/bin/../lib/gcc/arm-none-eabi/13.3.1/thumb/v7-m/nofp\libc.a(libc_a-atexit.o)
                0x08003db0                atexit
 .text._malloc_trim_r
                0x08003dbc       0xb8 D:/CLion_Tools/arm-none-eabi/13.3 rel1/bin/../lib/gcc/arm-none-eabi/13.3.1/thumb/v7-m/nofp\libc.a(libc_a-freer.o)
                0x08003dbc                _malloc_trim_r
 .text._free_r  0x08003e74      0x1f8 D:/CLion_Tools/arm-none-eabi/13.3 rel1/bin/../lib/gcc/arm-none-eabi/13.3.1/thumb/v7-m/nofp\libc.a(libc_a-freer.o)
                0x08003e74                _free_r
 .text._malloc_r
                0x0800406c      0x568 D:/CLion_Tools/arm-none-eabi/13.3 rel1/bin/../lib/gcc/arm-none-eabi/13.3.1/thumb/v7-m/nofp\libc.a(libc_a-mallocr.o)
                0x0800406c                _malloc_r
 .text.__malloc_lock
                0x080045d4        0xc D:/CLion_Tools/arm-none-eabi/13.3 rel1/bin/../lib/gcc/arm-none-eabi/13.3.1/thumb/v7-m/nofp\libc.a(libc_a-mlock.o)
                0x080045d4                __malloc_lock
 .text.__malloc_unlock
                0x080045e0        0xc D:/CLion_Tools/arm-none-eabi/13.3 rel1/bin/../lib/gcc/arm-none-eabi/13.3.1/thumb/v7-m/nofp\libc.a(libc_a-mlock.o)
                0x080045e0                __malloc_unlock
 .text._svfprintf_r
                0x080045ec     0x1b2c D:/CLion_Tools/arm-none-eabi/13.3 rel1/bin/../lib/gcc/arm-none-eabi/13.3.1/thumb/v7-m/nofp\libc.a(libc_a-svfprintf.o)
                0x080045ec                _svfprintf_r
 .text.__ssprint_r
                0x08006118       0x58 D:/CLion_Tools/arm-none-eabi/13.3 rel1/bin/../lib/gcc/arm-none-eabi/13.3.1/thumb/v7-m/nofp\libc.a(libc_a-ssprint_r.o)
                0x08006118                __ssprint_r
 .text._fclose_r
                0x08006170       0xc0 D:/CLion_Tools/arm-none-eabi/13.3 rel1/bin/../lib/gcc/arm-none-eabi/13.3.1/thumb/v7-m/nofp\libc.a(libc_a-fclose.o)
                0x08006170                _fclose_r
 .text.__sflush_r
                0x08006230      0x128 D:/CLion_Tools/arm-none-eabi/13.3 rel1/bin/../lib/gcc/arm-none-eabi/13.3.1/thumb/v7-m/nofp\libc.a(libc_a-fflush.o)
                0x08006230                __sflush_r
 .text._fflush_r
                0x08006358       0x54 D:/CLion_Tools/arm-none-eabi/13.3 rel1/bin/../lib/gcc/arm-none-eabi/13.3.1/thumb/v7-m/nofp\libc.a(libc_a-fflush.o)
                0x08006358                _fflush_r
 .text.strncpy  0x080063ac       0x6c D:/CLion_Tools/arm-none-eabi/13.3 rel1/bin/../lib/gcc/arm-none-eabi/13.3.1/thumb/v7-m/nofp\libc.a(libc_a-strncpy.o)
                0x080063ac                strncpy
 .text.__locale_mb_cur_max
                0x08006418        0xc D:/CLion_Tools/arm-none-eabi/13.3 rel1/bin/../lib/gcc/arm-none-eabi/13.3.1/thumb/v7-m/nofp\libc.a(libc_a-locale.o)
                0x08006418                __locale_mb_cur_max
 .text._localeconv_r
                0x08006424        0x8 D:/CLion_Tools/arm-none-eabi/13.3 rel1/bin/../lib/gcc/arm-none-eabi/13.3.1/thumb/v7-m/nofp\libc.a(libc_a-localeconv.o)
                0x08006424                _localeconv_r
 .text._sbrk_r  0x0800642c       0x24 D:/CLion_Tools/arm-none-eabi/13.3 rel1/bin/../lib/gcc/arm-none-eabi/13.3.1/thumb/v7-m/nofp\libc.a(libc_a-sbrkr.o)
                0x0800642c                _sbrk_r
 .text.__libc_fini_array
                0x08006450       0x28 D:/CLion_Tools/arm-none-eabi/13.3 rel1/bin/../lib/gcc/arm-none-eabi/13.3.1/thumb/v7-m/nofp\libc.a(libc_a-fini.o)
                0x08006450                __libc_fini_array
 .text.sysconf  0x08006478       0x1c D:/CLion_Tools/arm-none-eabi/13.3 rel1/bin/../lib/gcc/arm-none-eabi/13.3.1/thumb/v7-m/nofp\libc.a(libc_a-sysconf.o)
                0x08006478                sysconf
 .text.memchr   0x08006494       0x98 D:/CLion_Tools/arm-none-eabi/13.3 rel1/bin/../lib/gcc/arm-none-eabi/13.3.1/thumb/v7-m/nofp\libc.a(libc_a-memchr-stub.o)
                0x08006494                memchr
 .text.frexp    0x0800652c       0x6c D:/CLion_Tools/arm-none-eabi/13.3 rel1/bin/../lib/gcc/arm-none-eabi/13.3.1/thumb/v7-m/nofp\libc.a(libm_a-s_frexp.o)
                0x0800652c                frexp
 .text.__register_exitproc
                0x08006598       0x80 D:/CLion_Tools/arm-none-eabi/13.3 rel1/bin/../lib/gcc/arm-none-eabi/13.3.1/thumb/v7-m/nofp\libc.a(libc_a-__atexit.o)
                0x08006598                __register_exitproc
 .text.quorem   0x08006618      0x13c D:/CLion_Tools/arm-none-eabi/13.3 rel1/bin/../lib/gcc/arm-none-eabi/13.3.1/thumb/v7-m/nofp\libc.a(libc_a-dtoa.o)
 *fill*         0x08006754        0x4 
 .text._dtoa_r  0x08006758      0xe94 D:/CLion_Tools/arm-none-eabi/13.3 rel1/bin/../lib/gcc/arm-none-eabi/13.3.1/thumb/v7-m/nofp\libc.a(libc_a-dtoa.o)
                0x08006758                _dtoa_r
 .text.__ascii_mbtowc
                0x080075ec       0x2c D:/CLion_Tools/arm-none-eabi/13.3 rel1/bin/../lib/gcc/arm-none-eabi/13.3.1/thumb/v7-m/nofp\libc.a(libc_a-mbtowc_r.o)
                0x080075ec                __ascii_mbtowc
 .text._Balloc  0x08007618       0x4c D:/CLion_Tools/arm-none-eabi/13.3 rel1/bin/../lib/gcc/arm-none-eabi/13.3.1/thumb/v7-m/nofp\libc.a(libc_a-mprec.o)
                0x08007618                _Balloc
 .text._Bfree   0x08007664       0x14 D:/CLion_Tools/arm-none-eabi/13.3 rel1/bin/../lib/gcc/arm-none-eabi/13.3.1/thumb/v7-m/nofp\libc.a(libc_a-mprec.o)
                0x08007664                _Bfree
 .text.__multadd
                0x08007678       0xa4 D:/CLion_Tools/arm-none-eabi/13.3 rel1/bin/../lib/gcc/arm-none-eabi/13.3.1/thumb/v7-m/nofp\libc.a(libc_a-mprec.o)
                0x08007678                __multadd
 .text.__hi0bits
                0x0800771c       0x44 D:/CLion_Tools/arm-none-eabi/13.3 rel1/bin/../lib/gcc/arm-none-eabi/13.3.1/thumb/v7-m/nofp\libc.a(libc_a-mprec.o)
                0x0800771c                __hi0bits
 .text.__lo0bits
                0x08007760       0x5c D:/CLion_Tools/arm-none-eabi/13.3 rel1/bin/../lib/gcc/arm-none-eabi/13.3.1/thumb/v7-m/nofp\libc.a(libc_a-mprec.o)
                0x08007760                __lo0bits
 .text.__i2b    0x080077bc       0x5c D:/CLion_Tools/arm-none-eabi/13.3 rel1/bin/../lib/gcc/arm-none-eabi/13.3.1/thumb/v7-m/nofp\libc.a(libc_a-mprec.o)
                0x080077bc                __i2b
 .text.__multiply
                0x08007818      0x164 D:/CLion_Tools/arm-none-eabi/13.3 rel1/bin/../lib/gcc/arm-none-eabi/13.3.1/thumb/v7-m/nofp\libc.a(libc_a-mprec.o)
                0x08007818                __multiply
 .text.__pow5mult
                0x0800797c       0xb4 D:/CLion_Tools/arm-none-eabi/13.3 rel1/bin/../lib/gcc/arm-none-eabi/13.3.1/thumb/v7-m/nofp\libc.a(libc_a-mprec.o)
                0x0800797c                __pow5mult
 .text.__lshift
                0x08007a30       0xec D:/CLion_Tools/arm-none-eabi/13.3 rel1/bin/../lib/gcc/arm-none-eabi/13.3.1/thumb/v7-m/nofp\libc.a(libc_a-mprec.o)
                0x08007a30                __lshift
 .text.__mcmp   0x08007b1c       0x40 D:/CLion_Tools/arm-none-eabi/13.3 rel1/bin/../lib/gcc/arm-none-eabi/13.3.1/thumb/v7-m/nofp\libc.a(libc_a-mprec.o)
                0x08007b1c                __mcmp
 .text.__mdiff  0x08007b5c      0x178 D:/CLion_Tools/arm-none-eabi/13.3 rel1/bin/../lib/gcc/arm-none-eabi/13.3.1/thumb/v7-m/nofp\libc.a(libc_a-mprec.o)
                0x08007b5c                __mdiff
 .text.__d2b    0x08007cd4       0xbc D:/CLion_Tools/arm-none-eabi/13.3 rel1/bin/../lib/gcc/arm-none-eabi/13.3.1/thumb/v7-m/nofp\libc.a(libc_a-mprec.o)
                0x08007cd4                __d2b
 .text.__ascii_wctomb
                0x08007d90       0x1c D:/CLion_Tools/arm-none-eabi/13.3 rel1/bin/../lib/gcc/arm-none-eabi/13.3.1/thumb/v7-m/nofp\libc.a(libc_a-wctomb_r.o)
                0x08007d90                __ascii_wctomb
 .text._wcrtomb_r
                0x08007dac       0x4c D:/CLion_Tools/arm-none-eabi/13.3 rel1/bin/../lib/gcc/arm-none-eabi/13.3.1/thumb/v7-m/nofp\libc.a(libc_a-wcrtomb.o)
                0x08007dac                _wcrtomb_r
 .text._wcsrtombs_r
                0x08007df8       0x18 D:/CLion_Tools/arm-none-eabi/13.3 rel1/bin/../lib/gcc/arm-none-eabi/13.3.1/thumb/v7-m/nofp\libc.a(libc_a-wcsrtombs.o)
                0x08007df8                _wcsrtombs_r
 .text.__ssputs_r
                0x08007e10       0xc0 D:/CLion_Tools/arm-none-eabi/13.3 rel1/bin/../lib/gcc/arm-none-eabi/13.3.1/thumb/v7-m/nofp\libc.a(libc_a-ssputs_r.o)
                0x08007e10                __ssputs_r
 .text.memmove  0x08007ed0       0xfc D:/CLion_Tools/arm-none-eabi/13.3 rel1/bin/../lib/gcc/arm-none-eabi/13.3.1/thumb/v7-m/nofp\libc.a(libc_a-memmove.o)
                0x08007ed0                memmove
 .text.__assert_func
                0x08007fcc       0x40 D:/CLion_Tools/arm-none-eabi/13.3 rel1/bin/../lib/gcc/arm-none-eabi/13.3.1/thumb/v7-m/nofp\libc.a(libc_a-assert.o)
                0x08007fcc                __assert_func
 .text._calloc_r
                0x0800800c       0x6c D:/CLion_Tools/arm-none-eabi/13.3 rel1/bin/../lib/gcc/arm-none-eabi/13.3.1/thumb/v7-m/nofp\libc.a(libc_a-callocr.o)
                0x0800800c                _calloc_r
 .text._realloc_r
                0x08008078      0x34c D:/CLion_Tools/arm-none-eabi/13.3 rel1/bin/../lib/gcc/arm-none-eabi/13.3.1/thumb/v7-m/nofp\libc.a(libc_a-reallocr.o)
                0x08008078                _realloc_r
 .text._wcsnrtombs_l
                0x080083c4       0xec D:/CLion_Tools/arm-none-eabi/13.3 rel1/bin/../lib/gcc/arm-none-eabi/13.3.1/thumb/v7-m/nofp\libc.a(libc_a-wcsnrtombs.o)
                0x080083c4                _wcsnrtombs_l
 .text._wcsnrtombs_r
                0x080084b0       0x24 D:/CLion_Tools/arm-none-eabi/13.3 rel1/bin/../lib/gcc/arm-none-eabi/13.3.1/thumb/v7-m/nofp\libc.a(libc_a-wcsnrtombs.o)
                0x080084b0                _wcsnrtombs_r
 .text.fiprintf
                0x080084d4       0x28 D:/CLion_Tools/arm-none-eabi/13.3 rel1/bin/../lib/gcc/arm-none-eabi/13.3.1/thumb/v7-m/nofp\libc.a(libc_a-fiprintf.o)
                0x080084d4                fiprintf
 .text._vfiprintf_r
                0x080084fc      0xeb8 D:/CLion_Tools/arm-none-eabi/13.3 rel1/bin/../lib/gcc/arm-none-eabi/13.3.1/thumb/v7-m/nofp\libc.a(libc_a-vfiprintf.o)
                0x080084fc                _vfiprintf_r
 .text.__sbprintf
                0x080093b4       0x80 D:/CLion_Tools/arm-none-eabi/13.3 rel1/bin/../lib/gcc/arm-none-eabi/13.3.1/thumb/v7-m/nofp\libc.a(libc_a-vfiprintf.o)
 .text.__sprint_r
                0x08009434       0x20 D:/CLion_Tools/arm-none-eabi/13.3 rel1/bin/../lib/gcc/arm-none-eabi/13.3.1/thumb/v7-m/nofp\libc.a(libc_a-sprint_r.o)
                0x08009434                __sprint_r
 .text.__sfvwrite_r
                0x08009454      0x2ec D:/CLion_Tools/arm-none-eabi/13.3 rel1/bin/../lib/gcc/arm-none-eabi/13.3.1/thumb/v7-m/nofp\libc.a(libc_a-fvwrite.o)
                0x08009454                __sfvwrite_r
 .text.__swsetup_r
                0x08009740       0xc4 D:/CLion_Tools/arm-none-eabi/13.3 rel1/bin/../lib/gcc/arm-none-eabi/13.3.1/thumb/v7-m/nofp\libc.a(libc_a-wsetup.o)
                0x08009740                __swsetup_r
 .text.abort    0x08009804       0x10 D:/CLion_Tools/arm-none-eabi/13.3 rel1/bin/../lib/gcc/arm-none-eabi/13.3.1/thumb/v7-m/nofp\libc.a(libc_a-abort.o)
                0x08009804                abort
 .text.__smakebuf_r
                0x08009814       0xdc D:/CLion_Tools/arm-none-eabi/13.3 rel1/bin/../lib/gcc/arm-none-eabi/13.3.1/thumb/v7-m/nofp\libc.a(libc_a-makebuf.o)
                0x08009814                __smakebuf_r
 .text.raise    0x080098f0       0x58 D:/CLion_Tools/arm-none-eabi/13.3 rel1/bin/../lib/gcc/arm-none-eabi/13.3.1/thumb/v7-m/nofp\libc.a(libc_a-signal.o)
                0x080098f0                raise
 .text._fstat_r
                0x08009948       0x28 D:/CLion_Tools/arm-none-eabi/13.3 rel1/bin/../lib/gcc/arm-none-eabi/13.3.1/thumb/v7-m/nofp\libc.a(libc_a-fstatr.o)
                0x08009948                _fstat_r
 .text._isatty_r
                0x08009970       0x24 D:/CLion_Tools/arm-none-eabi/13.3 rel1/bin/../lib/gcc/arm-none-eabi/13.3.1/thumb/v7-m/nofp\libc.a(libc_a-isattyr.o)
                0x08009970                _isatty_r
 .text._kill_r  0x08009994       0x28 D:/CLion_Tools/arm-none-eabi/13.3 rel1/bin/../lib/gcc/arm-none-eabi/13.3.1/thumb/v7-m/nofp\libc.a(libc_a-signalr.o)
                0x08009994                _kill_r
 .text._getpid_r
                0x080099bc        0x4 D:/CLion_Tools/arm-none-eabi/13.3 rel1/bin/../lib/gcc/arm-none-eabi/13.3.1/thumb/v7-m/nofp\libc.a(libc_a-signalr.o)
                0x080099bc                _getpid_r
 *(.glue_7)
 .glue_7        0x080099c0        0x0 linker stubs
 *(.glue_7t)
 .glue_7t       0x080099c0        0x0 linker stubs
 *(.eh_frame)
 .eh_frame      0x080099c0        0x0 D:/CLion_Tools/arm-none-eabi/13.3 rel1/bin/../lib/gcc/arm-none-eabi/13.3.1/thumb/v7-m/nofp/crtbegin.o
 *(.init)
 .init          0x080099c0        0x4 D:/CLion_Tools/arm-none-eabi/13.3 rel1/bin/../lib/gcc/arm-none-eabi/13.3.1/thumb/v7-m/nofp/crti.o
                0x080099c0                _init
 .init          0x080099c4        0x8 D:/CLion_Tools/arm-none-eabi/13.3 rel1/bin/../lib/gcc/arm-none-eabi/13.3.1/thumb/v7-m/nofp/crtn.o
 *(.fini)
 .fini          0x080099cc        0x4 D:/CLion_Tools/arm-none-eabi/13.3 rel1/bin/../lib/gcc/arm-none-eabi/13.3.1/thumb/v7-m/nofp/crti.o
                0x080099cc                _fini
 .fini          0x080099d0        0x8 D:/CLion_Tools/arm-none-eabi/13.3 rel1/bin/../lib/gcc/arm-none-eabi/13.3.1/thumb/v7-m/nofp/crtn.o
                0x080099d8                        . = ALIGN (0x4)
                0x080099d8                        _etext = .

.vfp11_veneer   0x080099d8        0x0
 .vfp11_veneer  0x080099d8        0x0 linker stubs

.v4_bx          0x080099d8        0x0
 .v4_bx         0x080099d8        0x0 linker stubs

.iplt           0x080099d8        0x0
 .iplt          0x080099d8        0x0 D:/CLion_Tools/arm-none-eabi/13.3 rel1/bin/../lib/gcc/arm-none-eabi/13.3.1/thumb/v7-m/nofp/crtbegin.o

.rodata         0x080099d8      0x440
                0x080099d8                        . = ALIGN (0x4)
 *(.rodata)
 *(.rodata*)
 .rodata.mode_menu.str1.4
                0x080099d8      0x1d3 CMakeFiles/myCAR111.elf.dir/Core/Src/main.c.obj
                                 0x2b (size before relaxing)
 *fill*         0x08009bab        0x1 
 .rodata.APBPrescTable
                0x08009bac        0x8 CMakeFiles/myCAR111.elf.dir/Core/Src/system_stm32f1xx.c.obj
                0x08009bac                APBPrescTable
 .rodata.AHBPrescTable
                0x08009bb4       0x10 CMakeFiles/myCAR111.elf.dir/Core/Src/system_stm32f1xx.c.obj
                0x08009bb4                AHBPrescTable
 .rodata.aPredivFactorTable.0
                0x08009bc4        0x2 CMakeFiles/myCAR111.elf.dir/Drivers/STM32F1xx_HAL_Driver/Src/stm32f1xx_hal_rcc.c.obj
 *fill*         0x08009bc6        0x2 
 .rodata.aPLLMULFactorTable.1
                0x08009bc8       0x10 CMakeFiles/myCAR111.elf.dir/Drivers/STM32F1xx_HAL_Driver/Src/stm32f1xx_hal_rcc.c.obj
 .rodata._ctype_
                0x08009bd8      0x101 D:/CLion_Tools/arm-none-eabi/13.3 rel1/bin/../lib/gcc/arm-none-eabi/13.3.1/thumb/v7-m/nofp\libc.a(libc_a-ctype_.o)
                0x08009bd8                _ctype_
 .rodata._svfprintf_r.str1.4
                0x08009cd9       0x42 D:/CLion_Tools/arm-none-eabi/13.3 rel1/bin/../lib/gcc/arm-none-eabi/13.3.1/thumb/v7-m/nofp\libc.a(libc_a-svfprintf.o)
 *fill*         0x08009cd9        0x3 
 .rodata.zeroes.0
                0x08009cdc       0x10 D:/CLion_Tools/arm-none-eabi/13.3 rel1/bin/../lib/gcc/arm-none-eabi/13.3.1/thumb/v7-m/nofp\libc.a(libc_a-svfprintf.o)
 .rodata.blanks.1
                0x08009cec       0x10 D:/CLion_Tools/arm-none-eabi/13.3 rel1/bin/../lib/gcc/arm-none-eabi/13.3.1/thumb/v7-m/nofp\libc.a(libc_a-svfprintf.o)
 .rodata.str1.4
                0x08009cfc       0x4c D:/CLion_Tools/arm-none-eabi/13.3 rel1/bin/../lib/gcc/arm-none-eabi/13.3.1/thumb/v7-m/nofp\libc.a(libc_a-locale.o)
 .rodata._dtoa_r.str1.4
                0x08009cfc       0x81 D:/CLion_Tools/arm-none-eabi/13.3 rel1/bin/../lib/gcc/arm-none-eabi/13.3.1/thumb/v7-m/nofp\libc.a(libc_a-dtoa.o)
 .rodata.__multadd.str1.4
                0x08009cfc       0x6e D:/CLion_Tools/arm-none-eabi/13.3 rel1/bin/../lib/gcc/arm-none-eabi/13.3.1/thumb/v7-m/nofp\libc.a(libc_a-mprec.o)
 .rodata.p05.0  0x08009cfc        0xc D:/CLion_Tools/arm-none-eabi/13.3 rel1/bin/../lib/gcc/arm-none-eabi/13.3.1/thumb/v7-m/nofp\libc.a(libc_a-mprec.o)
 .rodata.__mprec_bigtens
                0x08009d08       0x28 D:/CLion_Tools/arm-none-eabi/13.3 rel1/bin/../lib/gcc/arm-none-eabi/13.3.1/thumb/v7-m/nofp\libc.a(libc_a-mprec.o)
                0x08009d08                __mprec_bigtens
 .rodata.__mprec_tens
                0x08009d30       0xc8 D:/CLion_Tools/arm-none-eabi/13.3 rel1/bin/../lib/gcc/arm-none-eabi/13.3.1/thumb/v7-m/nofp\libc.a(libc_a-mprec.o)
                0x08009d30                __mprec_tens
 .rodata.__assert_func.str1.4
                0x08009df8       0x43 D:/CLion_Tools/arm-none-eabi/13.3 rel1/bin/../lib/gcc/arm-none-eabi/13.3.1/thumb/v7-m/nofp\libc.a(libc_a-assert.o)
 .rodata._vfiprintf_r.str1.4
                0x08009df8       0x2f D:/CLion_Tools/arm-none-eabi/13.3 rel1/bin/../lib/gcc/arm-none-eabi/13.3.1/thumb/v7-m/nofp\libc.a(libc_a-vfiprintf.o)
 .rodata.zeroes.0
                0x08009df8       0x10 D:/CLion_Tools/arm-none-eabi/13.3 rel1/bin/../lib/gcc/arm-none-eabi/13.3.1/thumb/v7-m/nofp\libc.a(libc_a-vfiprintf.o)
 .rodata.blanks.1
                0x08009e08       0x10 D:/CLion_Tools/arm-none-eabi/13.3 rel1/bin/../lib/gcc/arm-none-eabi/13.3.1/thumb/v7-m/nofp\libc.a(libc_a-vfiprintf.o)
                0x08009e3c                        . = ALIGN (0x4)

.ARM.extab      0x08009e18        0x0
                0x08009e18                        . = ALIGN (0x4)
 *(.ARM.extab* .gnu.linkonce.armextab.*)
                0x08009e18                        . = ALIGN (0x4)

.ARM            0x08009e18        0x8
                0x08009e18                        . = ALIGN (0x4)
                0x08009e18                        __exidx_start = .
 *(.ARM.exidx*)
 .ARM.exidx     0x08009e18        0x8 D:/CLion_Tools/arm-none-eabi/13.3 rel1/bin/../lib/gcc/arm-none-eabi/13.3.1/thumb/v7-m/nofp\libc.a(libc_a-memcpy.o)
                0x08009e20                        __exidx_end = .
                0x08009e20                        . = ALIGN (0x4)

.preinit_array  0x08009e20        0x0
                0x08009e20                        . = ALIGN (0x4)
                0x08009e20                        PROVIDE (__preinit_array_start = .)
 *(.preinit_array*)
                0x08009e20                        PROVIDE (__preinit_array_end = .)
                0x08009e20                        . = ALIGN (0x4)

.init_array     0x08009e20        0x8
                0x08009e20                        . = ALIGN (0x4)
                0x08009e20                        PROVIDE (__init_array_start = .)
 *(SORT_BY_NAME(.init_array.*))
 .init_array.00000
                0x08009e20        0x4 D:/CLion_Tools/arm-none-eabi/13.3 rel1/bin/../lib/gcc/arm-none-eabi/13.3.1/thumb/v7-m/nofp\libc.a(libc_a-__call_atexit.o)
 *(.init_array*)
 .init_array    0x08009e24        0x4 D:/CLion_Tools/arm-none-eabi/13.3 rel1/bin/../lib/gcc/arm-none-eabi/13.3.1/thumb/v7-m/nofp/crtbegin.o
                0x08009e28                        PROVIDE (__init_array_end = .)
                0x08009e28                        . = ALIGN (0x4)

.fini_array     0x08009e28        0x4
                0x08009e28                        . = ALIGN (0x4)
                0x08009e28                        PROVIDE (__fini_array_start = .)
 *(SORT_BY_NAME(.fini_array.*))
 *(.fini_array*)
 .fini_array    0x08009e28        0x4 D:/CLion_Tools/arm-none-eabi/13.3 rel1/bin/../lib/gcc/arm-none-eabi/13.3.1/thumb/v7-m/nofp/crtbegin.o
                0x08009e2c                        PROVIDE (__fini_array_end = .)
                0x08009e2c                        . = ALIGN (0x4)
                0x08009e2c                        _sidata = LOADADDR (.data)

.rel.dyn        0x08009e2c        0x0
 .rel.iplt      0x08009e2c        0x0 D:/CLion_Tools/arm-none-eabi/13.3 rel1/bin/../lib/gcc/arm-none-eabi/13.3.1/thumb/v7-m/nofp/crtbegin.o

.data           0x20000000      0x6e4 load address 0x08009e2c
                0x20000000                        . = ALIGN (0x4)
                0x20000000                        _sdata = .
 *(.data)
 *(.data*)
 .data.ctrl_comm
                0x20000000        0x1 CMakeFiles/myCAR111.elf.dir/Core/Hardware/M_IR/M_IR.c.obj
                0x20000000                ctrl_comm
 .data.Car_Mode
                0x20000001        0x1 CMakeFiles/myCAR111.elf.dir/Core/Src/main.c.obj
                0x20000001                Car_Mode
 *fill*         0x20000002        0x2 
 .data.SystemCoreClock
                0x20000004        0x4 CMakeFiles/myCAR111.elf.dir/Core/Src/system_stm32f1xx.c.obj
                0x20000004                SystemCoreClock
 .data.uwTickFreq
                0x20000008        0x1 CMakeFiles/myCAR111.elf.dir/Drivers/STM32F1xx_HAL_Driver/Src/stm32f1xx_hal.c.obj
                0x20000008                uwTickFreq
 *fill*         0x20000009        0x3 
 .data.uwTickPrio
                0x2000000c        0x4 CMakeFiles/myCAR111.elf.dir/Drivers/STM32F1xx_HAL_Driver/Src/stm32f1xx_hal.c.obj
                0x2000000c                uwTickPrio
 .data.__sglue  0x20000010        0xc D:/CLion_Tools/arm-none-eabi/13.3 rel1/bin/../lib/gcc/arm-none-eabi/13.3.1/thumb/v7-m/nofp\libc.a(libc_a-findfp.o)
                0x20000010                __sglue
 .data._impure_ptr
                0x2000001c        0x4 D:/CLion_Tools/arm-none-eabi/13.3 rel1/bin/../lib/gcc/arm-none-eabi/13.3.1/thumb/v7-m/nofp\libc.a(libc_a-impure.o)
                0x2000001c                _impure_ptr
 .data._impure_data
                0x20000020      0x140 D:/CLion_Tools/arm-none-eabi/13.3 rel1/bin/../lib/gcc/arm-none-eabi/13.3.1/thumb/v7-m/nofp\libc.a(libc_a-impure.o)
                0x20000020                _impure_data
 .data.__atexit_recursive_mutex
                0x20000160        0x4 D:/CLion_Tools/arm-none-eabi/13.3 rel1/bin/../lib/gcc/arm-none-eabi/13.3.1/thumb/v7-m/nofp\libc.a(libc_a-__call_atexit.o)
                0x20000160                __atexit_recursive_mutex
 .data.__malloc_sbrk_base
                0x20000164        0x4 D:/CLion_Tools/arm-none-eabi/13.3 rel1/bin/../lib/gcc/arm-none-eabi/13.3.1/thumb/v7-m/nofp\libc.a(libc_a-mallocr.o)
                0x20000164                __malloc_sbrk_base
 .data.__malloc_trim_threshold
                0x20000168        0x4 D:/CLion_Tools/arm-none-eabi/13.3 rel1/bin/../lib/gcc/arm-none-eabi/13.3.1/thumb/v7-m/nofp\libc.a(libc_a-mallocr.o)
                0x20000168                __malloc_trim_threshold
 *fill*         0x2000016c        0x4 
 .data.__malloc_av_
                0x20000170      0x408 D:/CLion_Tools/arm-none-eabi/13.3 rel1/bin/../lib/gcc/arm-none-eabi/13.3.1/thumb/v7-m/nofp\libc.a(libc_a-mallocr.o)
                0x20000170                __malloc_av_
 .data.__global_locale
                0x20000578      0x16c D:/CLion_Tools/arm-none-eabi/13.3 rel1/bin/../lib/gcc/arm-none-eabi/13.3.1/thumb/v7-m/nofp\libc.a(libc_a-locale.o)
                0x20000578                __global_locale
 *(.RamFunc)
 *(.RamFunc*)
                0x200006e4                        . = ALIGN (0x4)
                0x200006e4                        _edata = .

.tm_clone_table
                0x200006e4        0x0 load address 0x0800a510
 .tm_clone_table
                0x200006e4        0x0 D:/CLion_Tools/arm-none-eabi/13.3 rel1/bin/../lib/gcc/arm-none-eabi/13.3.1/thumb/v7-m/nofp/crtbegin.o
 .tm_clone_table
                0x200006e4        0x0 D:/CLion_Tools/arm-none-eabi/13.3 rel1/bin/../lib/gcc/arm-none-eabi/13.3.1/thumb/v7-m/nofp/crtend.o

.igot.plt       0x200006e4        0x0 load address 0x0800a510
 .igot.plt      0x200006e4        0x0 D:/CLion_Tools/arm-none-eabi/13.3 rel1/bin/../lib/gcc/arm-none-eabi/13.3.1/thumb/v7-m/nofp/crtbegin.o
                0x200006e4                        . = ALIGN (0x4)

.bss            0x200006e4      0x4b4 load address 0x0800a510
                0x200006e4                        _sbss = .
                0x200006e4                        __bss_start__ = _sbss
 *(.bss)
 *(.bss*)
 .bss.completed.1
                0x200006e4        0x1 D:/CLion_Tools/arm-none-eabi/13.3 rel1/bin/../lib/gcc/arm-none-eabi/13.3.1/thumb/v7-m/nofp/crtbegin.o
 *fill*         0x200006e5        0x3 
 .bss.object.0  0x200006e8       0x18 D:/CLion_Tools/arm-none-eabi/13.3 rel1/bin/../lib/gcc/arm-none-eabi/13.3.1/thumb/v7-m/nofp/crtbegin.o
 .bss.IRCOM     0x20000700        0x4 CMakeFiles/myCAR111.elf.dir/Core/Hardware/M_IR/M_IR.c.obj
                0x20000700                IRCOM
 .bss.ir_rec_flag
                0x20000704        0x1 CMakeFiles/myCAR111.elf.dir/Core/Hardware/M_IR/M_IR.c.obj
                0x20000704                ir_rec_flag
 *fill*         0x20000705        0x3 
 .bss.timeout_count
                0x20000708        0x4 CMakeFiles/myCAR111.elf.dir/Core/Hardware/M_MOTOR/M_MOTOR.c.obj
                0x20000708                timeout_count
 .bss.outline_flag
                0x2000070c        0x4 CMakeFiles/myCAR111.elf.dir/Core/Hardware/M_MOTOR/M_MOTOR.c.obj
                0x2000070c                outline_flag
 .bss.ccr_r     0x20000710        0x4 CMakeFiles/myCAR111.elf.dir/Core/Src/main.c.obj
                0x20000710                ccr_r
 .bss.ccr_l     0x20000714        0x4 CMakeFiles/myCAR111.elf.dir/Core/Src/main.c.obj
                0x20000714                ccr_l
 .bss.speed     0x20000718        0x4 CMakeFiles/myCAR111.elf.dir/Core/Src/main.c.obj
                0x20000718                speed
 .bss.count     0x2000071c        0x4 CMakeFiles/myCAR111.elf.dir/Core/Src/main.c.obj
                0x2000071c                count
 .bss.ReceiveData
                0x20000720       0x40 CMakeFiles/myCAR111.elf.dir/Core/Src/main.c.obj
                0x20000720                ReceiveData
 .bss.__sbrk_heap_end
                0x20000760        0x4 CMakeFiles/myCAR111.elf.dir/Core/Src/sysmem.c.obj
 .bss.htim7     0x20000764       0x48 CMakeFiles/myCAR111.elf.dir/Core/Src/tim.c.obj
                0x20000764                htim7
 .bss.htim6     0x200007ac       0x48 CMakeFiles/myCAR111.elf.dir/Core/Src/tim.c.obj
                0x200007ac                htim6
 .bss.hdma_usart1_rx
                0x200007f4       0x44 CMakeFiles/myCAR111.elf.dir/Core/Src/usart.c.obj
                0x200007f4                hdma_usart1_rx
 .bss.huart1    0x20000838       0x48 CMakeFiles/myCAR111.elf.dir/Core/Src/usart.c.obj
                0x20000838                huart1
 .bss.uwTick    0x20000880        0x4 CMakeFiles/myCAR111.elf.dir/Drivers/STM32F1xx_HAL_Driver/Src/stm32f1xx_hal.c.obj
                0x20000880                uwTick
 .bss.__sf      0x20000884      0x138 D:/CLion_Tools/arm-none-eabi/13.3 rel1/bin/../lib/gcc/arm-none-eabi/13.3.1/thumb/v7-m/nofp\libc.a(libc_a-findfp.o)
                0x20000884                __sf
 .bss.__stdio_exit_handler
                0x200009bc        0x4 D:/CLion_Tools/arm-none-eabi/13.3 rel1/bin/../lib/gcc/arm-none-eabi/13.3.1/thumb/v7-m/nofp\libc.a(libc_a-findfp.o)
                0x200009bc                __stdio_exit_handler
 .bss.errno     0x200009c0        0x4 D:/CLion_Tools/arm-none-eabi/13.3 rel1/bin/../lib/gcc/arm-none-eabi/13.3.1/thumb/v7-m/nofp\libc.a(libc_a-reent.o)
                0x200009c0                errno
 .bss.__lock___malloc_recursive_mutex
                0x200009c4        0x1 D:/CLion_Tools/arm-none-eabi/13.3 rel1/bin/../lib/gcc/arm-none-eabi/13.3.1/thumb/v7-m/nofp\libc.a(libc_a-lock.o)
                0x200009c4                __lock___malloc_recursive_mutex
 *fill*         0x200009c5        0x3 
 .bss.__lock___atexit_recursive_mutex
                0x200009c8        0x1 D:/CLion_Tools/arm-none-eabi/13.3 rel1/bin/../lib/gcc/arm-none-eabi/13.3.1/thumb/v7-m/nofp\libc.a(libc_a-lock.o)
                0x200009c8                __lock___atexit_recursive_mutex
 *fill*         0x200009c9        0x3 
 .bss.__lock___sfp_recursive_mutex
                0x200009cc        0x1 D:/CLion_Tools/arm-none-eabi/13.3 rel1/bin/../lib/gcc/arm-none-eabi/13.3.1/thumb/v7-m/nofp\libc.a(libc_a-lock.o)
                0x200009cc                __lock___sfp_recursive_mutex
 *fill*         0x200009cd        0x3 
 .bss.__atexit  0x200009d0        0x4 D:/CLion_Tools/arm-none-eabi/13.3 rel1/bin/../lib/gcc/arm-none-eabi/13.3.1/thumb/v7-m/nofp\libc.a(libc_a-__call_atexit.o)
                0x200009d0                __atexit
 .bss.__malloc_current_mallinfo
                0x200009d4       0x28 D:/CLion_Tools/arm-none-eabi/13.3 rel1/bin/../lib/gcc/arm-none-eabi/13.3.1/thumb/v7-m/nofp\libc.a(libc_a-mallocr.o)
                0x200009d4                __malloc_current_mallinfo
 .bss.__malloc_max_total_mem
                0x200009fc        0x4 D:/CLion_Tools/arm-none-eabi/13.3 rel1/bin/../lib/gcc/arm-none-eabi/13.3.1/thumb/v7-m/nofp\libc.a(libc_a-mallocr.o)
                0x200009fc                __malloc_max_total_mem
 .bss.__malloc_max_sbrked_mem
                0x20000a00        0x4 D:/CLion_Tools/arm-none-eabi/13.3 rel1/bin/../lib/gcc/arm-none-eabi/13.3.1/thumb/v7-m/nofp\libc.a(libc_a-mallocr.o)
                0x20000a00                __malloc_max_sbrked_mem
 .bss.__malloc_top_pad
                0x20000a04        0x4 D:/CLion_Tools/arm-none-eabi/13.3 rel1/bin/../lib/gcc/arm-none-eabi/13.3.1/thumb/v7-m/nofp\libc.a(libc_a-mallocr.o)
                0x20000a04                __malloc_top_pad
 .bss.__atexit0
                0x20000a08      0x190 D:/CLion_Tools/arm-none-eabi/13.3 rel1/bin/../lib/gcc/arm-none-eabi/13.3.1/thumb/v7-m/nofp\libc.a(libc_a-__atexit.o)
                0x20000a08                __atexit0
 *(COMMON)
                0x20000b98                        . = ALIGN (0x4)
                0x20000b98                        _ebss = .
                0x20000b98                        __bss_end__ = _ebss

._user_heap_stack
                0x20000b98      0x600 load address 0x0800a510
                0x20000b98                        . = ALIGN (0x8)
                [!provide]                        PROVIDE (end = .)
                0x20000b98                        PROVIDE (_end = .)
                0x20000d98                        . = (. + _Min_Heap_Size)
 *fill*         0x20000b98      0x200 
                0x20001198                        . = (. + _Min_Stack_Size)
 *fill*         0x20000d98      0x400 
                0x20001198                        . = ALIGN (0x8)

/DISCARD/
 libc.a(*)
 libm.a(*)
 libgcc.a(*)

.ARM.attributes
                0x00000000       0x29
 *(.ARM.attributes)
 .ARM.attributes
                0x00000000       0x1d D:/CLion_Tools/arm-none-eabi/13.3 rel1/bin/../lib/gcc/arm-none-eabi/13.3.1/thumb/v7-m/nofp/crti.o
 .ARM.attributes
                0x0000001d       0x2d D:/CLion_Tools/arm-none-eabi/13.3 rel1/bin/../lib/gcc/arm-none-eabi/13.3.1/thumb/v7-m/nofp/crtbegin.o
 .ARM.attributes
                0x0000004a       0x2d CMakeFiles/myCAR111.elf.dir/Core/Hardware/M_IR/M_IR.c.obj
 .ARM.attributes
                0x00000077       0x2d CMakeFiles/myCAR111.elf.dir/Core/Hardware/M_MOTOR/M_MOTOR.c.obj
 .ARM.attributes
                0x000000a4       0x2d CMakeFiles/myCAR111.elf.dir/Core/Hardware/M_UART/M_UART.c.obj
 .ARM.attributes
                0x000000d1       0x2d CMakeFiles/myCAR111.elf.dir/Core/Src/dma.c.obj
 .ARM.attributes
                0x000000fe       0x2d CMakeFiles/myCAR111.elf.dir/Core/Src/gpio.c.obj
 .ARM.attributes
                0x0000012b       0x2d CMakeFiles/myCAR111.elf.dir/Core/Src/main.c.obj
 .ARM.attributes
                0x00000158       0x2d CMakeFiles/myCAR111.elf.dir/Core/Src/stm32f1xx_hal_msp.c.obj
 .ARM.attributes
                0x00000185       0x2d CMakeFiles/myCAR111.elf.dir/Core/Src/stm32f1xx_it.c.obj
 .ARM.attributes
                0x000001b2       0x2d CMakeFiles/myCAR111.elf.dir/Core/Src/syscalls.c.obj
 .ARM.attributes
                0x000001df       0x2d CMakeFiles/myCAR111.elf.dir/Core/Src/sysmem.c.obj
 .ARM.attributes
                0x0000020c       0x2d CMakeFiles/myCAR111.elf.dir/Core/Src/system_stm32f1xx.c.obj
 .ARM.attributes
                0x00000239       0x2d CMakeFiles/myCAR111.elf.dir/Core/Src/tim.c.obj
 .ARM.attributes
                0x00000266       0x2d CMakeFiles/myCAR111.elf.dir/Core/Src/usart.c.obj
 .ARM.attributes
                0x00000293       0x21 CMakeFiles/myCAR111.elf.dir/Core/Startup/startup_stm32f103zetx.s.obj
 .ARM.attributes
                0x000002b4       0x2d CMakeFiles/myCAR111.elf.dir/Drivers/STM32F1xx_HAL_Driver/Src/stm32f1xx_hal.c.obj
 .ARM.attributes
                0x000002e1       0x2d CMakeFiles/myCAR111.elf.dir/Drivers/STM32F1xx_HAL_Driver/Src/stm32f1xx_hal_cortex.c.obj
 .ARM.attributes
                0x0000030e       0x2d CMakeFiles/myCAR111.elf.dir/Drivers/STM32F1xx_HAL_Driver/Src/stm32f1xx_hal_dma.c.obj
 .ARM.attributes
                0x0000033b       0x2d CMakeFiles/myCAR111.elf.dir/Drivers/STM32F1xx_HAL_Driver/Src/stm32f1xx_hal_gpio.c.obj
 .ARM.attributes
                0x00000368       0x2d CMakeFiles/myCAR111.elf.dir/Drivers/STM32F1xx_HAL_Driver/Src/stm32f1xx_hal_rcc.c.obj
 .ARM.attributes
                0x00000395       0x2d CMakeFiles/myCAR111.elf.dir/Drivers/STM32F1xx_HAL_Driver/Src/stm32f1xx_hal_tim.c.obj
 .ARM.attributes
                0x000003c2       0x2d CMakeFiles/myCAR111.elf.dir/Drivers/STM32F1xx_HAL_Driver/Src/stm32f1xx_hal_tim_ex.c.obj
 .ARM.attributes
                0x000003ef       0x2d CMakeFiles/myCAR111.elf.dir/Drivers/STM32F1xx_HAL_Driver/Src/stm32f1xx_hal_uart.c.obj
 .ARM.attributes
                0x0000041c       0x2d D:/CLion_Tools/arm-none-eabi/13.3 rel1/bin/../lib/gcc/arm-none-eabi/13.3.1/thumb/v7-m/nofp\libc.a(libc_a-atoi.o)
 .ARM.attributes
                0x00000449       0x2d D:/CLion_Tools/arm-none-eabi/13.3 rel1/bin/../lib/gcc/arm-none-eabi/13.3.1/thumb/v7-m/nofp\libc.a(libc_a-strtol.o)
 .ARM.attributes
                0x00000476       0x2d D:/CLion_Tools/arm-none-eabi/13.3 rel1/bin/../lib/gcc/arm-none-eabi/13.3.1/thumb/v7-m/nofp\libc.a(libc_a-ctype_.o)
 .ARM.attributes
                0x000004a3       0x2d D:/CLion_Tools/arm-none-eabi/13.3 rel1/bin/../lib/gcc/arm-none-eabi/13.3.1/thumb/v7-m/nofp\libc.a(libc_a-findfp.o)
 .ARM.attributes
                0x000004d0       0x2d D:/CLion_Tools/arm-none-eabi/13.3 rel1/bin/../lib/gcc/arm-none-eabi/13.3.1/thumb/v7-m/nofp\libc.a(libc_a-fwalk.o)
 .ARM.attributes
                0x000004fd       0x2d D:/CLion_Tools/arm-none-eabi/13.3 rel1/bin/../lib/gcc/arm-none-eabi/13.3.1/thumb/v7-m/nofp\libc.a(libc_a-stdio.o)
 .ARM.attributes
                0x0000052a       0x2d D:/CLion_Tools/arm-none-eabi/13.3 rel1/bin/../lib/gcc/arm-none-eabi/13.3.1/thumb/v7-m/nofp\libc.a(libc_a-vsnprintf.o)
 .ARM.attributes
                0x00000557       0x2d D:/CLion_Tools/arm-none-eabi/13.3 rel1/bin/../lib/gcc/arm-none-eabi/13.3.1/thumb/v7-m/nofp\libc.a(libc_a-memset.o)
 .ARM.attributes
                0x00000584       0x2d D:/CLion_Tools/arm-none-eabi/13.3 rel1/bin/../lib/gcc/arm-none-eabi/13.3.1/thumb/v7-m/nofp\libc.a(libc_a-closer.o)
 .ARM.attributes
                0x000005b1       0x2d D:/CLion_Tools/arm-none-eabi/13.3 rel1/bin/../lib/gcc/arm-none-eabi/13.3.1/thumb/v7-m/nofp\libc.a(libc_a-reent.o)
 .ARM.attributes
                0x000005de       0x2d D:/CLion_Tools/arm-none-eabi/13.3 rel1/bin/../lib/gcc/arm-none-eabi/13.3.1/thumb/v7-m/nofp\libc.a(libc_a-impure.o)
 .ARM.attributes
                0x0000060b       0x2d D:/CLion_Tools/arm-none-eabi/13.3 rel1/bin/../lib/gcc/arm-none-eabi/13.3.1/thumb/v7-m/nofp\libc.a(libc_a-lseekr.o)
 .ARM.attributes
                0x00000638       0x2d D:/CLion_Tools/arm-none-eabi/13.3 rel1/bin/../lib/gcc/arm-none-eabi/13.3.1/thumb/v7-m/nofp\libc.a(libc_a-readr.o)
 .ARM.attributes
                0x00000665       0x2d D:/CLion_Tools/arm-none-eabi/13.3 rel1/bin/../lib/gcc/arm-none-eabi/13.3.1/thumb/v7-m/nofp\libc.a(libc_a-writer.o)
 .ARM.attributes
                0x00000692       0x2d D:/CLion_Tools/arm-none-eabi/13.3 rel1/bin/../lib/gcc/arm-none-eabi/13.3.1/thumb/v7-m/nofp\libc.a(libc_a-errno.o)
 .ARM.attributes
                0x000006bf       0x2d D:/CLion_Tools/arm-none-eabi/13.3 rel1/bin/../lib/gcc/arm-none-eabi/13.3.1/thumb/v7-m/nofp\libc.a(libc_a-init.o)
 .ARM.attributes
                0x000006ec       0x2d D:/CLion_Tools/arm-none-eabi/13.3 rel1/bin/../lib/gcc/arm-none-eabi/13.3.1/thumb/v7-m/nofp\libc.a(libc_a-lock.o)
 .ARM.attributes
                0x00000719       0x2d D:/CLion_Tools/arm-none-eabi/13.3 rel1/bin/../lib/gcc/arm-none-eabi/13.3.1/thumb/v7-m/nofp\libc.a(libc_a-strlen-stub.o)
 .ARM.attributes
                0x00000746       0x2d D:/CLion_Tools/arm-none-eabi/13.3 rel1/bin/../lib/gcc/arm-none-eabi/13.3.1/thumb/v7-m/nofp\libc.a(libc_a-__call_atexit.o)
 .ARM.attributes
                0x00000773       0x2d D:/CLion_Tools/arm-none-eabi/13.3 rel1/bin/../lib/gcc/arm-none-eabi/13.3.1/thumb/v7-m/nofp\libc.a(libc_a-atexit.o)
 .ARM.attributes
                0x000007a0       0x2d D:/CLion_Tools/arm-none-eabi/13.3 rel1/bin/../lib/gcc/arm-none-eabi/13.3.1/thumb/v7-m/nofp\libc.a(libc_a-freer.o)
 .ARM.attributes
                0x000007cd       0x2d D:/CLion_Tools/arm-none-eabi/13.3 rel1/bin/../lib/gcc/arm-none-eabi/13.3.1/thumb/v7-m/nofp\libc.a(libc_a-mallocr.o)
 .ARM.attributes
                0x000007fa       0x2d D:/CLion_Tools/arm-none-eabi/13.3 rel1/bin/../lib/gcc/arm-none-eabi/13.3.1/thumb/v7-m/nofp\libc.a(libc_a-mlock.o)
 .ARM.attributes
                0x00000827       0x2d D:/CLion_Tools/arm-none-eabi/13.3 rel1/bin/../lib/gcc/arm-none-eabi/13.3.1/thumb/v7-m/nofp\libc.a(libc_a-svfprintf.o)
 .ARM.attributes
                0x00000854       0x2d D:/CLion_Tools/arm-none-eabi/13.3 rel1/bin/../lib/gcc/arm-none-eabi/13.3.1/thumb/v7-m/nofp\libc.a(libc_a-ssprint_r.o)
 .ARM.attributes
                0x00000881       0x2d D:/CLion_Tools/arm-none-eabi/13.3 rel1/bin/../lib/gcc/arm-none-eabi/13.3.1/thumb/v7-m/nofp\libc.a(libc_a-fclose.o)
 .ARM.attributes
                0x000008ae       0x2d D:/CLion_Tools/arm-none-eabi/13.3 rel1/bin/../lib/gcc/arm-none-eabi/13.3.1/thumb/v7-m/nofp\libc.a(libc_a-fflush.o)
 .ARM.attributes
                0x000008db       0x2d D:/CLion_Tools/arm-none-eabi/13.3 rel1/bin/../lib/gcc/arm-none-eabi/13.3.1/thumb/v7-m/nofp\libc.a(libc_a-strncpy.o)
 .ARM.attributes
                0x00000908       0x2d D:/CLion_Tools/arm-none-eabi/13.3 rel1/bin/../lib/gcc/arm-none-eabi/13.3.1/thumb/v7-m/nofp\libc.a(libc_a-locale.o)
 .ARM.attributes
                0x00000935       0x2d D:/CLion_Tools/arm-none-eabi/13.3 rel1/bin/../lib/gcc/arm-none-eabi/13.3.1/thumb/v7-m/nofp\libc.a(libc_a-localeconv.o)
 .ARM.attributes
                0x00000962       0x2d D:/CLion_Tools/arm-none-eabi/13.3 rel1/bin/../lib/gcc/arm-none-eabi/13.3.1/thumb/v7-m/nofp\libc.a(libc_a-sbrkr.o)
 .ARM.attributes
                0x0000098f       0x2d D:/CLion_Tools/arm-none-eabi/13.3 rel1/bin/../lib/gcc/arm-none-eabi/13.3.1/thumb/v7-m/nofp\libc.a(libc_a-fini.o)
 .ARM.attributes
                0x000009bc       0x2d D:/CLion_Tools/arm-none-eabi/13.3 rel1/bin/../lib/gcc/arm-none-eabi/13.3.1/thumb/v7-m/nofp\libc.a(libc_a-sysconf.o)
 .ARM.attributes
                0x000009e9       0x2d D:/CLion_Tools/arm-none-eabi/13.3 rel1/bin/../lib/gcc/arm-none-eabi/13.3.1/thumb/v7-m/nofp\libc.a(libc_a-memchr-stub.o)
 .ARM.attributes
                0x00000a16       0x2d D:/CLion_Tools/arm-none-eabi/13.3 rel1/bin/../lib/gcc/arm-none-eabi/13.3.1/thumb/v7-m/nofp\libc.a(libm_a-s_frexp.o)
 .ARM.attributes
                0x00000a43       0x2d D:/CLion_Tools/arm-none-eabi/13.3 rel1/bin/../lib/gcc/arm-none-eabi/13.3.1/thumb/v7-m/nofp\libc.a(libc_a-__atexit.o)
 .ARM.attributes
                0x00000a70       0x2d D:/CLion_Tools/arm-none-eabi/13.3 rel1/bin/../lib/gcc/arm-none-eabi/13.3.1/thumb/v7-m/nofp\libc.a(libc_a-dtoa.o)
 .ARM.attributes
                0x00000a9d       0x2d D:/CLion_Tools/arm-none-eabi/13.3 rel1/bin/../lib/gcc/arm-none-eabi/13.3.1/thumb/v7-m/nofp\libc.a(libc_a-mbtowc_r.o)
 .ARM.attributes
                0x00000aca       0x2d D:/CLion_Tools/arm-none-eabi/13.3 rel1/bin/../lib/gcc/arm-none-eabi/13.3.1/thumb/v7-m/nofp\libc.a(libc_a-mprec.o)
 .ARM.attributes
                0x00000af7       0x2d D:/CLion_Tools/arm-none-eabi/13.3 rel1/bin/../lib/gcc/arm-none-eabi/13.3.1/thumb/v7-m/nofp\libc.a(libc_a-wctomb_r.o)
 .ARM.attributes
                0x00000b24       0x2d D:/CLion_Tools/arm-none-eabi/13.3 rel1/bin/../lib/gcc/arm-none-eabi/13.3.1/thumb/v7-m/nofp\libc.a(libc_a-wcrtomb.o)
 .ARM.attributes
                0x00000b51       0x2d D:/CLion_Tools/arm-none-eabi/13.3 rel1/bin/../lib/gcc/arm-none-eabi/13.3.1/thumb/v7-m/nofp\libc.a(libc_a-wcsrtombs.o)
 .ARM.attributes
                0x00000b7e       0x2d D:/CLion_Tools/arm-none-eabi/13.3 rel1/bin/../lib/gcc/arm-none-eabi/13.3.1/thumb/v7-m/nofp\libc.a(libc_a-ssputs_r.o)
 .ARM.attributes
                0x00000bab       0x2d D:/CLion_Tools/arm-none-eabi/13.3 rel1/bin/../lib/gcc/arm-none-eabi/13.3.1/thumb/v7-m/nofp\libc.a(libc_a-memmove.o)
 .ARM.attributes
                0x00000bd8       0x1b D:/CLion_Tools/arm-none-eabi/13.3 rel1/bin/../lib/gcc/arm-none-eabi/13.3.1/thumb/v7-m/nofp\libc.a(libc_a-memcpy.o)
 .ARM.attributes
                0x00000bf3       0x2d D:/CLion_Tools/arm-none-eabi/13.3 rel1/bin/../lib/gcc/arm-none-eabi/13.3.1/thumb/v7-m/nofp\libc.a(libc_a-assert.o)
 .ARM.attributes
                0x00000c20       0x2d D:/CLion_Tools/arm-none-eabi/13.3 rel1/bin/../lib/gcc/arm-none-eabi/13.3.1/thumb/v7-m/nofp\libc.a(libc_a-callocr.o)
 .ARM.attributes
                0x00000c4d       0x2d D:/CLion_Tools/arm-none-eabi/13.3 rel1/bin/../lib/gcc/arm-none-eabi/13.3.1/thumb/v7-m/nofp\libc.a(libc_a-reallocr.o)
 .ARM.attributes
                0x00000c7a       0x2d D:/CLion_Tools/arm-none-eabi/13.3 rel1/bin/../lib/gcc/arm-none-eabi/13.3.1/thumb/v7-m/nofp\libc.a(libc_a-wcsnrtombs.o)
 .ARM.attributes
                0x00000ca7       0x2d D:/CLion_Tools/arm-none-eabi/13.3 rel1/bin/../lib/gcc/arm-none-eabi/13.3.1/thumb/v7-m/nofp\libc.a(libc_a-fiprintf.o)
 .ARM.attributes
                0x00000cd4       0x2d D:/CLion_Tools/arm-none-eabi/13.3 rel1/bin/../lib/gcc/arm-none-eabi/13.3.1/thumb/v7-m/nofp\libc.a(libc_a-vfiprintf.o)
 .ARM.attributes
                0x00000d01       0x2d D:/CLion_Tools/arm-none-eabi/13.3 rel1/bin/../lib/gcc/arm-none-eabi/13.3.1/thumb/v7-m/nofp\libc.a(libc_a-sprint_r.o)
 .ARM.attributes
                0x00000d2e       0x2d D:/CLion_Tools/arm-none-eabi/13.3 rel1/bin/../lib/gcc/arm-none-eabi/13.3.1/thumb/v7-m/nofp\libc.a(libc_a-fvwrite.o)
 .ARM.attributes
                0x00000d5b       0x2d D:/CLion_Tools/arm-none-eabi/13.3 rel1/bin/../lib/gcc/arm-none-eabi/13.3.1/thumb/v7-m/nofp\libc.a(libc_a-wsetup.o)
 .ARM.attributes
                0x00000d88       0x2d D:/CLion_Tools/arm-none-eabi/13.3 rel1/bin/../lib/gcc/arm-none-eabi/13.3.1/thumb/v7-m/nofp\libc.a(libc_a-abort.o)
 .ARM.attributes
                0x00000db5       0x2d D:/CLion_Tools/arm-none-eabi/13.3 rel1/bin/../lib/gcc/arm-none-eabi/13.3.1/thumb/v7-m/nofp\libc.a(libc_a-makebuf.o)
 .ARM.attributes
                0x00000de2       0x2d D:/CLion_Tools/arm-none-eabi/13.3 rel1/bin/../lib/gcc/arm-none-eabi/13.3.1/thumb/v7-m/nofp\libc.a(libc_a-signal.o)
 .ARM.attributes
                0x00000e0f       0x2d D:/CLion_Tools/arm-none-eabi/13.3 rel1/bin/../lib/gcc/arm-none-eabi/13.3.1/thumb/v7-m/nofp\libc.a(libc_a-fstatr.o)
 .ARM.attributes
                0x00000e3c       0x2d D:/CLion_Tools/arm-none-eabi/13.3 rel1/bin/../lib/gcc/arm-none-eabi/13.3.1/thumb/v7-m/nofp\libc.a(libc_a-isattyr.o)
 .ARM.attributes
                0x00000e69       0x2d D:/CLion_Tools/arm-none-eabi/13.3 rel1/bin/../lib/gcc/arm-none-eabi/13.3.1/thumb/v7-m/nofp\libc.a(libc_a-signalr.o)
 .ARM.attributes
                0x00000e96       0x1d D:/CLion_Tools/arm-none-eabi/13.3 rel1/bin/../lib/gcc/arm-none-eabi/13.3.1/thumb/v7-m/nofp\libgcc.a(_arm_addsubdf3.o)
 .ARM.attributes
                0x00000eb3       0x1d D:/CLion_Tools/arm-none-eabi/13.3 rel1/bin/../lib/gcc/arm-none-eabi/13.3.1/thumb/v7-m/nofp\libgcc.a(_arm_muldivdf3.o)
 .ARM.attributes
                0x00000ed0       0x1d D:/CLion_Tools/arm-none-eabi/13.3 rel1/bin/../lib/gcc/arm-none-eabi/13.3.1/thumb/v7-m/nofp\libgcc.a(_arm_cmpdf2.o)
 .ARM.attributes
                0x00000eed       0x1d D:/CLion_Tools/arm-none-eabi/13.3 rel1/bin/../lib/gcc/arm-none-eabi/13.3.1/thumb/v7-m/nofp\libgcc.a(_arm_unorddf2.o)
 .ARM.attributes
                0x00000f0a       0x1d D:/CLion_Tools/arm-none-eabi/13.3 rel1/bin/../lib/gcc/arm-none-eabi/13.3.1/thumb/v7-m/nofp\libgcc.a(_arm_fixdfsi.o)
 .ARM.attributes
                0x00000f27       0x2d D:/CLion_Tools/arm-none-eabi/13.3 rel1/bin/../lib/gcc/arm-none-eabi/13.3.1/thumb/v7-m/nofp/crtend.o
 .ARM.attributes
                0x00000f54       0x1d D:/CLion_Tools/arm-none-eabi/13.3 rel1/bin/../lib/gcc/arm-none-eabi/13.3.1/thumb/v7-m/nofp/crtn.o
OUTPUT(myCAR111.elf elf32-littlearm)
LOAD linker stubs
LOAD D:/CLion_Tools/arm-none-eabi/13.3 rel1/bin/../lib/gcc/arm-none-eabi/13.3.1/thumb/v7-m/nofp\libc.a
LOAD D:/CLion_Tools/arm-none-eabi/13.3 rel1/bin/../lib/gcc/arm-none-eabi/13.3.1/thumb/v7-m/nofp\libm.a
LOAD D:/CLion_Tools/arm-none-eabi/13.3 rel1/bin/../lib/gcc/arm-none-eabi/13.3.1/thumb/v7-m/nofp\libgcc.a

.debug_info     0x00000000    0x1295f
 .debug_info    0x00000000      0x9a0 CMakeFiles/myCAR111.elf.dir/Core/Hardware/M_IR/M_IR.c.obj
 .debug_info    0x000009a0      0xe5a CMakeFiles/myCAR111.elf.dir/Core/Hardware/M_MOTOR/M_MOTOR.c.obj
 .debug_info    0x000017fa      0x7de CMakeFiles/myCAR111.elf.dir/Core/Hardware/M_UART/M_UART.c.obj
 .debug_info    0x00001fd8      0x368 CMakeFiles/myCAR111.elf.dir/Core/Src/dma.c.obj
 .debug_info    0x00002340      0x603 CMakeFiles/myCAR111.elf.dir/Core/Src/gpio.c.obj
 .debug_info    0x00002943      0xf96 CMakeFiles/myCAR111.elf.dir/Core/Src/main.c.obj
 .debug_info    0x000038d9      0x1fb CMakeFiles/myCAR111.elf.dir/Core/Src/stm32f1xx_hal_msp.c.obj
 .debug_info    0x00003ad4      0xa18 CMakeFiles/myCAR111.elf.dir/Core/Src/stm32f1xx_it.c.obj
 .debug_info    0x000044ec      0x789 CMakeFiles/myCAR111.elf.dir/Core/Src/syscalls.c.obj
 .debug_info    0x00004c75      0x171 CMakeFiles/myCAR111.elf.dir/Core/Src/sysmem.c.obj
 .debug_info    0x00004de6      0x22d CMakeFiles/myCAR111.elf.dir/Core/Src/system_stm32f1xx.c.obj
 .debug_info    0x00005013      0xb1a CMakeFiles/myCAR111.elf.dir/Core/Src/tim.c.obj
 .debug_info    0x00005b2d      0xabe CMakeFiles/myCAR111.elf.dir/Core/Src/usart.c.obj
 .debug_info    0x000065eb       0x30 CMakeFiles/myCAR111.elf.dir/Core/Startup/startup_stm32f103zetx.s.obj
 .debug_info    0x0000661b      0x808 CMakeFiles/myCAR111.elf.dir/Drivers/STM32F1xx_HAL_Driver/Src/stm32f1xx_hal.c.obj
 .debug_info    0x00006e23      0xd3f CMakeFiles/myCAR111.elf.dir/Drivers/STM32F1xx_HAL_Driver/Src/stm32f1xx_hal_cortex.c.obj
 .debug_info    0x00007b62      0x7f2 CMakeFiles/myCAR111.elf.dir/Drivers/STM32F1xx_HAL_Driver/Src/stm32f1xx_hal_dma.c.obj
 .debug_info    0x00008354      0x604 CMakeFiles/myCAR111.elf.dir/Drivers/STM32F1xx_HAL_Driver/Src/stm32f1xx_hal_gpio.c.obj
 .debug_info    0x00008958      0x9c7 CMakeFiles/myCAR111.elf.dir/Drivers/STM32F1xx_HAL_Driver/Src/stm32f1xx_hal_rcc.c.obj
 .debug_info    0x0000931f     0x3c0f CMakeFiles/myCAR111.elf.dir/Drivers/STM32F1xx_HAL_Driver/Src/stm32f1xx_hal_tim.c.obj
 .debug_info    0x0000cf2e     0x1aac CMakeFiles/myCAR111.elf.dir/Drivers/STM32F1xx_HAL_Driver/Src/stm32f1xx_hal_tim_ex.c.obj
 .debug_info    0x0000e9da     0x3f85 CMakeFiles/myCAR111.elf.dir/Drivers/STM32F1xx_HAL_Driver/Src/stm32f1xx_hal_uart.c.obj

.debug_abbrev   0x00000000     0x2b99
 .debug_abbrev  0x00000000      0x242 CMakeFiles/myCAR111.elf.dir/Core/Hardware/M_IR/M_IR.c.obj
 .debug_abbrev  0x00000242      0x239 CMakeFiles/myCAR111.elf.dir/Core/Hardware/M_MOTOR/M_MOTOR.c.obj
 .debug_abbrev  0x0000047b      0x22a CMakeFiles/myCAR111.elf.dir/Core/Hardware/M_UART/M_UART.c.obj
 .debug_abbrev  0x000006a5      0x119 CMakeFiles/myCAR111.elf.dir/Core/Src/dma.c.obj
 .debug_abbrev  0x000007be      0x173 CMakeFiles/myCAR111.elf.dir/Core/Src/gpio.c.obj
 .debug_abbrev  0x00000931      0x2a4 CMakeFiles/myCAR111.elf.dir/Core/Src/main.c.obj
 .debug_abbrev  0x00000bd5       0xed CMakeFiles/myCAR111.elf.dir/Core/Src/stm32f1xx_hal_msp.c.obj
 .debug_abbrev  0x00000cc2      0x1e6 CMakeFiles/myCAR111.elf.dir/Core/Src/stm32f1xx_it.c.obj
 .debug_abbrev  0x00000ea8      0x1c1 CMakeFiles/myCAR111.elf.dir/Core/Src/syscalls.c.obj
 .debug_abbrev  0x00001069       0xea CMakeFiles/myCAR111.elf.dir/Core/Src/sysmem.c.obj
 .debug_abbrev  0x00001153      0x143 CMakeFiles/myCAR111.elf.dir/Core/Src/system_stm32f1xx.c.obj
 .debug_abbrev  0x00001296      0x239 CMakeFiles/myCAR111.elf.dir/Core/Src/tim.c.obj
 .debug_abbrev  0x000014cf      0x237 CMakeFiles/myCAR111.elf.dir/Core/Src/usart.c.obj
 .debug_abbrev  0x00001706       0x24 CMakeFiles/myCAR111.elf.dir/Core/Startup/startup_stm32f103zetx.s.obj
 .debug_abbrev  0x0000172a      0x22d CMakeFiles/myCAR111.elf.dir/Drivers/STM32F1xx_HAL_Driver/Src/stm32f1xx_hal.c.obj
 .debug_abbrev  0x00001957      0x36d CMakeFiles/myCAR111.elf.dir/Drivers/STM32F1xx_HAL_Driver/Src/stm32f1xx_hal_cortex.c.obj
 .debug_abbrev  0x00001cc4      0x244 CMakeFiles/myCAR111.elf.dir/Drivers/STM32F1xx_HAL_Driver/Src/stm32f1xx_hal_dma.c.obj
 .debug_abbrev  0x00001f08      0x1f7 CMakeFiles/myCAR111.elf.dir/Drivers/STM32F1xx_HAL_Driver/Src/stm32f1xx_hal_gpio.c.obj
 .debug_abbrev  0x000020ff      0x2a0 CMakeFiles/myCAR111.elf.dir/Drivers/STM32F1xx_HAL_Driver/Src/stm32f1xx_hal_rcc.c.obj
 .debug_abbrev  0x0000239f      0x270 CMakeFiles/myCAR111.elf.dir/Drivers/STM32F1xx_HAL_Driver/Src/stm32f1xx_hal_tim.c.obj
 .debug_abbrev  0x0000260f      0x26e CMakeFiles/myCAR111.elf.dir/Drivers/STM32F1xx_HAL_Driver/Src/stm32f1xx_hal_tim_ex.c.obj
 .debug_abbrev  0x0000287d      0x31c CMakeFiles/myCAR111.elf.dir/Drivers/STM32F1xx_HAL_Driver/Src/stm32f1xx_hal_uart.c.obj

.debug_loclists
                0x00000000     0x9268
 .debug_loclists
                0x00000000      0x115 CMakeFiles/myCAR111.elf.dir/Core/Hardware/M_IR/M_IR.c.obj
 .debug_loclists
                0x00000115      0x12e CMakeFiles/myCAR111.elf.dir/Core/Hardware/M_MOTOR/M_MOTOR.c.obj
 .debug_loclists
                0x00000243       0x5a CMakeFiles/myCAR111.elf.dir/Core/Hardware/M_UART/M_UART.c.obj
 .debug_loclists
                0x0000029d       0x34 CMakeFiles/myCAR111.elf.dir/Core/Src/main.c.obj
 .debug_loclists
                0x000002d1       0x17 CMakeFiles/myCAR111.elf.dir/Core/Src/stm32f1xx_hal_msp.c.obj
 .debug_loclists
                0x000002e8      0x2cd CMakeFiles/myCAR111.elf.dir/Core/Src/syscalls.c.obj
 .debug_loclists
                0x000005b5       0x52 CMakeFiles/myCAR111.elf.dir/Core/Src/sysmem.c.obj
 .debug_loclists
                0x00000607       0xb7 CMakeFiles/myCAR111.elf.dir/Core/Src/system_stm32f1xx.c.obj
 .debug_loclists
                0x000006be       0xa2 CMakeFiles/myCAR111.elf.dir/Core/Src/tim.c.obj
 .debug_loclists
                0x00000760       0x5c CMakeFiles/myCAR111.elf.dir/Core/Src/usart.c.obj
 .debug_loclists
                0x000007bc       0xe1 CMakeFiles/myCAR111.elf.dir/Drivers/STM32F1xx_HAL_Driver/Src/stm32f1xx_hal.c.obj
 .debug_loclists
                0x0000089d      0x530 CMakeFiles/myCAR111.elf.dir/Drivers/STM32F1xx_HAL_Driver/Src/stm32f1xx_hal_cortex.c.obj
 .debug_loclists
                0x00000dcd      0x577 CMakeFiles/myCAR111.elf.dir/Drivers/STM32F1xx_HAL_Driver/Src/stm32f1xx_hal_dma.c.obj
 .debug_loclists
                0x00001344      0x31c CMakeFiles/myCAR111.elf.dir/Drivers/STM32F1xx_HAL_Driver/Src/stm32f1xx_hal_gpio.c.obj
 .debug_loclists
                0x00001660      0x42e CMakeFiles/myCAR111.elf.dir/Drivers/STM32F1xx_HAL_Driver/Src/stm32f1xx_hal_rcc.c.obj
 .debug_loclists
                0x00001a8e     0x378b CMakeFiles/myCAR111.elf.dir/Drivers/STM32F1xx_HAL_Driver/Src/stm32f1xx_hal_tim.c.obj
 .debug_loclists
                0x00005219     0x13c9 CMakeFiles/myCAR111.elf.dir/Drivers/STM32F1xx_HAL_Driver/Src/stm32f1xx_hal_tim_ex.c.obj
 .debug_loclists
                0x000065e2     0x2c86 CMakeFiles/myCAR111.elf.dir/Drivers/STM32F1xx_HAL_Driver/Src/stm32f1xx_hal_uart.c.obj

.debug_aranges  0x00000000      0xd88
 .debug_aranges
                0x00000000       0x38 CMakeFiles/myCAR111.elf.dir/Core/Hardware/M_IR/M_IR.c.obj
 .debug_aranges
                0x00000038       0x40 CMakeFiles/myCAR111.elf.dir/Core/Hardware/M_MOTOR/M_MOTOR.c.obj
 .debug_aranges
                0x00000078       0x28 CMakeFiles/myCAR111.elf.dir/Core/Hardware/M_UART/M_UART.c.obj
 .debug_aranges
                0x000000a0       0x20 CMakeFiles/myCAR111.elf.dir/Core/Src/dma.c.obj
 .debug_aranges
                0x000000c0       0x20 CMakeFiles/myCAR111.elf.dir/Core/Src/gpio.c.obj
 .debug_aranges
                0x000000e0       0x38 CMakeFiles/myCAR111.elf.dir/Core/Src/main.c.obj
 .debug_aranges
                0x00000118       0x20 CMakeFiles/myCAR111.elf.dir/Core/Src/stm32f1xx_hal_msp.c.obj
 .debug_aranges
                0x00000138       0x88 CMakeFiles/myCAR111.elf.dir/Core/Src/stm32f1xx_it.c.obj
 .debug_aranges
                0x000001c0       0xa8 CMakeFiles/myCAR111.elf.dir/Core/Src/syscalls.c.obj
 .debug_aranges
                0x00000268       0x20 CMakeFiles/myCAR111.elf.dir/Core/Src/sysmem.c.obj
 .debug_aranges
                0x00000288       0x28 CMakeFiles/myCAR111.elf.dir/Core/Src/system_stm32f1xx.c.obj
 .debug_aranges
                0x000002b0       0x38 CMakeFiles/myCAR111.elf.dir/Core/Src/tim.c.obj
 .debug_aranges
                0x000002e8       0x30 CMakeFiles/myCAR111.elf.dir/Core/Src/usart.c.obj
 .debug_aranges
                0x00000318       0x28 CMakeFiles/myCAR111.elf.dir/Core/Startup/startup_stm32f103zetx.s.obj
 .debug_aranges
                0x00000340       0xe0 CMakeFiles/myCAR111.elf.dir/Drivers/STM32F1xx_HAL_Driver/Src/stm32f1xx_hal.c.obj
 .debug_aranges
                0x00000420       0xc0 CMakeFiles/myCAR111.elf.dir/Drivers/STM32F1xx_HAL_Driver/Src/stm32f1xx_hal_cortex.c.obj
 .debug_aranges
                0x000004e0       0x80 CMakeFiles/myCAR111.elf.dir/Drivers/STM32F1xx_HAL_Driver/Src/stm32f1xx_hal_dma.c.obj
 .debug_aranges
                0x00000560       0x58 CMakeFiles/myCAR111.elf.dir/Drivers/STM32F1xx_HAL_Driver/Src/stm32f1xx_hal_gpio.c.obj
 .debug_aranges
                0x000005b8       0x90 CMakeFiles/myCAR111.elf.dir/Drivers/STM32F1xx_HAL_Driver/Src/stm32f1xx_hal_rcc.c.obj
 .debug_aranges
                0x00000648      0x3d0 CMakeFiles/myCAR111.elf.dir/Drivers/STM32F1xx_HAL_Driver/Src/stm32f1xx_hal_tim.c.obj
 .debug_aranges
                0x00000a18      0x168 CMakeFiles/myCAR111.elf.dir/Drivers/STM32F1xx_HAL_Driver/Src/stm32f1xx_hal_tim_ex.c.obj
 .debug_aranges
                0x00000b80      0x208 CMakeFiles/myCAR111.elf.dir/Drivers/STM32F1xx_HAL_Driver/Src/stm32f1xx_hal_uart.c.obj

.debug_rnglists
                0x00000000      0xa39
 .debug_rnglists
                0x00000000       0x26 CMakeFiles/myCAR111.elf.dir/Core/Hardware/M_IR/M_IR.c.obj
 .debug_rnglists
                0x00000026       0x2e CMakeFiles/myCAR111.elf.dir/Core/Hardware/M_MOTOR/M_MOTOR.c.obj
 .debug_rnglists
                0x00000054       0x19 CMakeFiles/myCAR111.elf.dir/Core/Hardware/M_UART/M_UART.c.obj
 .debug_rnglists
                0x0000006d       0x13 CMakeFiles/myCAR111.elf.dir/Core/Src/dma.c.obj
 .debug_rnglists
                0x00000080       0x14 CMakeFiles/myCAR111.elf.dir/Core/Src/gpio.c.obj
 .debug_rnglists
                0x00000094       0x27 CMakeFiles/myCAR111.elf.dir/Core/Src/main.c.obj
 .debug_rnglists
                0x000000bb       0x13 CMakeFiles/myCAR111.elf.dir/Core/Src/stm32f1xx_hal_msp.c.obj
 .debug_rnglists
                0x000000ce       0x61 CMakeFiles/myCAR111.elf.dir/Core/Src/stm32f1xx_it.c.obj
 .debug_rnglists
                0x0000012f       0x79 CMakeFiles/myCAR111.elf.dir/Core/Src/syscalls.c.obj
 .debug_rnglists
                0x000001a8       0x13 CMakeFiles/myCAR111.elf.dir/Core/Src/sysmem.c.obj
 .debug_rnglists
                0x000001bb       0x1a CMakeFiles/myCAR111.elf.dir/Core/Src/system_stm32f1xx.c.obj
 .debug_rnglists
                0x000001d5       0x25 CMakeFiles/myCAR111.elf.dir/Core/Src/tim.c.obj
 .debug_rnglists
                0x000001fa       0x20 CMakeFiles/myCAR111.elf.dir/Core/Src/usart.c.obj
 .debug_rnglists
                0x0000021a       0x19 CMakeFiles/myCAR111.elf.dir/Core/Startup/startup_stm32f103zetx.s.obj
 .debug_rnglists
                0x00000233       0xa3 CMakeFiles/myCAR111.elf.dir/Drivers/STM32F1xx_HAL_Driver/Src/stm32f1xx_hal.c.obj
 .debug_rnglists